[0.068s] Invoking command in '/home/ironie/HornetXII_sims/build/auv_sims': CMAKE_PREFIX_PATH=${CMAKE_PREFIX_PATH}:/home/ironie/assignment3/install/assignment3:/opt/ros/jazzy DEBUGINFOD_URLS=https://debuginfod.ubuntu.com /usr/bin/cmake /home/ironie/HornetXII_sims/src/auv_sims -DAMENT_CMAKE_SYMLINK_INSTALL=1 -DCMAKE_INSTALL_PREFIX=/home/ironie/HornetXII_sims/install/auv_sims
[0.451s] -- The C compiler identification is GNU 13.3.0
[1.299s] -- The CXX compiler identification is GNU 13.3.0
[1.980s] -- Detecting C compiler ABI info
[2.268s] -- Detecting C compiler ABI info - done
[2.279s] -- Check for working C compiler: /usr/bin/cc - skipped
[2.279s] -- Detecting C compile features
[2.280s] -- Detecting C compile features - done
[2.420s] -- Detecting CXX compiler ABI info
[2.820s] -- Detecting CXX compiler ABI info - done
[2.834s] -- Check for working CXX compiler: /usr/bin/c++ - skipped
[2.835s] -- Detecting CXX compile features
[2.835s] -- Detecting CXX compile features - done
[2.857s] -- Found ament_cmake: 2.5.6 (/opt/ros/jazzy/share/ament_cmake/cmake)
[3.168s] -- Found Python3: /usr/bin/python3 (found version "3.12.3") found components: Interpreter 
[3.323s] -- Override CMake install command with custom implementation using symlinks instead of copying resources
[3.427s] -- Found gz_ros2_control: 1.2.20 (/opt/ros/jazzy/share/gz_ros2_control/cmake)
[3.800s] -- Found rosidl_generator_c: 4.6.9 (/opt/ros/jazzy/share/rosidl_generator_c/cmake)
[3.836s] -- Found rosidl_generator_cpp: 4.6.9 (/opt/ros/jazzy/share/rosidl_generator_cpp/cmake)
[3.889s] -- Using all available rosidl_typesupport_c: rosidl_typesupport_fastrtps_c;rosidl_typesupport_introspection_c
[3.937s] -- Using all available rosidl_typesupport_cpp: rosidl_typesupport_fastrtps_cpp;rosidl_typesupport_introspection_cpp
[4.110s] -- Found rmw_implementation_cmake: 7.3.3 (/opt/ros/jazzy/share/rmw_implementation_cmake/cmake)
[4.120s] -- Found rmw_fastrtps_cpp: 8.4.4 (/opt/ros/jazzy/share/rmw_fastrtps_cpp/cmake)
[4.303s] -- Found OpenSSL: /usr/lib/x86_64-linux-gnu/libcrypto.so (found version "3.0.13")  
[4.550s] -- Found FastRTPS: /opt/ros/jazzy/include (Required is at least version "2.13") 
[4.729s] -- Using RMW implementation 'rmw_fastrtps_cpp' as default
[5.036s] [0mCMake Deprecation Warning at /opt/ros/jazzy/share/tl_expected/cmake/tl_expectedConfig.cmake:37 (message):
[5.036s]   Package 'tl_expected' is deprecated (This package will be removed in ROS 2
[5.036s]   Lyrical Luth.
[5.036s] 
[5.037s]         Use tl/expected.hpp from libexpected-dev,
[5.037s]         or rcpputils/tl_expected/expected.hpp if the system header is not available)
[5.037s] Call Stack (most recent call first):
[5.037s]   /opt/ros/jazzy/share/parameter_traits/cmake/ament_cmake_export_dependencies-extras.cmake:21 (find_package)
[5.037s]   /opt/ros/jazzy/share/parameter_traits/cmake/parameter_traitsConfig.cmake:41 (include)
[5.037s]   /opt/ros/jazzy/share/controller_manager/cmake/ament_cmake_export_dependencies-extras.cmake:21 (find_package)
[5.037s]   /opt/ros/jazzy/share/controller_manager/cmake/controller_managerConfig.cmake:41 (include)
[5.038s]   /opt/ros/jazzy/share/gz_ros2_control/cmake/ament_cmake_export_dependencies-extras.cmake:21 (find_package)
[5.038s]   /opt/ros/jazzy/share/gz_ros2_control/cmake/gz_ros2_controlConfig.cmake:41 (include)
[5.038s]   CMakeLists.txt:14 (find_package)
[5.038s] 
[5.038s] [0m
[5.419s] -- Found Boost: /usr/lib/x86_64-linux-gnu/cmake/Boost-1.83.0/BoostConfig.cmake (found version "1.83.0")  
[5.888s] -- Found gz_sim_vendor: 0.0.13 (/opt/ros/jazzy/share/gz_sim_vendor/cmake)
[6.035s] -- Looking for gz-sim8 -- found version 8.15.0
[6.054s] -- Searching for dependencies of gz-sim8
[6.058s] -- Looking for sdformat14 -- found version 14.9.0
[6.058s] -- Searching for dependencies of sdformat14
[6.064s] -- Checking for module 'tinyxml2'
[6.087s] --   Found tinyxml2, version 10.0.0
[6.136s] -- Looking for gz-math7 -- found version 7.7.0
[6.136s] -- Searching for dependencies of gz-math7
[6.140s] -- Looking for gz-utils2 -- found version 2.2.1
[6.140s] -- Searching for dependencies of gz-utils2
[6.144s] -- Looking for gz-utils2 -- found version 2.2.1
[6.144s] -- Searching for dependencies of gz-utils2
[6.144s] -- Searching for <gz-utils2> component [cli]
[6.148s] -- Looking for gz-utils2-cli -- found version 2.2.1
[6.148s] -- Searching for dependencies of gz-utils2-cli
[6.154s] -- Looking for gz-plugin2 -- found version 2.0.4
[6.154s] -- Searching for dependencies of gz-plugin2
[6.154s] -- Looking for gz-utils2 -- found version 2.2.1
[6.156s] -- Searching for <gz-plugin2> component [loader]
[6.159s] -- Looking for gz-plugin2-loader -- found version 2.0.4
[6.159s] -- Searching for dependencies of gz-plugin2-loader
[6.160s] -- Searching for <gz-plugin2> component [register]
[6.163s] -- Looking for gz-plugin2-register -- found version 2.0.4
[6.164s] -- Searching for dependencies of gz-plugin2-register
[6.169s] -- Looking for gz-transport13 -- found version 13.6.0
[6.169s] -- Searching for dependencies of gz-transport13
[7.157s] -- Found Protobuf: /usr/lib/x86_64-linux-gnu/libprotobuf.so (found version "3.21.12") 
[7.809s] -- Config-file not installed for ZeroMQ -- checking for pkg-config
[7.814s] -- Checking for module 'libzmq >= 4'
[7.831s] --   Found libzmq, version 4.3.5
[7.881s] -- Found ZeroMQ: TRUE (Required is at least version "4") 
[7.919s] -- Checking for module 'uuid'
[7.937s] --   Found uuid, version 2.39.3
[7.974s] -- Found UUID: TRUE  
[7.975s] -- Looking for gz-utils2 -- found version 2.2.1
[7.979s] -- Looking for gz-msgs10 -- found version 10.4.0
[7.979s] -- Searching for dependencies of gz-msgs10
[9.007s] -- Looking for gz-utils2 -- found version 2.2.1
[9.007s] -- Looking for gz-math7 -- found version 7.7.0
[9.019s] -- Searching for <gz-transport13> component [log]
[9.022s] -- Looking for gz-transport13-log -- found version 13.6.0
[9.023s] -- Searching for dependencies of gz-transport13-log
[9.023s] -- Searching for <gz-transport13> component [parameters]
[9.027s] -- Looking for gz-transport13-parameters -- found version 13.6.0
[9.027s] -- Searching for dependencies of gz-transport13-parameters
[9.028s] -- Looking for gz-msgs10 -- found version 10.4.0
[9.031s] -- Looking for gz-common5 -- found version 5.9.0
[9.031s] -- Searching for dependencies of gz-common5
[9.031s] -- Looking for gz-utils2 -- found version 2.2.1
[9.085s] -- Looking for dlfcn.h - found
[9.143s] -- Looking for libdl - found
[9.145s] -- Found DL: TRUE  
[9.155s] -- Searching for <gz-common5> component [av]
[9.158s] -- Looking for gz-common5-av -- found version 5.9.0
[9.159s] -- Searching for dependencies of gz-common5-av
[9.164s] -- Checking for module 'libswscale'
[9.182s] --   Found libswscale, version 7.5.100
[9.224s] -- Found SWSCALE: TRUE  
[9.230s] -- Checking for module 'libavdevice >= 56.4.100'
[9.250s] --   Found libavdevice, version 60.3.100
[9.304s] -- Found AVDEVICE: TRUE (Required is at least version "56.4.100") 
[9.310s] -- Checking for module 'libavformat'
[9.329s] --   Found libavformat, version 60.16.100
[9.374s] -- Found AVFORMAT: TRUE  
[9.380s] -- Checking for module 'libavcodec'
[9.398s] --   Found libavcodec, version 60.31.102
[9.441s] -- Found AVCODEC: TRUE  
[9.448s] -- Checking for module 'libavutil'
[9.468s] --   Found libavutil, version 58.29.100
[9.508s] -- Found AVUTIL: TRUE  
[9.508s] -- Searching for <gz-common5> component [events]
[9.511s] -- Looking for gz-common5-events -- found version 5.9.0
[9.511s] -- Searching for dependencies of gz-common5-events
[9.511s] -- Looking for gz-math7 -- found version 7.7.0
[9.512s] -- Searching for <gz-common5> component [graphics]
[9.516s] -- Looking for gz-common5-graphics -- found version 5.9.0
[9.517s] -- Searching for dependencies of gz-common5-graphics
[9.517s] -- Looking for gz-math7 -- found version 7.7.0
[9.524s] -- Found GzAssimp: TRUE (found version "5.3.0") 
[9.525s] -- Searching for <gz-common5> component [io]
[9.528s] -- Looking for gz-common5-io -- found version 5.9.0
[9.528s] -- Searching for dependencies of gz-common5-io
[9.529s] -- Searching for <gz-common5> component [profiler]
[9.540s] -- Looking for gz-common5-profiler -- found version 5.9.0
[9.540s] -- Searching for dependencies of gz-common5-profiler
[9.541s] -- Looking for gz-fuel_tools9 -- found version 9.1.1
[9.541s] -- Searching for dependencies of gz-fuel_tools9
[10.370s] -- Found CURL: /usr/lib/x86_64-linux-gnu/libcurl.so (found version "8.5.0")  
[10.384s] -- Checking for module 'jsoncpp'
[10.405s] --   Found jsoncpp, version 1.9.5
[10.441s] -- Found JSONCPP: TRUE  
[11.204s] -- Checking for module 'yaml-0.1'
[11.223s] --   Found yaml-0.1, version 0.2.5
[11.265s] -- Found YAML: TRUE  
[11.272s] -- Checking for module 'libzip'
[11.299s] --   Found libzip, version 1.7.3
[11.338s] -- Found ZIP: TRUE  
[11.339s] -- Looking for gz-utils2 -- found version 2.2.1
[11.340s] -- Looking for gz-common5 -- found version 5.9.0
[11.340s] -- Searching for dependencies of gz-common5
[11.341s] -- Looking for gz-utils2 -- found version 2.2.1
[11.341s] -- Looking for dlfcn.h - found
[11.341s] -- Looking for libdl - found
[11.352s] -- Searching for <gz-common5> component [testing]
[11.355s] -- Looking for gz-common5-testing -- found version 5.9.0
[11.356s] -- Searching for dependencies of gz-common5-testing
[11.357s] -- Looking for gz-math7 -- found version 7.7.0
[11.358s] -- Looking for gz-msgs10 -- found version 10.4.0
[11.363s] -- Looking for gz-gui8 -- found version 8.4.0
[11.364s] -- Searching for dependencies of gz-gui8
[12.501s] -- Looking for gz-utils2 -- found version 2.2.1
[12.502s] -- Looking for gz-math7 -- found version 7.7.0
[12.503s] -- Looking for gz-common5 -- found version 5.9.0
[12.503s] -- Looking for gz-plugin2 -- found version 2.0.4
[12.503s] -- Looking for gz-transport13 -- found version 13.6.0
[12.507s] -- Looking for gz-rendering8 -- found version 8.2.3
[12.508s] -- Searching for dependencies of gz-rendering8
[12.508s] -- Looking for gz-math7 -- found version 7.7.0
[12.509s] -- Searching for dependencies of gz-math7
[12.509s] -- Looking for gz-utils2 -- found version 2.2.1
[12.510s] -- Searching for <gz-math7> component [eigen3]
[12.512s] -- Looking for gz-math7-eigen3 -- found version 7.7.0
[12.513s] -- Searching for dependencies of gz-math7-eigen3
[12.516s] -- Looking for gz-common5 -- found version 5.9.0
[12.517s] -- Searching for dependencies of gz-common5
[12.517s] -- Looking for gz-utils2 -- found version 2.2.1
[12.518s] -- Looking for dlfcn.h - found
[12.518s] -- Looking for libdl - found
[12.525s] -- Searching for <gz-common5> component [graphics]
[12.526s] -- Searching for <gz-common5> component [events]
[12.526s] -- Searching for <gz-common5> component [geospatial]
[12.529s] -- Looking for gz-common5-geospatial -- found version 5.9.0
[12.529s] -- Searching for dependencies of gz-common5-geospatial
[12.530s] -- Looking for gz-math7 -- found version 7.7.0
[12.530s] -- Looking for gz-common5 -- found version 5.9.0
[12.533s] -- Looking for gz-plugin2 -- found version 2.0.4
[12.533s] -- Searching for dependencies of gz-plugin2
[12.534s] -- Looking for gz-utils2 -- found version 2.2.1
[12.534s] -- Searching for <gz-plugin2> component [all]
[12.538s] -- Looking for all libraries of gz-plugin2 -- found version 2.0.4
[12.539s] -- Looking for gz-plugin2 -- found version 2.0.4
[12.540s] -- Looking for gz-utils2 -- found version 2.2.1
[13.237s] -- Found OpenGL: /usr/lib/x86_64-linux-gnu/libOpenGL.so  found components: OpenGL 
[13.241s] -- Looking for gz-msgs10 -- found version 10.4.0
[13.485s] -- Looking for gz-physics7 -- found version 7.8.0
[13.485s] -- Searching for dependencies of gz-physics7
[13.489s] -- Looking for gz-common5 -- found version 5.9.0
[13.489s] -- Looking for gz-math7 -- found version 7.7.0
[13.490s] -- Looking for gz-plugin2 -- found version 2.0.4
[13.490s] -- Looking for gz-utils2 -- found version 2.2.1
[13.494s] -- Searching for <gz-physics7> component [heightmap]
[13.497s] -- Looking for gz-physics7-heightmap -- found version 7.8.0
[13.497s] -- Searching for dependencies of gz-physics7-heightmap
[13.498s] -- Looking for gz-common5 -- found version 5.9.0
[13.498s] -- Searching for <gz-physics7> component [mesh]
[13.505s] -- Looking for gz-physics7-mesh -- found version 7.8.0
[13.506s] -- Searching for dependencies of gz-physics7-mesh
[13.506s] -- Looking for gz-common5 -- found version 5.9.0
[13.508s] -- Searching for <gz-physics7> component [sdf]
[13.511s] -- Looking for gz-physics7-sdf -- found version 7.8.0
[13.511s] -- Searching for dependencies of gz-physics7-sdf
[13.512s] -- Looking for sdformat14 -- found version 14.9.0
[13.517s] -- Looking for gz-sensors8 -- found version 8.2.2
[13.518s] -- Searching for dependencies of gz-sensors8
[14.559s] -- Looking for gz-math7 -- found version 7.7.0
[14.559s] -- Looking for gz-common5 -- found version 5.9.0
[14.560s] -- Looking for gz-transport13 -- found version 13.6.0
[14.561s] -- Looking for gz-rendering8 -- found version 8.2.3
[14.562s] -- Looking for gz-msgs10 -- found version 10.4.0
[14.562s] -- Looking for sdformat14 -- found version 14.9.0
[14.565s] -- Searching for <gz-sensors8> component [air_pressure]
[14.580s] -- Looking for gz-sensors8-air_pressure -- found version 8.2.2
[14.580s] -- Searching for dependencies of gz-sensors8-air_pressure
[14.581s] -- Searching for <gz-sensors8> component [air_speed]
[14.584s] -- Looking for gz-sensors8-air_speed -- found version 8.2.2
[14.584s] -- Searching for dependencies of gz-sensors8-air_speed
[14.589s] -- Searching for <gz-sensors8> component [altimeter]
[14.597s] -- Looking for gz-sensors8-altimeter -- found version 8.2.2
[14.597s] -- Searching for dependencies of gz-sensors8-altimeter
[14.600s] -- Searching for <gz-sensors8> component [imu]
[14.606s] -- Looking for gz-sensors8-imu -- found version 8.2.2
[14.607s] -- Searching for dependencies of gz-sensors8-imu
[14.610s] -- Searching for <gz-sensors8> component [force_torque]
[14.614s] -- Looking for gz-sensors8-force_torque -- found version 8.2.2
[14.614s] -- Searching for dependencies of gz-sensors8-force_torque
[14.616s] -- Searching for <gz-sensors8> component [logical_camera]
[14.621s] -- Looking for gz-sensors8-logical_camera -- found version 8.2.2
[14.622s] -- Searching for dependencies of gz-sensors8-logical_camera
[14.624s] -- Searching for <gz-sensors8> component [magnetometer]
[14.628s] -- Looking for gz-sensors8-magnetometer -- found version 8.2.2
[14.628s] -- Searching for dependencies of gz-sensors8-magnetometer
[14.629s] -- Searching for <gz-sensors8> component [navsat]
[14.633s] -- Looking for gz-sensors8-navsat -- found version 8.2.2
[14.638s] -- Searching for dependencies of gz-sensors8-navsat
[14.639s] -- Searching for <gz-sensors8> component [dvl]
[14.640s] -- Looking for gz-sensors8-dvl -- found version 8.2.2
[14.640s] -- Searching for dependencies of gz-sensors8-dvl
[14.641s] -- Looking for gz-sensors8 -- found version 8.2.2
[14.641s] -- Searching for dependencies of gz-sensors8
[18.738s] -- Looking for gz-math7 -- found version 7.7.0
[18.738s] -- Looking for gz-common5 -- found version 5.9.0
[18.738s] -- Looking for gz-transport13 -- found version 13.6.0
[18.738s] -- Looking for gz-rendering8 -- found version 8.2.3
[18.739s] -- Looking for gz-msgs10 -- found version 10.4.0
[18.739s] -- Looking for sdformat14 -- found version 14.9.0
[18.739s] -- Searching for <gz-sensors8> component [rendering]
[18.747s] -- Looking for gz-sensors8-rendering -- found version 8.2.2
[18.750s] -- Searching for dependencies of gz-sensors8-rendering
[18.758s] -- Searching for <gz-sensors8> component [rendering]
[18.758s] -- Searching for <gz-sensors8> component [lidar]
[18.768s] -- Looking for gz-sensors8-lidar -- found version 8.2.2
[18.768s] -- Searching for dependencies of gz-sensors8-lidar
[18.769s] -- Looking for gz-sensors8 -- found version 8.2.2
[18.778s] -- Searching for <gz-sensors8> component [gpu_lidar]
[18.797s] -- Looking for gz-sensors8-gpu_lidar -- found version 8.2.2
[18.797s] -- Searching for dependencies of gz-sensors8-gpu_lidar
[18.803s] -- Looking for gz-sensors8 -- found version 8.2.2
[18.809s] -- Searching for <gz-sensors8> component [camera]
[18.828s] -- Looking for gz-sensors8-camera -- found version 8.2.2
[18.828s] -- Searching for dependencies of gz-sensors8-camera
[18.828s] -- Looking for gz-sensors8 -- found version 8.2.2
[18.835s] -- Searching for <gz-sensors8> component [boundingbox_camera]
[18.841s] -- Looking for gz-sensors8-boundingbox_camera -- found version 8.2.2
[18.841s] -- Searching for dependencies of gz-sensors8-boundingbox_camera
[18.850s] -- Searching for <gz-sensors8> component [segmentation_camera]
[18.867s] -- Looking for gz-sensors8-segmentation_camera -- found version 8.2.2
[18.868s] -- Searching for dependencies of gz-sensors8-segmentation_camera
[18.868s] -- Searching for <gz-sensors8> component [depth_camera]
[18.878s] -- Looking for gz-sensors8-depth_camera -- found version 8.2.2
[18.880s] -- Searching for dependencies of gz-sensors8-depth_camera
[18.880s] -- Looking for gz-sensors8 -- found version 8.2.2
[18.888s] -- Searching for <gz-sensors8> component [rgbd_camera]
[18.902s] -- Looking for gz-sensors8-rgbd_camera -- found version 8.2.2
[18.903s] -- Searching for dependencies of gz-sensors8-rgbd_camera
[18.903s] -- Looking for gz-sensors8 -- found version 8.2.2
[18.903s] -- Searching for <gz-sensors8> component [thermal_camera]
[18.911s] -- Looking for gz-sensors8-thermal_camera -- found version 8.2.2
[18.912s] -- Searching for dependencies of gz-sensors8-thermal_camera
[18.912s] -- Looking for gz-sensors8 -- found version 8.2.2
[18.912s] -- Searching for <gz-sensors8> component [wide_angle_camera]
[18.922s] -- Looking for gz-sensors8-wide_angle_camera -- found version 8.2.2
[18.924s] -- Searching for dependencies of gz-sensors8-wide_angle_camera
[18.932s] -- Looking for gz-rendering8 -- found version 8.2.3
[18.933s] -- Looking for gz-math7 -- found version 7.7.0
[18.940s] -- Looking for gz-utils2 -- found version 2.2.1
[21.760s] -- Found ament_lint_auto: 0.17.5 (/opt/ros/jazzy/share/ament_lint_auto/cmake)
[22.258s] -- Added test 'cppcheck' to perform static code analysis on C / C++ code
[22.258s] -- Configured cppcheck include dirs: $<BUILD_INTERFACE:/home/ironie/HornetXII_sims/src/auv_sims/include>
[22.258s] -- Configured cppcheck exclude dirs and/or files: 
[22.262s] -- Added test 'flake8' to check Python code syntax and style conventions
[22.262s] -- Configured 'flake8' exclude dirs and/or files: 
[22.266s] -- Added test 'lint_cmake' to check CMake code style
[22.272s] -- Added test 'pep257' to check Python code against some of the docstring style conventions in PEP 257
[22.277s] -- Added test 'uncrustify' to check C / C++ code style
[22.277s] -- Configured uncrustify additional arguments: 
[22.283s] -- Added test 'xmllint' to check XML markup files
[22.290s] -- Configuring done (22.1s)
[22.428s] -- Generating done (0.1s)
[22.450s] -- Build files have been written to: /home/ironie/HornetXII_sims/build/auv_sims
