[0.160s] Invoking command in '/home/ironie/HornetXII_sims/build/dave_gz_sensor_plugins': AMENT_PREFIX_PATH=/home/ironie/HornetXII_sims/install/dave_interfaces:${AMENT_PREFIX_PATH} CMAKE_PREFIX_PATH=/home/ironie/HornetXII_sims/install/dave_interfaces:/home/ironie/dave_ws/install/multibeam_sonar_system:/home/ironie/dave_ws/install/dave_worlds:/home/ironie/dave_ws/install/dave_sensor_models:/home/ironie/dave_ws/install/dave_robot_models:/home/ironie/dave_ws/install/dave_object_models:/home/ironie/dave_ws/install/dave_multibeam_sonar_demo:/home/ironie/dave_ws/install/dave_interfaces:/home/ironie/dave_ws/install/dave_demos:/home/ironie/dave_ws/install/auv_controls:/home/ironie/testGazebo/install/simulator:/opt/ros/jazzy/opt/gz_sim_vendor:/opt/ros/jazzy/opt/gz_sensors_vendor:/opt/ros/jazzy/opt/gz_physics_vendor:/opt/ros/jazzy/opt/sdformat_vendor:/opt/ros/jazzy/opt/gz_gui_vendor:/opt/ros/jazzy/opt/gz_transport_vendor:/opt/ros/jazzy/opt/gz_rendering_vendor:/opt/ros/jazzy/opt/gz_plugin_vendor:/opt/ros/jazzy/opt/gz_fuel_tools_vendor:/opt/ros/jazzy/opt/gz_msgs_vendor:/opt/ros/jazzy/opt/gz_common_vendor:/opt/ros/jazzy/opt/gz_math_vendor:/opt/ros/jazzy/opt/gz_utils_vendor:/opt/ros/jazzy/opt/gz_tools_vendor:/opt/ros/jazzy/opt/gz_ogre_next_vendor:/opt/ros/jazzy/opt/gz_dartsim_vendor:/opt/ros/jazzy/opt/gz_cmake_vendor:/home/ironie/assignment3/install/assignment3:/opt/ros/jazzy DEBUGINFOD_URLS=https://debuginfod.ubuntu.com LD_LIBRARY_PATH=/home/ironie/HornetXII_sims/install/dave_interfaces/lib:${LD_LIBRARY_PATH} PYTHONPATH=/home/ironie/HornetXII_sims/install/dave_interfaces/lib/python3.12/site-packages:${PYTHONPATH} /usr/bin/cmake /home/ironie/HornetXII_sims/src/dave/gazebo/dave_gz_sensor_plugins -DAMENT_CMAKE_SYMLINK_INSTALL=1 -DCMAKE_INSTALL_PREFIX=/home/ironie/HornetXII_sims/install/dave_gz_sensor_plugins
[0.280s] -- The C compiler identification is GNU 13.3.0
[0.778s] -- The CXX compiler identification is GNU 13.3.0
[1.508s] -- Detecting C compiler ABI info
[1.795s] -- Detecting C compiler ABI info - done
[1.810s] -- Check for working C compiler: /usr/bin/cc - skipped
[1.811s] -- Detecting C compile features
[1.812s] -- Detecting C compile features - done
[1.910s] -- Detecting CXX compiler ABI info
[2.363s] -- Detecting CXX compiler ABI info - done
[2.376s] -- Check for working CXX compiler: /usr/bin/c++ - skipped
[2.376s] -- Detecting CXX compile features
[2.377s] -- Detecting CXX compile features - done
[2.381s] -- Found ament_cmake: 2.5.6 (/opt/ros/jazzy/share/ament_cmake/cmake)
[2.628s] -- Found Python3: /usr/bin/python3 (found version "3.12.3") found components: Interpreter 
[2.741s] -- Override CMake install command with custom implementation using symlinks instead of copying resources
[2.834s] -- Looking for gz-plugin -- found version 4.0.0
[2.835s] -- Searching for dependencies of gz-plugin
[2.841s] -- Looking for gz-utils -- found version 4.0.0
[2.842s] -- Searching for dependencies of gz-utils
[2.844s] -- Searching for <gz-utils> component [cli]
[2.849s] -- Looking for gz-utils-cli -- found version 4.0.0
[2.849s] -- Searching for dependencies of gz-utils-cli
[2.856s] -- Searching for <gz-plugin> component [register]
[2.861s] -- Looking for gz-plugin-register -- found version 4.0.0
[2.861s] -- Searching for dependencies of gz-plugin-register
[2.865s] -- Found rclcpp: 28.1.22 (/opt/ros/jazzy/share/rclcpp/cmake)
[3.083s] -- Found rosidl_generator_c: 4.6.9 (/opt/ros/jazzy/share/rosidl_generator_c/cmake)
[3.101s] -- Found rosidl_generator_cpp: 4.6.9 (/opt/ros/jazzy/share/rosidl_generator_cpp/cmake)
[3.121s] -- Using all available rosidl_typesupport_c: rosidl_typesupport_fastrtps_c;rosidl_typesupport_introspection_c
[3.146s] -- Using all available rosidl_typesupport_cpp: rosidl_typesupport_fastrtps_cpp;rosidl_typesupport_introspection_cpp
[3.254s] -- Found rmw_implementation_cmake: 7.3.3 (/opt/ros/jazzy/share/rmw_implementation_cmake/cmake)
[3.261s] -- Found rmw_fastrtps_cpp: 8.4.4 (/opt/ros/jazzy/share/rmw_fastrtps_cpp/cmake)
[3.428s] -- Found OpenSSL: /usr/lib/x86_64-linux-gnu/libcrypto.so (found version "3.0.13")  
[3.656s] -- Found FastRTPS: /opt/ros/jazzy/include (Required is at least version "2.13") 
[3.760s] -- Using RMW implementation 'rmw_fastrtps_cpp' as default
[4.093s] -- Found std_msgs: 5.3.8 (/opt/ros/jazzy/share/std_msgs/cmake)
[4.120s] -- Looking for gz-common -- found version 7.4.0
[4.120s] -- Searching for dependencies of gz-common
[4.120s] -- Looking for gz-utils -- found version 4.0.0
[4.121s] -- Searching for dependencies of gz-utils
[4.121s] -- Searching for <gz-utils> component [log]
[4.128s] -- Looking for gz-utils-log -- found version 4.0.0
[4.128s] -- Searching for dependencies of gz-utils-log
[4.136s] -- Performing Test CMAKE_HAVE_LIBC_PTHREAD
[4.451s] -- Performing Test CMAKE_HAVE_LIBC_PTHREAD - Success
[4.452s] -- Found Threads: TRUE  
[4.474s] -- Checking for module 'uuid'
[4.503s] --   Found uuid, version 2.39.3
[4.572s] -- Found UUID: TRUE  
[4.574s] -- Searching for <gz-common> component [profiler]
[4.582s] -- Looking for gz-common-profiler -- found version 7.4.0
[4.582s] -- Searching for dependencies of gz-common-profiler
[4.605s] -- Looking for gz-sim -- found version 10.5.0
[4.605s] -- Searching for dependencies of gz-sim
[4.617s] -- Looking for sdformat -- found version 16.1.0
[4.617s] -- Searching for dependencies of sdformat
[4.626s] -- Checking for module 'tinyxml2'
[4.647s] --   Found tinyxml2, version 10.0.0
[4.703s] -- Looking for gz-math -- found version 9.3.0
[4.704s] -- Searching for dependencies of gz-math
[4.704s] -- Looking for gz-utils -- found version 4.0.0
[4.707s] -- Looking for gz-utils -- found version 4.0.0
[4.710s] -- Looking for gz-plugin -- found version 4.0.0
[4.710s] -- Searching for dependencies of gz-plugin
[4.710s] -- Looking for gz-utils -- found version 4.0.0
[4.711s] -- Searching for <gz-plugin> component [loader]
[4.717s] -- Looking for gz-plugin-loader -- found version 4.0.0
[4.718s] -- Searching for dependencies of gz-plugin-loader
[4.719s] -- Searching for <gz-plugin> component [register]
[4.727s] -- Looking for gz-transport -- found version 15.1.0
[4.728s] -- Searching for dependencies of gz-transport
[6.082s] -- Found Protobuf: /usr/lib/x86_64-linux-gnu/libprotobuf.so (found version "3.21.12") 
[6.863s] -- Config-file not installed for ZeroMQ -- checking for pkg-config
[6.867s] -- Checking for module 'libzmq >= 4'
[6.879s] --   Found libzmq, version 4.3.5
[6.912s] -- Found ZeroMQ: TRUE (Required is at least version "4") 
[6.960s] -- Looking for gz-utils -- found version 4.0.0
[6.966s] -- Looking for gz-msgs -- found version 12.0.2
[6.966s] -- Searching for dependencies of gz-msgs
[7.514s] -- Looking for gz-utils -- found version 4.0.0
[7.515s] -- Looking for gz-math -- found version 9.3.0
[7.525s] -- Searching for <gz-transport> component [log]
[7.529s] -- Looking for gz-transport-log -- found version 15.1.0
[7.529s] -- Searching for dependencies of gz-transport-log
[7.530s] -- Searching for <gz-transport> component [parameters]
[7.534s] -- Looking for gz-transport-parameters -- found version 15.1.0
[7.534s] -- Searching for dependencies of gz-transport-parameters
[7.536s] -- Looking for gz-msgs -- found version 12.0.2
[7.536s] -- Looking for gz-common -- found version 7.4.0
[7.537s] -- Searching for dependencies of gz-common
[7.537s] -- Looking for gz-utils -- found version 4.0.0
[7.543s] -- Searching for <gz-common> component [av]
[7.547s] -- Looking for gz-common-av -- found version 7.4.0
[7.547s] -- Searching for dependencies of gz-common-av
[7.552s] -- Checking for module 'libswscale'
[7.569s] --   Found libswscale, version 7.5.100
[7.601s] -- Found SWSCALE: TRUE  
[7.606s] -- Checking for module 'libavdevice >= 56.4.100'
[7.618s] --   Found libavdevice, version 60.3.100
[7.658s] -- Found AVDEVICE: TRUE (Required is at least version "56.4.100") 
[7.664s] -- Checking for module 'libavformat'
[7.678s] --   Found libavformat, version 60.16.100
[7.713s] -- Found AVFORMAT: TRUE  
[7.719s] -- Checking for module 'libavcodec'
[7.733s] --   Found libavcodec, version 60.31.102
[7.762s] -- Found AVCODEC: TRUE  
[7.767s] -- Checking for module 'libavutil'
[7.780s] --   Found libavutil, version 58.29.100
[7.811s] -- Found AVUTIL: TRUE  
[7.812s] -- Searching for <gz-common> component [events]
[7.817s] -- Looking for gz-common-events -- found version 7.4.0
[7.817s] -- Searching for dependencies of gz-common-events
[7.817s] -- Looking for gz-math -- found version 9.3.0
[7.819s] -- Searching for <gz-common> component [graphics]
[7.824s] -- Looking for gz-common-graphics -- found version 7.4.0
[7.824s] -- Searching for dependencies of gz-common-graphics
[7.824s] -- Looking for gz-math -- found version 9.3.0
[7.828s] -- Found GzAssimp: TRUE (found version "5.3.0") 
[7.830s] -- Searching for <gz-common> component [io]
[7.834s] -- Looking for gz-common-io -- found version 7.4.0
[7.834s] -- Searching for dependencies of gz-common-io
[7.835s] -- Searching for <gz-common> component [profiler]
[7.836s] -- Searching for <gz-common> component [testing]
[7.840s] -- Looking for gz-common-testing -- found version 7.4.0
[7.840s] -- Searching for dependencies of gz-common-testing
[7.846s] -- Looking for gz-fuel_tools -- found version 11.0.0
[7.846s] -- Searching for dependencies of gz-fuel_tools
[8.515s] -- Found CURL: /usr/lib/x86_64-linux-gnu/libcurl.so (found version "8.5.0")  
[8.525s] -- Checking for module 'jsoncpp'
[8.539s] --   Found jsoncpp, version 1.9.5
[8.564s] -- Found JSONCPP: TRUE  
[9.085s] -- Checking for module 'yaml-0.1'
[9.098s] --   Found yaml-0.1, version 0.2.5
[9.129s] -- Found YAML: TRUE  
[9.135s] -- Checking for module 'libzip'
[9.148s] --   Found libzip, version 1.7.3
[9.178s] -- Found ZIP: TRUE  
[9.179s] -- Looking for gz-utils -- found version 4.0.0
[9.179s] -- Looking for gz-common -- found version 7.4.0
[9.179s] -- Looking for gz-math -- found version 9.3.0
[9.180s] -- Looking for gz-msgs -- found version 12.0.2
[9.188s] -- Looking for gz-gui -- found version 10.1.0
[9.188s] -- Searching for dependencies of gz-gui
[9.716s] -- Looking for gz-utils -- found version 4.0.0
[9.716s] -- Looking for gz-math -- found version 9.3.0
[9.716s] -- Looking for gz-common -- found version 7.4.0
[9.717s] -- Looking for gz-plugin -- found version 4.0.0
[9.717s] -- Looking for gz-transport -- found version 15.1.0
[9.725s] -- Looking for gz-rendering -- found version 10.0.2
[9.725s] -- Searching for dependencies of gz-rendering
[9.726s] -- Looking for gz-math -- found version 9.3.0
[9.727s] -- Searching for dependencies of gz-math
[9.727s] -- Looking for gz-utils -- found version 4.0.0
[9.727s] -- Searching for <gz-math> component [eigen3]
[9.730s] -- Looking for gz-math-eigen3 -- found version 9.3.0
[9.730s] -- Searching for dependencies of gz-math-eigen3
[9.738s] -- Looking for gz-common -- found version 7.4.0
[9.738s] -- Searching for dependencies of gz-common
[9.738s] -- Looking for gz-utils -- found version 4.0.0
[9.744s] -- Searching for <gz-common> component [graphics]
[9.745s] -- Searching for <gz-common> component [events]
[9.745s] -- Searching for <gz-common> component [geospatial]
[9.749s] -- Looking for gz-common-geospatial -- found version 7.4.0
[9.750s] -- Searching for dependencies of gz-common-geospatial
[9.750s] -- Looking for gz-math -- found version 9.3.0
[9.750s] -- Looking for gz-common -- found version 7.4.0
[9.751s] -- Looking for gz-plugin -- found version 4.0.0
[9.752s] -- Searching for dependencies of gz-plugin
[9.752s] -- Looking for gz-utils -- found version 4.0.0
[9.752s] -- Searching for <gz-plugin> component [all]
[9.756s] -- Looking for all libraries of gz-plugin -- found version 4.0.0
[9.757s] -- Looking for gz-plugin -- found version 4.0.0
[9.758s] -- Looking for gz-utils -- found version 4.0.0
[10.167s] -- Found OpenGL: /usr/lib/x86_64-linux-gnu/libOpenGL.so  found components: OpenGL 
[10.169s] -- Looking for gz-msgs -- found version 12.0.2
[10.204s] -- Performing Test HAVE_STDATOMIC
[10.382s] -- Performing Test HAVE_STDATOMIC - Success
[10.383s] -- Found WrapAtomic: TRUE  
[10.437s] -- Found OpenGL: /usr/lib/x86_64-linux-gnu/libOpenGL.so   
[10.438s] -- Found WrapOpenGL: TRUE  
[10.492s] -- Found XKB: /usr/lib/x86_64-linux-gnu/libxkbcommon.so (found suitable version "1.6.0", minimum required is "0.5.0") 
[10.648s] -- Found WrapVulkanHeaders: /usr/include  
[11.488s] -- Looking for gz-physics -- found version 9.5.1
[11.488s] -- Searching for dependencies of gz-physics
[11.488s] -- Looking for gz-common -- found version 7.4.0
[11.488s] -- Looking for gz-math -- found version 9.3.0
[11.489s] -- Looking for gz-plugin -- found version 4.0.0
[11.489s] -- Looking for gz-utils -- found version 4.0.0
[11.491s] -- Searching for <gz-physics> component [heightmap]
[11.495s] -- Looking for gz-physics-heightmap -- found version 9.5.1
[11.495s] -- Searching for dependencies of gz-physics-heightmap
[11.496s] -- Looking for gz-common -- found version 7.4.0
[11.497s] -- Searching for <gz-physics> component [mesh]
[11.501s] -- Looking for gz-physics-mesh -- found version 9.5.1
[11.501s] -- Searching for dependencies of gz-physics-mesh
[11.502s] -- Looking for gz-common -- found version 7.4.0
[11.502s] -- Searching for <gz-physics> component [sdf]
[11.507s] -- Looking for gz-physics-sdf -- found version 9.5.1
[11.507s] -- Searching for dependencies of gz-physics-sdf
[11.508s] -- Looking for sdformat -- found version 16.1.0
[11.523s] -- Looking for gz-sensors -- found version 10.1.1
[11.523s] -- Searching for dependencies of gz-sensors
[12.341s] -- Looking for gz-math -- found version 9.3.0
[12.342s] -- Looking for gz-common -- found version 7.4.0
[12.342s] -- Looking for gz-transport -- found version 15.1.0
[12.343s] -- Looking for gz-rendering -- found version 10.0.2
[12.343s] -- Looking for gz-msgs -- found version 12.0.2
[12.344s] -- Looking for sdformat -- found version 16.1.0
[12.345s] -- Searching for <gz-sensors> component [air_pressure]
[12.351s] -- Looking for gz-sensors-air_pressure -- found version 10.1.1
[12.351s] -- Searching for dependencies of gz-sensors-air_pressure
[12.352s] -- Searching for <gz-sensors> component [air_speed]
[12.357s] -- Looking for gz-sensors-air_speed -- found version 10.1.1
[12.357s] -- Searching for dependencies of gz-sensors-air_speed
[12.358s] -- Searching for <gz-sensors> component [altimeter]
[12.362s] -- Looking for gz-sensors-altimeter -- found version 10.1.1
[12.362s] -- Searching for dependencies of gz-sensors-altimeter
[12.363s] -- Searching for <gz-sensors> component [imu]
[12.369s] -- Looking for gz-sensors-imu -- found version 10.1.1
[12.369s] -- Searching for dependencies of gz-sensors-imu
[12.370s] -- Searching for <gz-sensors> component [force_torque]
[12.375s] -- Looking for gz-sensors-force_torque -- found version 10.1.1
[12.376s] -- Searching for dependencies of gz-sensors-force_torque
[12.377s] -- Searching for <gz-sensors> component [logical_camera]
[12.381s] -- Looking for gz-sensors-logical_camera -- found version 10.1.1
[12.381s] -- Searching for dependencies of gz-sensors-logical_camera
[12.383s] -- Searching for <gz-sensors> component [magnetometer]
[12.387s] -- Looking for gz-sensors-magnetometer -- found version 10.1.1
[12.387s] -- Searching for dependencies of gz-sensors-magnetometer
[12.389s] -- Searching for <gz-sensors> component [navsat]
[12.395s] -- Looking for gz-sensors-navsat -- found version 10.1.1
[12.395s] -- Searching for dependencies of gz-sensors-navsat
[12.396s] -- Searching for <gz-sensors> component [dvl]
[12.401s] -- Looking for gz-sensors-dvl -- found version 10.1.1
[12.401s] -- Searching for dependencies of gz-sensors-dvl
[12.402s] -- Looking for gz-sensors -- found version 10.1.1
[12.402s] -- Searching for dependencies of gz-sensors
[13.071s] -- Looking for gz-math -- found version 9.3.0
[13.072s] -- Looking for gz-common -- found version 7.4.0
[13.072s] -- Looking for gz-transport -- found version 15.1.0
[13.072s] -- Looking for gz-rendering -- found version 10.0.2
[13.073s] -- Looking for gz-msgs -- found version 12.0.2
[13.073s] -- Looking for sdformat -- found version 16.1.0
[13.073s] -- Searching for <gz-sensors> component [rendering]
[13.077s] -- Looking for gz-sensors-rendering -- found version 10.1.1
[13.077s] -- Searching for dependencies of gz-sensors-rendering
[13.080s] -- Searching for <gz-sensors> component [rendering]
[13.080s] -- Searching for <gz-sensors> component [lidar]
[13.085s] -- Looking for gz-sensors-lidar -- found version 10.1.1
[13.085s] -- Searching for dependencies of gz-sensors-lidar
[13.085s] -- Looking for gz-sensors -- found version 10.1.1
[13.086s] -- Searching for <gz-sensors> component [gpu_lidar]
[13.091s] -- Looking for gz-sensors-gpu_lidar -- found version 10.1.1
[13.091s] -- Searching for dependencies of gz-sensors-gpu_lidar
[13.092s] -- Looking for gz-sensors -- found version 10.1.1
[13.092s] -- Searching for <gz-sensors> component [camera]
[13.098s] -- Looking for gz-sensors-camera -- found version 10.1.1
[13.098s] -- Searching for dependencies of gz-sensors-camera
[13.099s] -- Looking for gz-sensors -- found version 10.1.1
[13.100s] -- Searching for <gz-sensors> component [boundingbox_camera]
[13.104s] -- Looking for gz-sensors-boundingbox_camera -- found version 10.1.1
[13.105s] -- Searching for dependencies of gz-sensors-boundingbox_camera
[13.105s] -- Searching for <gz-sensors> component [segmentation_camera]
[13.110s] -- Looking for gz-sensors-segmentation_camera -- found version 10.1.1
[13.110s] -- Searching for dependencies of gz-sensors-segmentation_camera
[13.111s] -- Searching for <gz-sensors> component [depth_camera]
[13.116s] -- Looking for gz-sensors-depth_camera -- found version 10.1.1
[13.116s] -- Searching for dependencies of gz-sensors-depth_camera
[13.117s] -- Looking for gz-sensors -- found version 10.1.1
[13.118s] -- Searching for <gz-sensors> component [rgbd_camera]
[13.123s] -- Looking for gz-sensors-rgbd_camera -- found version 10.1.1
[13.123s] -- Searching for dependencies of gz-sensors-rgbd_camera
[13.124s] -- Looking for gz-sensors -- found version 10.1.1
[13.125s] -- Searching for <gz-sensors> component [thermal_camera]
[13.129s] -- Looking for gz-sensors-thermal_camera -- found version 10.1.1
[13.130s] -- Searching for dependencies of gz-sensors-thermal_camera
[13.130s] -- Looking for gz-sensors -- found version 10.1.1
[13.132s] -- Searching for <gz-sensors> component [wide_angle_camera]
[13.137s] -- Looking for gz-sensors-wide_angle_camera -- found version 10.1.1
[13.137s] -- Searching for dependencies of gz-sensors-wide_angle_camera
[13.139s] -- Looking for gz-rendering -- found version 10.0.2
[13.140s] -- Looking for gz-math -- found version 9.3.0
[13.141s] -- Looking for gz-utils -- found version 4.0.0
[13.774s] -- Found geometry_msgs: 5.3.8 (/opt/ros/jazzy/share/geometry_msgs/cmake)
[13.788s] -- Found dave_interfaces: 0.0.0 (/home/ironie/HornetXII_sims/install/dave_interfaces/share/dave_interfaces/cmake)
[13.822s] -- Found sensor_msgs: 5.3.8 (/opt/ros/jazzy/share/sensor_msgs/cmake)
[13.855s] -- Looking for gz-msgs -- found version 12.0.2
[13.869s] -- Found OpenCV: /usr (found version "4.6.0") 
[13.869s] -- Compiling against Gazebo Jetty
[13.876s] -- Found ament_lint_auto: 0.17.5 (/opt/ros/jazzy/share/ament_lint_auto/cmake)
[13.982s] -- Configuring done (13.8s)
[14.044s] -- Generating done (0.0s)
[14.065s] -- Build files have been written to: /home/ironie/HornetXII_sims/build/dave_gz_sensor_plugins
[14.093s] Invoked command in '/home/ironie/HornetXII_sims/build/dave_gz_sensor_plugins' returned '0': AMENT_PREFIX_PATH=/home/ironie/HornetXII_sims/install/dave_interfaces:${AMENT_PREFIX_PATH} CMAKE_PREFIX_PATH=/home/ironie/HornetXII_sims/install/dave_interfaces:/home/ironie/dave_ws/install/multibeam_sonar_system:/home/ironie/dave_ws/install/dave_worlds:/home/ironie/dave_ws/install/dave_sensor_models:/home/ironie/dave_ws/install/dave_robot_models:/home/ironie/dave_ws/install/dave_object_models:/home/ironie/dave_ws/install/dave_multibeam_sonar_demo:/home/ironie/dave_ws/install/dave_interfaces:/home/ironie/dave_ws/install/dave_demos:/home/ironie/dave_ws/install/auv_controls:/home/ironie/testGazebo/install/simulator:/opt/ros/jazzy/opt/gz_sim_vendor:/opt/ros/jazzy/opt/gz_sensors_vendor:/opt/ros/jazzy/opt/gz_physics_vendor:/opt/ros/jazzy/opt/sdformat_vendor:/opt/ros/jazzy/opt/gz_gui_vendor:/opt/ros/jazzy/opt/gz_transport_vendor:/opt/ros/jazzy/opt/gz_rendering_vendor:/opt/ros/jazzy/opt/gz_plugin_vendor:/opt/ros/jazzy/opt/gz_fuel_tools_vendor:/opt/ros/jazzy/opt/gz_msgs_vendor:/opt/ros/jazzy/opt/gz_common_vendor:/opt/ros/jazzy/opt/gz_math_vendor:/opt/ros/jazzy/opt/gz_utils_vendor:/opt/ros/jazzy/opt/gz_tools_vendor:/opt/ros/jazzy/opt/gz_ogre_next_vendor:/opt/ros/jazzy/opt/gz_dartsim_vendor:/opt/ros/jazzy/opt/gz_cmake_vendor:/home/ironie/assignment3/install/assignment3:/opt/ros/jazzy DEBUGINFOD_URLS=https://debuginfod.ubuntu.com LD_LIBRARY_PATH=/home/ironie/HornetXII_sims/install/dave_interfaces/lib:${LD_LIBRARY_PATH} PYTHONPATH=/home/ironie/HornetXII_sims/install/dave_interfaces/lib/python3.12/site-packages:${PYTHONPATH} /usr/bin/cmake /home/ironie/HornetXII_sims/src/dave/gazebo/dave_gz_sensor_plugins -DAMENT_CMAKE_SYMLINK_INSTALL=1 -DCMAKE_INSTALL_PREFIX=/home/ironie/HornetXII_sims/install/dave_gz_sensor_plugins
[14.094s] Invoking command in '/home/ironie/HornetXII_sims/build/dave_gz_sensor_plugins': AMENT_PREFIX_PATH=/home/ironie/HornetXII_sims/install/dave_interfaces:${AMENT_PREFIX_PATH} CMAKE_PREFIX_PATH=/home/ironie/HornetXII_sims/install/dave_interfaces:/home/ironie/dave_ws/install/multibeam_sonar_system:/home/ironie/dave_ws/install/dave_worlds:/home/ironie/dave_ws/install/dave_sensor_models:/home/ironie/dave_ws/install/dave_robot_models:/home/ironie/dave_ws/install/dave_object_models:/home/ironie/dave_ws/install/dave_multibeam_sonar_demo:/home/ironie/dave_ws/install/dave_interfaces:/home/ironie/dave_ws/install/dave_demos:/home/ironie/dave_ws/install/auv_controls:/home/ironie/testGazebo/install/simulator:/opt/ros/jazzy/opt/gz_sim_vendor:/opt/ros/jazzy/opt/gz_sensors_vendor:/opt/ros/jazzy/opt/gz_physics_vendor:/opt/ros/jazzy/opt/sdformat_vendor:/opt/ros/jazzy/opt/gz_gui_vendor:/opt/ros/jazzy/opt/gz_transport_vendor:/opt/ros/jazzy/opt/gz_rendering_vendor:/opt/ros/jazzy/opt/gz_plugin_vendor:/opt/ros/jazzy/opt/gz_fuel_tools_vendor:/opt/ros/jazzy/opt/gz_msgs_vendor:/opt/ros/jazzy/opt/gz_common_vendor:/opt/ros/jazzy/opt/gz_math_vendor:/opt/ros/jazzy/opt/gz_utils_vendor:/opt/ros/jazzy/opt/gz_tools_vendor:/opt/ros/jazzy/opt/gz_ogre_next_vendor:/opt/ros/jazzy/opt/gz_dartsim_vendor:/opt/ros/jazzy/opt/gz_cmake_vendor:/home/ironie/assignment3/install/assignment3:/opt/ros/jazzy DEBUGINFOD_URLS=https://debuginfod.ubuntu.com LD_LIBRARY_PATH=/home/ironie/HornetXII_sims/install/dave_interfaces/lib:${LD_LIBRARY_PATH} PYTHONPATH=/home/ironie/HornetXII_sims/install/dave_interfaces/lib/python3.12/site-packages:${PYTHONPATH} /usr/bin/cmake --build /home/ironie/HornetXII_sims/build/dave_gz_sensor_plugins -- -j12 -l12
[14.155s] [ 25%] [32mBuilding CXX object CMakeFiles/UsblTransceiver.dir/src/UsblTransceiver.cc.o[0m
[14.155s] [ 37%] [32mBuilding CXX object CMakeFiles/sea_pressure_sensor.dir/src/sea_pressure_sensor.cc.o[0m
[14.155s] [ 25%] [32mBuilding CXX object CMakeFiles/UsblTransponder.dir/src/UsblTransponder.cc.o[0m
[14.156s] [ 50%] [32mBuilding CXX object CMakeFiles/UnderwaterCamera.dir/src/UnderwaterCamera.cc.o[0m
[32.214s] [ 62%] [32m[1mLinking CXX shared library libsea_pressure_sensor.so[0m
[33.399s] [ 62%] Built target sea_pressure_sensor
[33.767s] [ 75%] [32m[1mLinking CXX shared library libUnderwaterCamera.so[0m
[35.346s] [ 75%] Built target UnderwaterCamera
[42.610s] [ 87%] [32m[1mLinking CXX shared library libUsblTransponder.so[0m
[44.101s] [100%] [32m[1mLinking CXX shared library libUsblTransceiver.so[0m
[44.107s] [100%] Built target UsblTransponder
[45.507s] [100%] Built target UsblTransceiver
[45.519s] Invoked command in '/home/ironie/HornetXII_sims/build/dave_gz_sensor_plugins' returned '0': AMENT_PREFIX_PATH=/home/ironie/HornetXII_sims/install/dave_interfaces:${AMENT_PREFIX_PATH} CMAKE_PREFIX_PATH=/home/ironie/HornetXII_sims/install/dave_interfaces:/home/ironie/dave_ws/install/multibeam_sonar_system:/home/ironie/dave_ws/install/dave_worlds:/home/ironie/dave_ws/install/dave_sensor_models:/home/ironie/dave_ws/install/dave_robot_models:/home/ironie/dave_ws/install/dave_object_models:/home/ironie/dave_ws/install/dave_multibeam_sonar_demo:/home/ironie/dave_ws/install/dave_interfaces:/home/ironie/dave_ws/install/dave_demos:/home/ironie/dave_ws/install/auv_controls:/home/ironie/testGazebo/install/simulator:/opt/ros/jazzy/opt/gz_sim_vendor:/opt/ros/jazzy/opt/gz_sensors_vendor:/opt/ros/jazzy/opt/gz_physics_vendor:/opt/ros/jazzy/opt/sdformat_vendor:/opt/ros/jazzy/opt/gz_gui_vendor:/opt/ros/jazzy/opt/gz_transport_vendor:/opt/ros/jazzy/opt/gz_rendering_vendor:/opt/ros/jazzy/opt/gz_plugin_vendor:/opt/ros/jazzy/opt/gz_fuel_tools_vendor:/opt/ros/jazzy/opt/gz_msgs_vendor:/opt/ros/jazzy/opt/gz_common_vendor:/opt/ros/jazzy/opt/gz_math_vendor:/opt/ros/jazzy/opt/gz_utils_vendor:/opt/ros/jazzy/opt/gz_tools_vendor:/opt/ros/jazzy/opt/gz_ogre_next_vendor:/opt/ros/jazzy/opt/gz_dartsim_vendor:/opt/ros/jazzy/opt/gz_cmake_vendor:/home/ironie/assignment3/install/assignment3:/opt/ros/jazzy DEBUGINFOD_URLS=https://debuginfod.ubuntu.com LD_LIBRARY_PATH=/home/ironie/HornetXII_sims/install/dave_interfaces/lib:${LD_LIBRARY_PATH} PYTHONPATH=/home/ironie/HornetXII_sims/install/dave_interfaces/lib/python3.12/site-packages:${PYTHONPATH} /usr/bin/cmake --build /home/ironie/HornetXII_sims/build/dave_gz_sensor_plugins -- -j12 -l12
[45.521s] Invoking command in '/home/ironie/HornetXII_sims/build/dave_gz_sensor_plugins': AMENT_PREFIX_PATH=/home/ironie/HornetXII_sims/install/dave_interfaces:${AMENT_PREFIX_PATH} CMAKE_PREFIX_PATH=/home/ironie/HornetXII_sims/install/dave_interfaces:/home/ironie/dave_ws/install/multibeam_sonar_system:/home/ironie/dave_ws/install/dave_worlds:/home/ironie/dave_ws/install/dave_sensor_models:/home/ironie/dave_ws/install/dave_robot_models:/home/ironie/dave_ws/install/dave_object_models:/home/ironie/dave_ws/install/dave_multibeam_sonar_demo:/home/ironie/dave_ws/install/dave_interfaces:/home/ironie/dave_ws/install/dave_demos:/home/ironie/dave_ws/install/auv_controls:/home/ironie/testGazebo/install/simulator:/opt/ros/jazzy/opt/gz_sim_vendor:/opt/ros/jazzy/opt/gz_sensors_vendor:/opt/ros/jazzy/opt/gz_physics_vendor:/opt/ros/jazzy/opt/sdformat_vendor:/opt/ros/jazzy/opt/gz_gui_vendor:/opt/ros/jazzy/opt/gz_transport_vendor:/opt/ros/jazzy/opt/gz_rendering_vendor:/opt/ros/jazzy/opt/gz_plugin_vendor:/opt/ros/jazzy/opt/gz_fuel_tools_vendor:/opt/ros/jazzy/opt/gz_msgs_vendor:/opt/ros/jazzy/opt/gz_common_vendor:/opt/ros/jazzy/opt/gz_math_vendor:/opt/ros/jazzy/opt/gz_utils_vendor:/opt/ros/jazzy/opt/gz_tools_vendor:/opt/ros/jazzy/opt/gz_ogre_next_vendor:/opt/ros/jazzy/opt/gz_dartsim_vendor:/opt/ros/jazzy/opt/gz_cmake_vendor:/home/ironie/assignment3/install/assignment3:/opt/ros/jazzy DEBUGINFOD_URLS=https://debuginfod.ubuntu.com LD_LIBRARY_PATH=/home/ironie/HornetXII_sims/install/dave_interfaces/lib:${LD_LIBRARY_PATH} PYTHONPATH=/home/ironie/HornetXII_sims/install/dave_interfaces/lib/python3.12/site-packages:${PYTHONPATH} /usr/bin/cmake --install /home/ironie/HornetXII_sims/build/dave_gz_sensor_plugins
[45.528s] -- Install configuration: ""
[45.528s] -- Execute custom install script
[45.529s] -- Symlinking: /home/ironie/HornetXII_sims/install/dave_gz_sensor_plugins/lib/dave_gz_sensor_plugins/libUsblTransceiver.so
[45.537s] -- Symlinking: /home/ironie/HornetXII_sims/install/dave_gz_sensor_plugins/lib/dave_gz_sensor_plugins/libUsblTransponder.so
[45.547s] -- Symlinking: /home/ironie/HornetXII_sims/install/dave_gz_sensor_plugins/lib/dave_gz_sensor_plugins/libsea_pressure_sensor.so
[45.554s] -- Symlinking: /home/ironie/HornetXII_sims/install/dave_gz_sensor_plugins/lib/dave_gz_sensor_plugins/libUnderwaterCamera.so
[45.567s] -- Symlinking: /home/ironie/HornetXII_sims/install/dave_gz_sensor_plugins/include//dave_gz_sensor_plugins/UnderwaterCamera.hh
[45.577s] -- Symlinking: /home/ironie/HornetXII_sims/install/dave_gz_sensor_plugins/include//dave_gz_sensor_plugins/UsblTransceiver.hh
[45.587s] -- Symlinking: /home/ironie/HornetXII_sims/install/dave_gz_sensor_plugins/include//dave_gz_sensor_plugins/UsblTransponder.hh
[45.597s] -- Symlinking: /home/ironie/HornetXII_sims/install/dave_gz_sensor_plugins/include//dave_gz_sensor_plugins/sea_pressure_sensor.hh
[45.609s] -- Symlinking: /home/ironie/HornetXII_sims/install/dave_gz_sensor_plugins/share/dave_gz_sensor_plugins/environment/dave_gz_sensor_plugins.dsv
[45.620s] -- Symlinking: /home/ironie/HornetXII_sims/install/dave_gz_sensor_plugins/share/ament_index/resource_index/package_run_dependencies/dave_gz_sensor_plugins
[45.632s] -- Symlinking: /home/ironie/HornetXII_sims/install/dave_gz_sensor_plugins/share/ament_index/resource_index/parent_prefix_path/dave_gz_sensor_plugins
[45.642s] -- Symlinking: /home/ironie/HornetXII_sims/install/dave_gz_sensor_plugins/share/dave_gz_sensor_plugins/environment/ament_prefix_path.sh
[45.655s] -- Symlinking: /home/ironie/HornetXII_sims/install/dave_gz_sensor_plugins/share/dave_gz_sensor_plugins/environment/ament_prefix_path.dsv
[45.667s] -- Symlinking: /home/ironie/HornetXII_sims/install/dave_gz_sensor_plugins/share/dave_gz_sensor_plugins/environment/path.sh
[45.677s] -- Symlinking: /home/ironie/HornetXII_sims/install/dave_gz_sensor_plugins/share/dave_gz_sensor_plugins/environment/path.dsv
[45.688s] -- Symlinking: /home/ironie/HornetXII_sims/install/dave_gz_sensor_plugins/share/dave_gz_sensor_plugins/local_setup.bash
[45.696s] -- Symlinking: /home/ironie/HornetXII_sims/install/dave_gz_sensor_plugins/share/dave_gz_sensor_plugins/local_setup.sh
[45.704s] -- Symlinking: /home/ironie/HornetXII_sims/install/dave_gz_sensor_plugins/share/dave_gz_sensor_plugins/local_setup.zsh
[45.712s] -- Symlinking: /home/ironie/HornetXII_sims/install/dave_gz_sensor_plugins/share/dave_gz_sensor_plugins/local_setup.dsv
[45.720s] -- Symlinking: /home/ironie/HornetXII_sims/install/dave_gz_sensor_plugins/share/dave_gz_sensor_plugins/package.dsv
[45.729s] -- Symlinking: /home/ironie/HornetXII_sims/install/dave_gz_sensor_plugins/share/ament_index/resource_index/packages/dave_gz_sensor_plugins
[45.738s] -- Symlinking: /home/ironie/HornetXII_sims/install/dave_gz_sensor_plugins/share/dave_gz_sensor_plugins/cmake/dave_gz_sensor_pluginsConfig.cmake
[45.746s] -- Symlinking: /home/ironie/HornetXII_sims/install/dave_gz_sensor_plugins/share/dave_gz_sensor_plugins/cmake/dave_gz_sensor_pluginsConfig-version.cmake
[45.754s] -- Symlinking: /home/ironie/HornetXII_sims/install/dave_gz_sensor_plugins/share/dave_gz_sensor_plugins/package.xml
[45.764s] Invoked command in '/home/ironie/HornetXII_sims/build/dave_gz_sensor_plugins' returned '0': AMENT_PREFIX_PATH=/home/ironie/HornetXII_sims/install/dave_interfaces:${AMENT_PREFIX_PATH} CMAKE_PREFIX_PATH=/home/ironie/HornetXII_sims/install/dave_interfaces:/home/ironie/dave_ws/install/multibeam_sonar_system:/home/ironie/dave_ws/install/dave_worlds:/home/ironie/dave_ws/install/dave_sensor_models:/home/ironie/dave_ws/install/dave_robot_models:/home/ironie/dave_ws/install/dave_object_models:/home/ironie/dave_ws/install/dave_multibeam_sonar_demo:/home/ironie/dave_ws/install/dave_interfaces:/home/ironie/dave_ws/install/dave_demos:/home/ironie/dave_ws/install/auv_controls:/home/ironie/testGazebo/install/simulator:/opt/ros/jazzy/opt/gz_sim_vendor:/opt/ros/jazzy/opt/gz_sensors_vendor:/opt/ros/jazzy/opt/gz_physics_vendor:/opt/ros/jazzy/opt/sdformat_vendor:/opt/ros/jazzy/opt/gz_gui_vendor:/opt/ros/jazzy/opt/gz_transport_vendor:/opt/ros/jazzy/opt/gz_rendering_vendor:/opt/ros/jazzy/opt/gz_plugin_vendor:/opt/ros/jazzy/opt/gz_fuel_tools_vendor:/opt/ros/jazzy/opt/gz_msgs_vendor:/opt/ros/jazzy/opt/gz_common_vendor:/opt/ros/jazzy/opt/gz_math_vendor:/opt/ros/jazzy/opt/gz_utils_vendor:/opt/ros/jazzy/opt/gz_tools_vendor:/opt/ros/jazzy/opt/gz_ogre_next_vendor:/opt/ros/jazzy/opt/gz_dartsim_vendor:/opt/ros/jazzy/opt/gz_cmake_vendor:/home/ironie/assignment3/install/assignment3:/opt/ros/jazzy DEBUGINFOD_URLS=https://debuginfod.ubuntu.com LD_LIBRARY_PATH=/home/ironie/HornetXII_sims/install/dave_interfaces/lib:${LD_LIBRARY_PATH} PYTHONPATH=/home/ironie/HornetXII_sims/install/dave_interfaces/lib/python3.12/site-packages:${PYTHONPATH} /usr/bin/cmake --install /home/ironie/HornetXII_sims/build/dave_gz_sensor_plugins
