-- The C compiler identification is GNU 13.3.0
-- The CXX compiler identification is GNU 13.3.0
-- Detecting C compiler ABI info
-- Detecting C compiler ABI info - done
-- Check for working C compiler: /usr/bin/cc - skipped
-- Detecting C compile features
-- Detecting C compile features - done
-- Detecting CXX compiler ABI info
-- Detecting CXX compiler ABI info - done
-- Check for working CXX compiler: /usr/bin/c++ - skipped
-- Detecting CXX compile features
-- Detecting CXX compile features - done
-- Found ament_cmake: 2.5.6 (/opt/ros/jazzy/share/ament_cmake/cmake)
-- Found Python3: /usr/bin/python3 (found version "3.12.3") found components: Interpreter 
-- Override CMake install command with custom implementation using symlinks instead of copying resources
-- Configuring done (3.5s)
-- Generating done (0.0s)
-- Build files have been written to: /home/ironie/HornetXII_sims/build/dave_demos
-- Install configuration: ""
-- Execute custom install script
-- Symlinking: /home/ironie/HornetXII_sims/install/dave_demos/share/dave_demos/launch/dave_object.launch.py
-- Symlinking: /home/ironie/HornetXII_sims/install/dave_demos/share/dave_demos/launch/dave_robot.launch.py
-- Symlinking: /home/ironie/HornetXII_sims/install/dave_demos/share/dave_demos/launch/dave_sensor.launch.py
-- Symlinking: /home/ironie/HornetXII_sims/install/dave_demos/share/dave_demos/launch/dave_world.launch.py
-- Symlinking: /home/ironie/HornetXII_sims/install/dave_demos/share/ament_index/resource_index/package_run_dependencies/dave_demos
-- Symlinking: /home/ironie/HornetXII_sims/install/dave_demos/share/ament_index/resource_index/parent_prefix_path/dave_demos
-- Symlinking: /home/ironie/HornetXII_sims/install/dave_demos/share/dave_demos/environment/ament_prefix_path.sh
-- Symlinking: /home/ironie/HornetXII_sims/install/dave_demos/share/dave_demos/environment/ament_prefix_path.dsv
-- Symlinking: /home/ironie/HornetXII_sims/install/dave_demos/share/dave_demos/environment/path.sh
-- Symlinking: /home/ironie/HornetXII_sims/install/dave_demos/share/dave_demos/environment/path.dsv
-- Symlinking: /home/ironie/HornetXII_sims/install/dave_demos/share/dave_demos/local_setup.bash
-- Symlinking: /home/ironie/HornetXII_sims/install/dave_demos/share/dave_demos/local_setup.sh
-- Symlinking: /home/ironie/HornetXII_sims/install/dave_demos/share/dave_demos/local_setup.zsh
-- Symlinking: /home/ironie/HornetXII_sims/install/dave_demos/share/dave_demos/local_setup.dsv
-- Symlinking: /home/ironie/HornetXII_sims/install/dave_demos/share/dave_demos/package.dsv
-- Symlinking: /home/ironie/HornetXII_sims/install/dave_demos/share/ament_index/resource_index/packages/dave_demos
-- Symlinking: /home/ironie/HornetXII_sims/install/dave_demos/share/dave_demos/cmake/dave_demosConfig.cmake
-- Symlinking: /home/ironie/HornetXII_sims/install/dave_demos/share/dave_demos/cmake/dave_demosConfig-version.cmake
-- Symlinking: /home/ironie/HornetXII_sims/install/dave_demos/share/dave_demos/package.xml
