[0.066s] Invoking command in '/home/ironie/HornetXII_sims/build/dave_demos': CMAKE_PREFIX_PATH=${CMAKE_PREFIX_PATH}:/home/ironie/assignment3/install/assignment3:/opt/ros/jazzy DEBUGINFOD_URLS=https://debuginfod.ubuntu.com /usr/bin/cmake /home/ironie/HornetXII_sims/src/dave/examples/dave_demos -DAMENT_CMAKE_SYMLINK_INSTALL=1 -DCMAKE_INSTALL_PREFIX=/home/ironie/HornetXII_sims/install/dave_demos
[0.445s] -- The C compiler identification is GNU 13.3.0
[1.295s] -- The CXX compiler identification is GNU 13.3.0
[1.972s] -- Detecting C compiler ABI info
[2.260s] -- Detecting C compiler ABI info - done
[2.271s] -- Check for working C compiler: /usr/bin/cc - skipped
[2.272s] -- Detecting C compile features
[2.273s] -- Detecting C compile features - done
[2.411s] -- Detecting CXX compiler ABI info
[2.833s] -- Detecting CXX compiler ABI info - done
[2.846s] -- Check for working CXX compiler: /usr/bin/c++ - skipped
[2.846s] -- Detecting CXX compile features
[2.847s] -- Detecting CXX compile features - done
[2.852s] -- Found ament_cmake: 2.5.6 (/opt/ros/jazzy/share/ament_cmake/cmake)
[3.146s] -- Found Python3: /usr/bin/python3 (found version "3.12.3") found components: Interpreter 
[3.317s] -- Override CMake install command with custom implementation using symlinks instead of copying resources
[3.638s] -- Configuring done (3.5s)
[3.649s] -- Generating done (0.0s)
[3.653s] -- Build files have been written to: /home/ironie/HornetXII_sims/build/dave_demos
[3.661s] Invoked command in '/home/ironie/HornetXII_sims/build/dave_demos' returned '0': CMAKE_PREFIX_PATH=${CMAKE_PREFIX_PATH}:/home/ironie/assignment3/install/assignment3:/opt/ros/jazzy DEBUGINFOD_URLS=https://debuginfod.ubuntu.com /usr/bin/cmake /home/ironie/HornetXII_sims/src/dave/examples/dave_demos -DAMENT_CMAKE_SYMLINK_INSTALL=1 -DCMAKE_INSTALL_PREFIX=/home/ironie/HornetXII_sims/install/dave_demos
[3.662s] Invoking command in '/home/ironie/HornetXII_sims/build/dave_demos': CMAKE_PREFIX_PATH=${CMAKE_PREFIX_PATH}:/home/ironie/assignment3/install/assignment3:/opt/ros/jazzy DEBUGINFOD_URLS=https://debuginfod.ubuntu.com /usr/bin/cmake --build /home/ironie/HornetXII_sims/build/dave_demos -- -j12 -l12
[3.823s] Invoked command in '/home/ironie/HornetXII_sims/build/dave_demos' returned '0': CMAKE_PREFIX_PATH=${CMAKE_PREFIX_PATH}:/home/ironie/assignment3/install/assignment3:/opt/ros/jazzy DEBUGINFOD_URLS=https://debuginfod.ubuntu.com /usr/bin/cmake --build /home/ironie/HornetXII_sims/build/dave_demos -- -j12 -l12
[3.825s] Invoking command in '/home/ironie/HornetXII_sims/build/dave_demos': CMAKE_PREFIX_PATH=${CMAKE_PREFIX_PATH}:/home/ironie/assignment3/install/assignment3:/opt/ros/jazzy DEBUGINFOD_URLS=https://debuginfod.ubuntu.com /usr/bin/cmake --install /home/ironie/HornetXII_sims/build/dave_demos
[3.878s] -- Install configuration: ""
[3.878s] -- Execute custom install script
[3.878s] -- Symlinking: /home/ironie/HornetXII_sims/install/dave_demos/share/dave_demos/launch/dave_object.launch.py
[3.879s] -- Symlinking: /home/ironie/HornetXII_sims/install/dave_demos/share/dave_demos/launch/dave_robot.launch.py
[3.879s] -- Symlinking: /home/ironie/HornetXII_sims/install/dave_demos/share/dave_demos/launch/dave_sensor.launch.py
[3.889s] -- Symlinking: /home/ironie/HornetXII_sims/install/dave_demos/share/dave_demos/launch/dave_world.launch.py
[3.904s] -- Symlinking: /home/ironie/HornetXII_sims/install/dave_demos/share/ament_index/resource_index/package_run_dependencies/dave_demos
[3.918s] -- Symlinking: /home/ironie/HornetXII_sims/install/dave_demos/share/ament_index/resource_index/parent_prefix_path/dave_demos
[3.931s] -- Symlinking: /home/ironie/HornetXII_sims/install/dave_demos/share/dave_demos/environment/ament_prefix_path.sh
[3.941s] -- Symlinking: /home/ironie/HornetXII_sims/install/dave_demos/share/dave_demos/environment/ament_prefix_path.dsv
[3.955s] -- Symlinking: /home/ironie/HornetXII_sims/install/dave_demos/share/dave_demos/environment/path.sh
[3.966s] -- Symlinking: /home/ironie/HornetXII_sims/install/dave_demos/share/dave_demos/environment/path.dsv
[3.980s] -- Symlinking: /home/ironie/HornetXII_sims/install/dave_demos/share/dave_demos/local_setup.bash
[3.994s] -- Symlinking: /home/ironie/HornetXII_sims/install/dave_demos/share/dave_demos/local_setup.sh
[4.005s] -- Symlinking: /home/ironie/HornetXII_sims/install/dave_demos/share/dave_demos/local_setup.zsh
[4.017s] -- Symlinking: /home/ironie/HornetXII_sims/install/dave_demos/share/dave_demos/local_setup.dsv
[4.028s] -- Symlinking: /home/ironie/HornetXII_sims/install/dave_demos/share/dave_demos/package.dsv
[4.040s] -- Symlinking: /home/ironie/HornetXII_sims/install/dave_demos/share/ament_index/resource_index/packages/dave_demos
[4.053s] -- Symlinking: /home/ironie/HornetXII_sims/install/dave_demos/share/dave_demos/cmake/dave_demosConfig.cmake
[4.064s] -- Symlinking: /home/ironie/HornetXII_sims/install/dave_demos/share/dave_demos/cmake/dave_demosConfig-version.cmake
[4.075s] -- Symlinking: /home/ironie/HornetXII_sims/install/dave_demos/share/dave_demos/package.xml
[4.088s] Invoked command in '/home/ironie/HornetXII_sims/build/dave_demos' returned '0': CMAKE_PREFIX_PATH=${CMAKE_PREFIX_PATH}:/home/ironie/assignment3/install/assignment3:/opt/ros/jazzy DEBUGINFOD_URLS=https://debuginfod.ubuntu.com /usr/bin/cmake --install /home/ironie/HornetXII_sims/build/dave_demos
