[0.075s] Invoking command in '/home/ironie/HornetXII_sims/build/multibeam_sonar_system': CMAKE_PREFIX_PATH=${CMAKE_PREFIX_PATH}:/home/ironie/assignment3/install/assignment3:/opt/ros/jazzy DEBUGINFOD_URLS=https://debuginfod.ubuntu.com /usr/bin/cmake /home/ironie/HornetXII_sims/src/dave/gazebo/dave_gz_multibeam_sonar/multibeam_sonar_system -DAMENT_CMAKE_SYMLINK_INSTALL=1 -DCMAKE_INSTALL_PREFIX=/home/ironie/HornetXII_sims/install/multibeam_sonar_system
[3.621s] -- The C compiler identification is GNU 13.3.0
[3.622s] -- The CXX compiler identification is GNU 13.3.0
[3.623s] -- Detecting C compiler ABI info
[3.623s] -- Detecting C compiler ABI info - done
[3.624s] -- Check for working C compiler: /usr/bin/cc - skipped
[3.624s] -- Detecting C compile features
[3.624s] -- Detecting C compile features - done
[3.624s] -- Detecting CXX compiler ABI info
[3.624s] -- Detecting CXX compiler ABI info - done
[3.625s] -- Check for working CXX compiler: /usr/bin/c++ - skipped
[3.625s] -- Detecting CXX compile features
[3.625s] -- Detecting CXX compile features - done
[3.625s] -- Found ament_cmake: 2.5.6 (/opt/ros/jazzy/share/ament_cmake/cmake)
[3.625s] -- Found Python3: /usr/bin/python3 (found version "3.12.3") found components: Interpreter 
[3.625s] -- Override CMake install command with custom implementation using symlinks instead of copying resources
[4.710s] -- CUDA Toolkit not found: Skipping CUDA-specific targets
[4.840s] -- Configuring done (4.7s)
[4.846s] -- Generating done (0.0s)
[4.849s] -- Build files have been written to: /home/ironie/HornetXII_sims/build/multibeam_sonar_system
[4.879s] Invoked command in '/home/ironie/HornetXII_sims/build/multibeam_sonar_system' returned '0': CMAKE_PREFIX_PATH=${CMAKE_PREFIX_PATH}:/home/ironie/assignment3/install/assignment3:/opt/ros/jazzy DEBUGINFOD_URLS=https://debuginfod.ubuntu.com /usr/bin/cmake /home/ironie/HornetXII_sims/src/dave/gazebo/dave_gz_multibeam_sonar/multibeam_sonar_system -DAMENT_CMAKE_SYMLINK_INSTALL=1 -DCMAKE_INSTALL_PREFIX=/home/ironie/HornetXII_sims/install/multibeam_sonar_system
[4.881s] Invoking command in '/home/ironie/HornetXII_sims/build/multibeam_sonar_system': CMAKE_PREFIX_PATH=${CMAKE_PREFIX_PATH}:/home/ironie/assignment3/install/assignment3:/opt/ros/jazzy DEBUGINFOD_URLS=https://debuginfod.ubuntu.com /usr/bin/cmake --build /home/ironie/HornetXII_sims/build/multibeam_sonar_system -- -j12 -l12
[4.920s] Invoked command in '/home/ironie/HornetXII_sims/build/multibeam_sonar_system' returned '0': CMAKE_PREFIX_PATH=${CMAKE_PREFIX_PATH}:/home/ironie/assignment3/install/assignment3:/opt/ros/jazzy DEBUGINFOD_URLS=https://debuginfod.ubuntu.com /usr/bin/cmake --build /home/ironie/HornetXII_sims/build/multibeam_sonar_system -- -j12 -l12
[4.921s] Invoking command in '/home/ironie/HornetXII_sims/build/multibeam_sonar_system': CMAKE_PREFIX_PATH=${CMAKE_PREFIX_PATH}:/home/ironie/assignment3/install/assignment3:/opt/ros/jazzy DEBUGINFOD_URLS=https://debuginfod.ubuntu.com /usr/bin/cmake --install /home/ironie/HornetXII_sims/build/multibeam_sonar_system
[4.929s] -- Install configuration: ""
[4.929s] -- Execute custom install script
[4.931s] -- Symlinking: /home/ironie/HornetXII_sims/install/multibeam_sonar_system/share/ament_index/resource_index/package_run_dependencies/multibeam_sonar_system
[4.940s] -- Symlinking: /home/ironie/HornetXII_sims/install/multibeam_sonar_system/share/ament_index/resource_index/parent_prefix_path/multibeam_sonar_system
[4.950s] -- Symlinking: /home/ironie/HornetXII_sims/install/multibeam_sonar_system/share/multibeam_sonar_system/environment/ament_prefix_path.sh
[4.961s] -- Symlinking: /home/ironie/HornetXII_sims/install/multibeam_sonar_system/share/multibeam_sonar_system/environment/ament_prefix_path.dsv
[4.971s] -- Symlinking: /home/ironie/HornetXII_sims/install/multibeam_sonar_system/share/multibeam_sonar_system/environment/path.sh
[4.981s] -- Symlinking: /home/ironie/HornetXII_sims/install/multibeam_sonar_system/share/multibeam_sonar_system/environment/path.dsv
[4.992s] -- Symlinking: /home/ironie/HornetXII_sims/install/multibeam_sonar_system/share/multibeam_sonar_system/local_setup.bash
[5.003s] -- Symlinking: /home/ironie/HornetXII_sims/install/multibeam_sonar_system/share/multibeam_sonar_system/local_setup.sh
[5.012s] -- Symlinking: /home/ironie/HornetXII_sims/install/multibeam_sonar_system/share/multibeam_sonar_system/local_setup.zsh
[5.023s] -- Symlinking: /home/ironie/HornetXII_sims/install/multibeam_sonar_system/share/multibeam_sonar_system/local_setup.dsv
[5.033s] -- Symlinking: /home/ironie/HornetXII_sims/install/multibeam_sonar_system/share/multibeam_sonar_system/package.dsv
[5.043s] -- Symlinking: /home/ironie/HornetXII_sims/install/multibeam_sonar_system/share/ament_index/resource_index/packages/multibeam_sonar_system
[5.057s] -- Symlinking: /home/ironie/HornetXII_sims/install/multibeam_sonar_system/share/multibeam_sonar_system/cmake/multibeam_sonar_systemConfig.cmake
[5.066s] -- Symlinking: /home/ironie/HornetXII_sims/install/multibeam_sonar_system/share/multibeam_sonar_system/cmake/multibeam_sonar_systemConfig-version.cmake
[5.077s] -- Symlinking: /home/ironie/HornetXII_sims/install/multibeam_sonar_system/share/multibeam_sonar_system/package.xml
[5.090s] Invoked command in '/home/ironie/HornetXII_sims/build/multibeam_sonar_system' returned '0': CMAKE_PREFIX_PATH=${CMAKE_PREFIX_PATH}:/home/ironie/assignment3/install/assignment3:/opt/ros/jazzy DEBUGINFOD_URLS=https://debuginfod.ubuntu.com /usr/bin/cmake --install /home/ironie/HornetXII_sims/build/multibeam_sonar_system
