-- The C compiler identification is GNU 13.3.0
-- The CXX compiler identification is GNU 13.3.0
-- Detecting C compiler ABI info
-- Detecting C compiler ABI info - done
-- Check for working C compiler: /usr/bin/cc - skipped
-- Detecting C compile features
-- Detecting C compile features - done
-- Detecting CXX compiler ABI info
-- Detecting CXX compiler ABI info - done
-- Check for working CXX compiler: /usr/bin/c++ - skipped
-- Detecting CXX compile features
-- Detecting CXX compile features - done
-- Found ament_cmake: 2.5.6 (/opt/ros/jazzy/share/ament_cmake/cmake)
-- Found Python3: /usr/bin/python3 (found version "3.12.3") found components: Interpreter 
-- Override CMake install command with custom implementation using symlinks instead of copying resources
-- Found rclcpp: 28.1.22 (/opt/ros/jazzy/share/rclcpp/cmake)
-- Found rosidl_generator_c: 4.6.9 (/opt/ros/jazzy/share/rosidl_generator_c/cmake)
-- Found rosidl_generator_cpp: 4.6.9 (/opt/ros/jazzy/share/rosidl_generator_cpp/cmake)
-- Using all available rosidl_typesupport_c: rosidl_typesupport_fastrtps_c;rosidl_typesupport_introspection_c
-- Using all available rosidl_typesupport_cpp: rosidl_typesupport_fastrtps_cpp;rosidl_typesupport_introspection_cpp
-- Found rmw_implementation_cmake: 7.3.3 (/opt/ros/jazzy/share/rmw_implementation_cmake/cmake)
-- Found rmw_fastrtps_cpp: 8.4.4 (/opt/ros/jazzy/share/rmw_fastrtps_cpp/cmake)
-- Found OpenSSL: /usr/lib/x86_64-linux-gnu/libcrypto.so (found version "3.0.13")  
-- Found FastRTPS: /opt/ros/jazzy/include (Required is at least version "2.13") 
-- Using RMW implementation 'rmw_fastrtps_cpp' as default
-- Found std_msgs: 5.3.8 (/opt/ros/jazzy/share/std_msgs/cmake)
-- Found geometry_msgs: 5.3.8 (/opt/ros/jazzy/share/geometry_msgs/cmake)
-- Found rosidl_default_generators: 1.6.1 (/opt/ros/jazzy/share/rosidl_default_generators/cmake)
-- Found rosidl_adapter: 4.6.9 (/opt/ros/jazzy/share/rosidl_adapter/cmake)
-- Found ament_cmake_ros: 0.12.1 (/opt/ros/jazzy/share/ament_cmake_ros/cmake)
-- Using all available rosidl_typesupport_c: rosidl_typesupport_fastrtps_c;rosidl_typesupport_introspection_c
-- Using all available rosidl_typesupport_cpp: rosidl_typesupport_fastrtps_cpp;rosidl_typesupport_introspection_cpp
-- Found python_cmake_module: 0.11.1 (/opt/ros/jazzy/share/python_cmake_module/cmake)
-- Found PythonExtra: /usr/bin/python3  
-- Found Python3: /usr/bin/python3 (found version "3.12.3") found components: Interpreter Development NumPy Development.Module Development.Embed 
-- Found Python3: /usr/bin/python3 (found version "3.12.3") found components: Interpreter 
-- Configuring done (8.1s)
-- Generating done (0.1s)
-- Build files have been written to: /home/ironie/HornetXII_sims/build/dave_interfaces
[  2%] [34m[1mGenerating Rust code for ROS interfaces[0m
[  2%] [34m[1mGenerating type hashes for ROS interfaces[0m
[  2%] Built target ament_cmake_python_symlink_dave_interfaces
running egg_info
creating dave_interfaces.egg-info
writing dave_interfaces.egg-info/PKG-INFO
writing dependency_links to dave_interfaces.egg-info/dependency_links.txt
writing top-level names to dave_interfaces.egg-info/top_level.txt
writing manifest file 'dave_interfaces.egg-info/SOURCES.txt'
reading manifest file 'dave_interfaces.egg-info/SOURCES.txt'
writing manifest file 'dave_interfaces.egg-info/SOURCES.txt'
[  2%] Built target ament_cmake_python_build_dave_interfaces_egg
[  2%] Built target dave_interfaces__rosidl_generator_type_description
[  3%] [34m[1mGenerating C code for ROS interfaces[0m
[  3%] [34m[1mGenerating C++ code for ROS interfaces[0m
[  3%] Built target dave_interfaces__rs
[  3%] Built target dave_interfaces__cpp
[  3%] [32mBuilding C object CMakeFiles/dave_interfaces__rosidl_generator_c.dir/rosidl_generator_c/dave_interfaces/msg/detail/usbl_command__description.c.o[0m
[  3%] [32mBuilding C object CMakeFiles/dave_interfaces__rosidl_generator_c.dir/rosidl_generator_c/dave_interfaces/msg/detail/usbl_command__type_support.c.o[0m
[  3%] [32mBuilding C object CMakeFiles/dave_interfaces__rosidl_generator_c.dir/rosidl_generator_c/dave_interfaces/msg/detail/usbl_response__functions.c.o[0m
[  3%] [32mBuilding C object CMakeFiles/dave_interfaces__rosidl_generator_c.dir/rosidl_generator_c/dave_interfaces/msg/detail/dvl__functions.c.o[0m
[  3%] [32mBuilding C object CMakeFiles/dave_interfaces__rosidl_generator_c.dir/rosidl_generator_c/dave_interfaces/msg/detail/location__description.c.o[0m
[  5%] [32mBuilding C object CMakeFiles/dave_interfaces__rosidl_generator_c.dir/rosidl_generator_c/dave_interfaces/msg/detail/usbl_command__functions.c.o[0m
[  5%] [32mBuilding C object CMakeFiles/dave_interfaces__rosidl_generator_c.dir/rosidl_generator_c/dave_interfaces/msg/detail/usbl_response__type_support.c.o[0m
[  5%] [32mBuilding C object CMakeFiles/dave_interfaces__rosidl_generator_c.dir/rosidl_generator_c/dave_interfaces/msg/detail/location__type_support.c.o[0m
[  6%] [32mBuilding C object CMakeFiles/dave_interfaces__rosidl_generator_c.dir/rosidl_generator_c/dave_interfaces/msg/detail/dvl__type_support.c.o[0m
[  7%] [32mBuilding C object CMakeFiles/dave_interfaces__rosidl_generator_c.dir/rosidl_generator_c/dave_interfaces/msg/detail/location__functions.c.o[0m
[  8%] [32mBuilding C object CMakeFiles/dave_interfaces__rosidl_generator_c.dir/rosidl_generator_c/dave_interfaces/msg/detail/dvl__description.c.o[0m
[  9%] [32mBuilding C object CMakeFiles/dave_interfaces__rosidl_generator_c.dir/rosidl_generator_c/dave_interfaces/msg/detail/usbl_response__description.c.o[0m
[  9%] [32mBuilding C object CMakeFiles/dave_interfaces__rosidl_generator_c.dir/rosidl_generator_c/dave_interfaces/msg/detail/dvl_beam__description.c.o[0m
[ 10%] [32mBuilding C object CMakeFiles/dave_interfaces__rosidl_generator_c.dir/rosidl_generator_c/dave_interfaces/msg/detail/dvl_beam__functions.c.o[0m
[ 11%] [32mBuilding C object CMakeFiles/dave_interfaces__rosidl_generator_c.dir/rosidl_generator_c/dave_interfaces/msg/detail/dvl_target__functions.c.o[0m
[ 11%] [32mBuilding C object CMakeFiles/dave_interfaces__rosidl_generator_c.dir/rosidl_generator_c/dave_interfaces/msg/detail/dvl_target__description.c.o[0m
[ 12%] [32mBuilding C object CMakeFiles/dave_interfaces__rosidl_generator_c.dir/rosidl_generator_c/dave_interfaces/msg/detail/dvl_target__type_support.c.o[0m
[ 12%] [32mBuilding C object CMakeFiles/dave_interfaces__rosidl_generator_c.dir/rosidl_generator_c/dave_interfaces/msg/detail/dvl_beam__type_support.c.o[0m
[ 12%] [32mBuilding C object CMakeFiles/dave_interfaces__rosidl_generator_c.dir/rosidl_generator_c/dave_interfaces/msg/detail/stratified_current_velocity__description.c.o[0m
[ 13%] [32mBuilding C object CMakeFiles/dave_interfaces__rosidl_generator_c.dir/rosidl_generator_c/dave_interfaces/msg/detail/stratified_current_velocity__functions.c.o[0m
[ 13%] [32mBuilding C object CMakeFiles/dave_interfaces__rosidl_generator_c.dir/rosidl_generator_c/dave_interfaces/msg/detail/stratified_current_velocity__type_support.c.o[0m
[ 14%] [32mBuilding C object CMakeFiles/dave_interfaces__rosidl_generator_c.dir/rosidl_generator_c/dave_interfaces/msg/detail/stratified_current_database__description.c.o[0m
[ 14%] [32mBuilding C object CMakeFiles/dave_interfaces__rosidl_generator_c.dir/rosidl_generator_c/dave_interfaces/msg/detail/stratified_current_database__functions.c.o[0m
[ 15%] [32mBuilding C object CMakeFiles/dave_interfaces__rosidl_generator_c.dir/rosidl_generator_c/dave_interfaces/msg/detail/stratified_current_database__type_support.c.o[0m
[ 15%] [32mBuilding C object CMakeFiles/dave_interfaces__rosidl_generator_c.dir/rosidl_generator_c/dave_interfaces/srv/detail/set_origin_spherical_coord__description.c.o[0m
[ 16%] [32mBuilding C object CMakeFiles/dave_interfaces__rosidl_generator_c.dir/rosidl_generator_c/dave_interfaces/srv/detail/set_origin_spherical_coord__functions.c.o[0m
[ 16%] [32mBuilding C object CMakeFiles/dave_interfaces__rosidl_generator_c.dir/rosidl_generator_c/dave_interfaces/srv/detail/set_origin_spherical_coord__type_support.c.o[0m
[ 17%] [32mBuilding C object CMakeFiles/dave_interfaces__rosidl_generator_c.dir/rosidl_generator_c/dave_interfaces/srv/detail/get_origin_spherical_coord__description.c.o[0m
[ 18%] [32mBuilding C object CMakeFiles/dave_interfaces__rosidl_generator_c.dir/rosidl_generator_c/dave_interfaces/srv/detail/get_origin_spherical_coord__type_support.c.o[0m
[ 18%] [32mBuilding C object CMakeFiles/dave_interfaces__rosidl_generator_c.dir/rosidl_generator_c/dave_interfaces/srv/detail/transform_to_spherical_coord__description.c.o[0m
[ 19%] [32mBuilding C object CMakeFiles/dave_interfaces__rosidl_generator_c.dir/rosidl_generator_c/dave_interfaces/srv/detail/transform_to_spherical_coord__functions.c.o[0m
[ 19%] [32mBuilding C object CMakeFiles/dave_interfaces__rosidl_generator_c.dir/rosidl_generator_c/dave_interfaces/srv/detail/get_origin_spherical_coord__functions.c.o[0m
[ 19%] [32mBuilding C object CMakeFiles/dave_interfaces__rosidl_generator_c.dir/rosidl_generator_c/dave_interfaces/srv/detail/transform_to_spherical_coord__type_support.c.o[0m
[ 20%] [32mBuilding C object CMakeFiles/dave_interfaces__rosidl_generator_c.dir/rosidl_generator_c/dave_interfaces/srv/detail/transform_from_spherical_coord__description.c.o[0m
[ 20%] [32mBuilding C object CMakeFiles/dave_interfaces__rosidl_generator_c.dir/rosidl_generator_c/dave_interfaces/srv/detail/transform_from_spherical_coord__functions.c.o[0m
[ 21%] [32mBuilding C object CMakeFiles/dave_interfaces__rosidl_generator_c.dir/rosidl_generator_c/dave_interfaces/srv/detail/transform_from_spherical_coord__type_support.c.o[0m
[ 21%] [32mBuilding C object CMakeFiles/dave_interfaces__rosidl_generator_c.dir/rosidl_generator_c/dave_interfaces/srv/detail/get_current_model__description.c.o[0m
[ 22%] [32mBuilding C object CMakeFiles/dave_interfaces__rosidl_generator_c.dir/rosidl_generator_c/dave_interfaces/srv/detail/get_current_model__functions.c.o[0m
[ 22%] [32mBuilding C object CMakeFiles/dave_interfaces__rosidl_generator_c.dir/rosidl_generator_c/dave_interfaces/srv/detail/get_current_model__type_support.c.o[0m
[ 22%] [32mBuilding C object CMakeFiles/dave_interfaces__rosidl_generator_c.dir/rosidl_generator_c/dave_interfaces/srv/detail/set_current_model__description.c.o[0m
[ 23%] [32mBuilding C object CMakeFiles/dave_interfaces__rosidl_generator_c.dir/rosidl_generator_c/dave_interfaces/srv/detail/set_current_model__functions.c.o[0m
[ 23%] [32mBuilding C object CMakeFiles/dave_interfaces__rosidl_generator_c.dir/rosidl_generator_c/dave_interfaces/srv/detail/set_current_model__type_support.c.o[0m
[ 24%] [32mBuilding C object CMakeFiles/dave_interfaces__rosidl_generator_c.dir/rosidl_generator_c/dave_interfaces/srv/detail/set_current_direction__description.c.o[0m
[ 24%] [32mBuilding C object CMakeFiles/dave_interfaces__rosidl_generator_c.dir/rosidl_generator_c/dave_interfaces/srv/detail/set_current_direction__functions.c.o[0m
[ 25%] [32mBuilding C object CMakeFiles/dave_interfaces__rosidl_generator_c.dir/rosidl_generator_c/dave_interfaces/srv/detail/set_current_direction__type_support.c.o[0m
[ 26%] [32mBuilding C object CMakeFiles/dave_interfaces__rosidl_generator_c.dir/rosidl_generator_c/dave_interfaces/srv/detail/set_stratified_current_velocity__description.c.o[0m
[ 26%] [32mBuilding C object CMakeFiles/dave_interfaces__rosidl_generator_c.dir/rosidl_generator_c/dave_interfaces/srv/detail/set_current_velocity__description.c.o[0m
[ 27%] [32mBuilding C object CMakeFiles/dave_interfaces__rosidl_generator_c.dir/rosidl_generator_c/dave_interfaces/srv/detail/set_current_velocity__functions.c.o[0m
[ 27%] [32mBuilding C object CMakeFiles/dave_interfaces__rosidl_generator_c.dir/rosidl_generator_c/dave_interfaces/srv/detail/set_current_velocity__type_support.c.o[0m
[ 27%] [32mBuilding C object CMakeFiles/dave_interfaces__rosidl_generator_c.dir/rosidl_generator_c/dave_interfaces/srv/detail/set_stratified_current_direction__description.c.o[0m
[ 28%] [32mBuilding C object CMakeFiles/dave_interfaces__rosidl_generator_c.dir/rosidl_generator_c/dave_interfaces/srv/detail/set_stratified_current_velocity__type_support.c.o[0m
[ 28%] [32mBuilding C object CMakeFiles/dave_interfaces__rosidl_generator_c.dir/rosidl_generator_c/dave_interfaces/srv/detail/set_stratified_current_velocity__functions.c.o[0m
[ 29%] [32mBuilding C object CMakeFiles/dave_interfaces__rosidl_generator_c.dir/rosidl_generator_c/dave_interfaces/srv/detail/set_stratified_current_direction__functions.c.o[0m
[ 29%] [32mBuilding C object CMakeFiles/dave_interfaces__rosidl_generator_c.dir/rosidl_generator_c/dave_interfaces/srv/detail/set_stratified_current_direction__type_support.c.o[0m
[ 30%] [32m[1mLinking C shared library libdave_interfaces__rosidl_generator_c.so[0m
[ 30%] Built target dave_interfaces__rosidl_generator_c
[ 30%] [34m[1mGenerating C introspection for ROS interfaces[0m
[ 30%] [34m[1mGenerating C++ type support for eProsima Fast-RTPS[0m
[ 30%] [34m[1mGenerating C type support dispatch for ROS interfaces[0m
[ 31%] [34m[1mGenerating C type support for eProsima Fast-RTPS[0m
[ 33%] [34m[1mGenerating C++ type support dispatch for ROS interfaces[0m
[ 33%] [34m[1mGenerating C++ introspection for ROS interfaces[0m
[ 34%] [32mBuilding CXX object CMakeFiles/dave_interfaces__rosidl_typesupport_c.dir/rosidl_typesupport_c/dave_interfaces/msg/usbl_command__type_support.cpp.o[0m
[ 34%] [32mBuilding CXX object CMakeFiles/dave_interfaces__rosidl_typesupport_c.dir/rosidl_typesupport_c/dave_interfaces/msg/usbl_response__type_support.cpp.o[0m
[ 35%] [32mBuilding CXX object CMakeFiles/dave_interfaces__rosidl_typesupport_c.dir/rosidl_typesupport_c/dave_interfaces/msg/dvl__type_support.cpp.o[0m
[ 35%] [32mBuilding CXX object CMakeFiles/dave_interfaces__rosidl_typesupport_c.dir/rosidl_typesupport_c/dave_interfaces/msg/location__type_support.cpp.o[0m
[ 35%] [32mBuilding CXX object CMakeFiles/dave_interfaces__rosidl_typesupport_c.dir/rosidl_typesupport_c/dave_interfaces/msg/dvl_beam__type_support.cpp.o[0m
[ 36%] [32mBuilding CXX object CMakeFiles/dave_interfaces__rosidl_typesupport_c.dir/rosidl_typesupport_c/dave_interfaces/msg/dvl_target__type_support.cpp.o[0m
[ 36%] [32mBuilding CXX object CMakeFiles/dave_interfaces__rosidl_typesupport_c.dir/rosidl_typesupport_c/dave_interfaces/msg/stratified_current_velocity__type_support.cpp.o[0m
[ 36%] [32mBuilding CXX object CMakeFiles/dave_interfaces__rosidl_typesupport_c.dir/rosidl_typesupport_c/dave_interfaces/srv/set_origin_spherical_coord__type_support.cpp.o[0m
[ 37%] [32mBuilding CXX object CMakeFiles/dave_interfaces__rosidl_typesupport_c.dir/rosidl_typesupport_c/dave_interfaces/srv/get_origin_spherical_coord__type_support.cpp.o[0m
[ 37%] [32mBuilding CXX object CMakeFiles/dave_interfaces__rosidl_typesupport_c.dir/rosidl_typesupport_c/dave_interfaces/srv/transform_to_spherical_coord__type_support.cpp.o[0m
[ 37%] [32mBuilding CXX object CMakeFiles/dave_interfaces__rosidl_typesupport_cpp.dir/rosidl_typesupport_cpp/dave_interfaces/msg/usbl_command__type_support.cpp.o[0m
[ 38%] [32mBuilding CXX object CMakeFiles/dave_interfaces__rosidl_typesupport_c.dir/rosidl_typesupport_c/dave_interfaces/msg/stratified_current_database__type_support.cpp.o[0m
[ 39%] [32mBuilding CXX object CMakeFiles/dave_interfaces__rosidl_typesupport_c.dir/rosidl_typesupport_c/dave_interfaces/srv/transform_from_spherical_coord__type_support.cpp.o[0m
[ 39%] [32mBuilding CXX object CMakeFiles/dave_interfaces__rosidl_typesupport_c.dir/rosidl_typesupport_c/dave_interfaces/srv/get_current_model__type_support.cpp.o[0m
[ 40%] [32mBuilding CXX object CMakeFiles/dave_interfaces__rosidl_typesupport_c.dir/rosidl_typesupport_c/dave_interfaces/srv/set_current_model__type_support.cpp.o[0m
[ 40%] [32mBuilding CXX object CMakeFiles/dave_interfaces__rosidl_typesupport_c.dir/rosidl_typesupport_c/dave_interfaces/srv/set_current_direction__type_support.cpp.o[0m
[ 41%] [32mBuilding CXX object CMakeFiles/dave_interfaces__rosidl_typesupport_cpp.dir/rosidl_typesupport_cpp/dave_interfaces/msg/usbl_response__type_support.cpp.o[0m
[ 42%] [32mBuilding CXX object CMakeFiles/dave_interfaces__rosidl_typesupport_c.dir/rosidl_typesupport_c/dave_interfaces/srv/set_current_velocity__type_support.cpp.o[0m
[ 42%] [32mBuilding CXX object CMakeFiles/dave_interfaces__rosidl_typesupport_cpp.dir/rosidl_typesupport_cpp/dave_interfaces/msg/location__type_support.cpp.o[0m
[ 43%] [32mBuilding CXX object CMakeFiles/dave_interfaces__rosidl_typesupport_cpp.dir/rosidl_typesupport_cpp/dave_interfaces/msg/dvl__type_support.cpp.o[0m
[ 43%] [32mBuilding CXX object CMakeFiles/dave_interfaces__rosidl_typesupport_c.dir/rosidl_typesupport_c/dave_interfaces/srv/set_stratified_current_velocity__type_support.cpp.o[0m
[ 43%] [32mBuilding CXX object CMakeFiles/dave_interfaces__rosidl_typesupport_cpp.dir/rosidl_typesupport_cpp/dave_interfaces/msg/dvl_beam__type_support.cpp.o[0m
[ 44%] [32mBuilding CXX object CMakeFiles/dave_interfaces__rosidl_typesupport_c.dir/rosidl_typesupport_c/dave_interfaces/srv/set_stratified_current_direction__type_support.cpp.o[0m
[ 45%] [32mBuilding CXX object CMakeFiles/dave_interfaces__rosidl_typesupport_cpp.dir/rosidl_typesupport_cpp/dave_interfaces/msg/dvl_target__type_support.cpp.o[0m
[ 45%] [32mBuilding CXX object CMakeFiles/dave_interfaces__rosidl_typesupport_cpp.dir/rosidl_typesupport_cpp/dave_interfaces/msg/stratified_current_velocity__type_support.cpp.o[0m
[ 45%] [32m[1mLinking CXX shared library libdave_interfaces__rosidl_typesupport_c.so[0m
[ 46%] [32mBuilding CXX object CMakeFiles/dave_interfaces__rosidl_typesupport_cpp.dir/rosidl_typesupport_cpp/dave_interfaces/msg/stratified_current_database__type_support.cpp.o[0m
[ 46%] Built target dave_interfaces__rosidl_typesupport_c
[ 47%] [32mBuilding CXX object CMakeFiles/dave_interfaces__rosidl_typesupport_cpp.dir/rosidl_typesupport_cpp/dave_interfaces/srv/get_origin_spherical_coord__type_support.cpp.o[0m
[ 47%] [32mBuilding CXX object CMakeFiles/dave_interfaces__rosidl_typesupport_cpp.dir/rosidl_typesupport_cpp/dave_interfaces/srv/set_origin_spherical_coord__type_support.cpp.o[0m
[ 47%] [32mBuilding CXX object CMakeFiles/dave_interfaces__rosidl_typesupport_cpp.dir/rosidl_typesupport_cpp/dave_interfaces/srv/transform_to_spherical_coord__type_support.cpp.o[0m
[ 47%] [32mBuilding CXX object CMakeFiles/dave_interfaces__rosidl_typesupport_introspection_cpp.dir/rosidl_typesupport_introspection_cpp/dave_interfaces/msg/detail/usbl_command__type_support.cpp.o[0m
[ 48%] [32mBuilding CXX object CMakeFiles/dave_interfaces__rosidl_typesupport_introspection_cpp.dir/rosidl_typesupport_introspection_cpp/dave_interfaces/msg/detail/usbl_response__type_support.cpp.o[0m
[ 49%] [32mBuilding CXX object CMakeFiles/dave_interfaces__rosidl_typesupport_cpp.dir/rosidl_typesupport_cpp/dave_interfaces/srv/transform_from_spherical_coord__type_support.cpp.o[0m
[ 49%] [32mBuilding CXX object CMakeFiles/dave_interfaces__rosidl_typesupport_cpp.dir/rosidl_typesupport_cpp/dave_interfaces/srv/get_current_model__type_support.cpp.o[0m
[ 50%] [32mBuilding C object CMakeFiles/dave_interfaces__rosidl_typesupport_introspection_c.dir/rosidl_typesupport_introspection_c/dave_interfaces/msg/detail/usbl_command__type_support.c.o[0m
[ 51%] [32mBuilding CXX object CMakeFiles/dave_interfaces__rosidl_typesupport_cpp.dir/rosidl_typesupport_cpp/dave_interfaces/srv/set_current_model__type_support.cpp.o[0m
[ 51%] [32mBuilding C object CMakeFiles/dave_interfaces__rosidl_typesupport_introspection_c.dir/rosidl_typesupport_introspection_c/dave_interfaces/msg/detail/usbl_response__type_support.c.o[0m
[ 52%] [32mBuilding C object CMakeFiles/dave_interfaces__rosidl_typesupport_introspection_c.dir/rosidl_typesupport_introspection_c/dave_interfaces/msg/detail/location__type_support.c.o[0m
[ 52%] [32mBuilding C object CMakeFiles/dave_interfaces__rosidl_typesupport_introspection_c.dir/rosidl_typesupport_introspection_c/dave_interfaces/msg/detail/dvl__type_support.c.o[0m
[ 53%] [32mBuilding C object CMakeFiles/dave_interfaces__rosidl_typesupport_introspection_c.dir/rosidl_typesupport_introspection_c/dave_interfaces/msg/detail/dvl_beam__type_support.c.o[0m
[ 53%] [32mBuilding CXX object CMakeFiles/dave_interfaces__rosidl_typesupport_introspection_cpp.dir/rosidl_typesupport_introspection_cpp/dave_interfaces/msg/detail/location__type_support.cpp.o[0m
[ 54%] [32mBuilding CXX object CMakeFiles/dave_interfaces__rosidl_typesupport_introspection_cpp.dir/rosidl_typesupport_introspection_cpp/dave_interfaces/msg/detail/dvl__type_support.cpp.o[0m
[ 54%] [32mBuilding C object CMakeFiles/dave_interfaces__rosidl_typesupport_introspection_c.dir/rosidl_typesupport_introspection_c/dave_interfaces/msg/detail/dvl_target__type_support.c.o[0m
[ 54%] [32mBuilding C object CMakeFiles/dave_interfaces__rosidl_typesupport_introspection_c.dir/rosidl_typesupport_introspection_c/dave_interfaces/msg/detail/stratified_current_velocity__type_support.c.o[0m
[ 55%] [32mBuilding C object CMakeFiles/dave_interfaces__rosidl_typesupport_introspection_c.dir/rosidl_typesupport_introspection_c/dave_interfaces/msg/detail/stratified_current_database__type_support.c.o[0m
[ 55%] [32mBuilding C object CMakeFiles/dave_interfaces__rosidl_typesupport_introspection_c.dir/rosidl_typesupport_introspection_c/dave_interfaces/srv/detail/set_origin_spherical_coord__type_support.c.o[0m
[ 56%] [32mBuilding C object CMakeFiles/dave_interfaces__rosidl_typesupport_introspection_c.dir/rosidl_typesupport_introspection_c/dave_interfaces/srv/detail/get_origin_spherical_coord__type_support.c.o[0m
[ 56%] [32mBuilding CXX object CMakeFiles/dave_interfaces__rosidl_typesupport_cpp.dir/rosidl_typesupport_cpp/dave_interfaces/srv/set_current_direction__type_support.cpp.o[0m
[ 56%] [32mBuilding CXX object CMakeFiles/dave_interfaces__rosidl_typesupport_introspection_cpp.dir/rosidl_typesupport_introspection_cpp/dave_interfaces/msg/detail/dvl_beam__type_support.cpp.o[0m
[ 57%] [32mBuilding CXX object CMakeFiles/dave_interfaces__rosidl_typesupport_cpp.dir/rosidl_typesupport_cpp/dave_interfaces/srv/set_current_velocity__type_support.cpp.o[0m
[ 57%] [32mBuilding C object CMakeFiles/dave_interfaces__rosidl_typesupport_introspection_c.dir/rosidl_typesupport_introspection_c/dave_interfaces/srv/detail/transform_to_spherical_coord__type_support.c.o[0m
[ 57%] [32mBuilding CXX object CMakeFiles/dave_interfaces__rosidl_typesupport_cpp.dir/rosidl_typesupport_cpp/dave_interfaces/srv/set_stratified_current_velocity__type_support.cpp.o[0m
[ 58%] [32mBuilding C object CMakeFiles/dave_interfaces__rosidl_typesupport_introspection_c.dir/rosidl_typesupport_introspection_c/dave_interfaces/srv/detail/transform_from_spherical_coord__type_support.c.o[0m
[ 58%] [32mBuilding C object CMakeFiles/dave_interfaces__rosidl_typesupport_introspection_c.dir/rosidl_typesupport_introspection_c/dave_interfaces/srv/detail/get_current_model__type_support.c.o[0m
[ 59%] [32mBuilding C object CMakeFiles/dave_interfaces__rosidl_typesupport_introspection_c.dir/rosidl_typesupport_introspection_c/dave_interfaces/srv/detail/set_current_model__type_support.c.o[0m
[ 59%] [32mBuilding C object CMakeFiles/dave_interfaces__rosidl_typesupport_introspection_c.dir/rosidl_typesupport_introspection_c/dave_interfaces/srv/detail/set_current_direction__type_support.c.o[0m
[ 60%] [32mBuilding CXX object CMakeFiles/dave_interfaces__rosidl_typesupport_cpp.dir/rosidl_typesupport_cpp/dave_interfaces/srv/set_stratified_current_direction__type_support.cpp.o[0m
[ 61%] [32mBuilding C object CMakeFiles/dave_interfaces__rosidl_typesupport_introspection_c.dir/rosidl_typesupport_introspection_c/dave_interfaces/srv/detail/set_current_velocity__type_support.c.o[0m
[ 62%] [32mBuilding CXX object CMakeFiles/dave_interfaces__rosidl_typesupport_introspection_cpp.dir/rosidl_typesupport_introspection_cpp/dave_interfaces/msg/detail/dvl_target__type_support.cpp.o[0m
[ 62%] [32mBuilding C object CMakeFiles/dave_interfaces__rosidl_typesupport_introspection_c.dir/rosidl_typesupport_introspection_c/dave_interfaces/srv/detail/set_stratified_current_velocity__type_support.c.o[0m
[ 62%] [32mBuilding CXX object CMakeFiles/dave_interfaces__rosidl_typesupport_introspection_cpp.dir/rosidl_typesupport_introspection_cpp/dave_interfaces/msg/detail/stratified_current_velocity__type_support.cpp.o[0m
[ 63%] [32mBuilding C object CMakeFiles/dave_interfaces__rosidl_typesupport_introspection_c.dir/rosidl_typesupport_introspection_c/dave_interfaces/srv/detail/set_stratified_current_direction__type_support.c.o[0m
[ 64%] [32mBuilding CXX object CMakeFiles/dave_interfaces__rosidl_typesupport_fastrtps_cpp.dir/rosidl_typesupport_fastrtps_cpp/dave_interfaces/msg/detail/dds_fastrtps/usbl_command__type_support.cpp.o[0m
[ 64%] [32mBuilding CXX object CMakeFiles/dave_interfaces__rosidl_typesupport_fastrtps_cpp.dir/rosidl_typesupport_fastrtps_cpp/dave_interfaces/msg/detail/dds_fastrtps/usbl_response__type_support.cpp.o[0m
[ 64%] [32m[1mLinking C shared library libdave_interfaces__rosidl_typesupport_introspection_c.so[0m
[ 65%] [32mBuilding CXX object CMakeFiles/dave_interfaces__rosidl_typesupport_fastrtps_cpp.dir/rosidl_typesupport_fastrtps_cpp/dave_interfaces/msg/detail/dds_fastrtps/location__type_support.cpp.o[0m
[ 66%] [32mBuilding CXX object CMakeFiles/dave_interfaces__rosidl_typesupport_introspection_cpp.dir/rosidl_typesupport_introspection_cpp/dave_interfaces/msg/detail/stratified_current_database__type_support.cpp.o[0m
[ 66%] [32mBuilding CXX object CMakeFiles/dave_interfaces__rosidl_typesupport_introspection_cpp.dir/rosidl_typesupport_introspection_cpp/dave_interfaces/srv/detail/set_origin_spherical_coord__type_support.cpp.o[0m
[ 67%] [32mBuilding CXX object CMakeFiles/dave_interfaces__rosidl_typesupport_introspection_cpp.dir/rosidl_typesupport_introspection_cpp/dave_interfaces/srv/detail/get_origin_spherical_coord__type_support.cpp.o[0m
[ 67%] [32mBuilding CXX object CMakeFiles/dave_interfaces__rosidl_typesupport_fastrtps_cpp.dir/rosidl_typesupport_fastrtps_cpp/dave_interfaces/msg/detail/dds_fastrtps/dvl__type_support.cpp.o[0m
[ 68%] [32mBuilding CXX object CMakeFiles/dave_interfaces__rosidl_typesupport_fastrtps_cpp.dir/rosidl_typesupport_fastrtps_cpp/dave_interfaces/msg/detail/dds_fastrtps/dvl_beam__type_support.cpp.o[0m
[ 68%] [32mBuilding CXX object CMakeFiles/dave_interfaces__rosidl_typesupport_fastrtps_c.dir/rosidl_typesupport_fastrtps_c/dave_interfaces/msg/detail/usbl_command__type_support_c.cpp.o[0m
[ 68%] [32m[1mLinking CXX shared library libdave_interfaces__rosidl_typesupport_cpp.so[0m
[ 68%] Built target dave_interfaces__rosidl_typesupport_introspection_c
[ 68%] [32mBuilding CXX object CMakeFiles/dave_interfaces__rosidl_typesupport_fastrtps_cpp.dir/rosidl_typesupport_fastrtps_cpp/dave_interfaces/msg/detail/dds_fastrtps/dvl_target__type_support.cpp.o[0m
[ 69%] [32mBuilding CXX object CMakeFiles/dave_interfaces__rosidl_typesupport_fastrtps_c.dir/rosidl_typesupport_fastrtps_c/dave_interfaces/msg/detail/usbl_response__type_support_c.cpp.o[0m
[ 70%] [32mBuilding CXX object CMakeFiles/dave_interfaces__rosidl_typesupport_introspection_cpp.dir/rosidl_typesupport_introspection_cpp/dave_interfaces/srv/detail/transform_to_spherical_coord__type_support.cpp.o[0m
[ 70%] [32mBuilding CXX object CMakeFiles/dave_interfaces__rosidl_typesupport_fastrtps_cpp.dir/rosidl_typesupport_fastrtps_cpp/dave_interfaces/msg/detail/dds_fastrtps/stratified_current_velocity__type_support.cpp.o[0m
[ 70%] [32mBuilding CXX object CMakeFiles/dave_interfaces__rosidl_typesupport_fastrtps_c.dir/rosidl_typesupport_fastrtps_c/dave_interfaces/msg/detail/location__type_support_c.cpp.o[0m
[ 70%] Built target dave_interfaces__rosidl_typesupport_cpp
[ 71%] [32mBuilding CXX object CMakeFiles/dave_interfaces__rosidl_typesupport_fastrtps_c.dir/rosidl_typesupport_fastrtps_c/dave_interfaces/msg/detail/dvl__type_support_c.cpp.o[0m
[ 71%] [32mBuilding CXX object CMakeFiles/dave_interfaces__rosidl_typesupport_fastrtps_c.dir/rosidl_typesupport_fastrtps_c/dave_interfaces/msg/detail/dvl_beam__type_support_c.cpp.o[0m
[ 72%] [32mBuilding CXX object CMakeFiles/dave_interfaces__rosidl_typesupport_introspection_cpp.dir/rosidl_typesupport_introspection_cpp/dave_interfaces/srv/detail/transform_from_spherical_coord__type_support.cpp.o[0m
[ 72%] [32mBuilding CXX object CMakeFiles/dave_interfaces__rosidl_typesupport_fastrtps_c.dir/rosidl_typesupport_fastrtps_c/dave_interfaces/msg/detail/dvl_target__type_support_c.cpp.o[0m
[ 73%] [32mBuilding CXX object CMakeFiles/dave_interfaces__rosidl_typesupport_fastrtps_c.dir/rosidl_typesupport_fastrtps_c/dave_interfaces/msg/detail/stratified_current_velocity__type_support_c.cpp.o[0m
[ 73%] [32mBuilding CXX object CMakeFiles/dave_interfaces__rosidl_typesupport_introspection_cpp.dir/rosidl_typesupport_introspection_cpp/dave_interfaces/srv/detail/get_current_model__type_support.cpp.o[0m
[ 74%] [32mBuilding CXX object CMakeFiles/dave_interfaces__rosidl_typesupport_introspection_cpp.dir/rosidl_typesupport_introspection_cpp/dave_interfaces/srv/detail/set_current_model__type_support.cpp.o[0m
[ 74%] [32mBuilding CXX object CMakeFiles/dave_interfaces__rosidl_typesupport_fastrtps_c.dir/rosidl_typesupport_fastrtps_c/dave_interfaces/msg/detail/stratified_current_database__type_support_c.cpp.o[0m
[ 74%] [32mBuilding CXX object CMakeFiles/dave_interfaces__rosidl_typesupport_fastrtps_cpp.dir/rosidl_typesupport_fastrtps_cpp/dave_interfaces/msg/detail/dds_fastrtps/stratified_current_database__type_support.cpp.o[0m
[ 75%] [32mBuilding CXX object CMakeFiles/dave_interfaces__rosidl_typesupport_fastrtps_c.dir/rosidl_typesupport_fastrtps_c/dave_interfaces/srv/detail/set_origin_spherical_coord__type_support_c.cpp.o[0m
[ 75%] [32mBuilding CXX object CMakeFiles/dave_interfaces__rosidl_typesupport_introspection_cpp.dir/rosidl_typesupport_introspection_cpp/dave_interfaces/srv/detail/set_current_direction__type_support.cpp.o[0m
[ 76%] [32mBuilding CXX object CMakeFiles/dave_interfaces__rosidl_typesupport_fastrtps_cpp.dir/rosidl_typesupport_fastrtps_cpp/dave_interfaces/srv/detail/dds_fastrtps/set_origin_spherical_coord__type_support.cpp.o[0m
[ 76%] [32mBuilding CXX object CMakeFiles/dave_interfaces__rosidl_typesupport_fastrtps_c.dir/rosidl_typesupport_fastrtps_c/dave_interfaces/srv/detail/get_origin_spherical_coord__type_support_c.cpp.o[0m
[ 76%] [32mBuilding CXX object CMakeFiles/dave_interfaces__rosidl_typesupport_fastrtps_cpp.dir/rosidl_typesupport_fastrtps_cpp/dave_interfaces/srv/detail/dds_fastrtps/get_origin_spherical_coord__type_support.cpp.o[0m
[ 77%] [32mBuilding CXX object CMakeFiles/dave_interfaces__rosidl_typesupport_introspection_cpp.dir/rosidl_typesupport_introspection_cpp/dave_interfaces/srv/detail/set_current_velocity__type_support.cpp.o[0m
[ 78%] [32mBuilding CXX object CMakeFiles/dave_interfaces__rosidl_typesupport_fastrtps_cpp.dir/rosidl_typesupport_fastrtps_cpp/dave_interfaces/srv/detail/dds_fastrtps/transform_to_spherical_coord__type_support.cpp.o[0m
[ 79%] [32mBuilding CXX object CMakeFiles/dave_interfaces__rosidl_typesupport_fastrtps_c.dir/rosidl_typesupport_fastrtps_c/dave_interfaces/srv/detail/transform_to_spherical_coord__type_support_c.cpp.o[0m
[ 79%] [32mBuilding CXX object CMakeFiles/dave_interfaces__rosidl_typesupport_fastrtps_c.dir/rosidl_typesupport_fastrtps_c/dave_interfaces/srv/detail/transform_from_spherical_coord__type_support_c.cpp.o[0m
[ 79%] [32mBuilding CXX object CMakeFiles/dave_interfaces__rosidl_typesupport_introspection_cpp.dir/rosidl_typesupport_introspection_cpp/dave_interfaces/srv/detail/set_stratified_current_velocity__type_support.cpp.o[0m
[ 80%] [32mBuilding CXX object CMakeFiles/dave_interfaces__rosidl_typesupport_introspection_cpp.dir/rosidl_typesupport_introspection_cpp/dave_interfaces/srv/detail/set_stratified_current_direction__type_support.cpp.o[0m
[ 80%] [32mBuilding CXX object CMakeFiles/dave_interfaces__rosidl_typesupport_fastrtps_cpp.dir/rosidl_typesupport_fastrtps_cpp/dave_interfaces/srv/detail/dds_fastrtps/transform_from_spherical_coord__type_support.cpp.o[0m
[ 81%] [32mBuilding CXX object CMakeFiles/dave_interfaces__rosidl_typesupport_fastrtps_c.dir/rosidl_typesupport_fastrtps_c/dave_interfaces/srv/detail/get_current_model__type_support_c.cpp.o[0m
[ 82%] [32mBuilding CXX object CMakeFiles/dave_interfaces__rosidl_typesupport_fastrtps_cpp.dir/rosidl_typesupport_fastrtps_cpp/dave_interfaces/srv/detail/dds_fastrtps/get_current_model__type_support.cpp.o[0m
[ 82%] [32mBuilding CXX object CMakeFiles/dave_interfaces__rosidl_typesupport_fastrtps_c.dir/rosidl_typesupport_fastrtps_c/dave_interfaces/srv/detail/set_current_model__type_support_c.cpp.o[0m
[ 82%] [32mBuilding CXX object CMakeFiles/dave_interfaces__rosidl_typesupport_fastrtps_cpp.dir/rosidl_typesupport_fastrtps_cpp/dave_interfaces/srv/detail/dds_fastrtps/set_current_model__type_support.cpp.o[0m
[ 83%] [32mBuilding CXX object CMakeFiles/dave_interfaces__rosidl_typesupport_fastrtps_c.dir/rosidl_typesupport_fastrtps_c/dave_interfaces/srv/detail/set_current_direction__type_support_c.cpp.o[0m
[ 84%] [32mBuilding CXX object CMakeFiles/dave_interfaces__rosidl_typesupport_fastrtps_cpp.dir/rosidl_typesupport_fastrtps_cpp/dave_interfaces/srv/detail/dds_fastrtps/set_current_direction__type_support.cpp.o[0m
[ 84%] [32mBuilding CXX object CMakeFiles/dave_interfaces__rosidl_typesupport_fastrtps_c.dir/rosidl_typesupport_fastrtps_c/dave_interfaces/srv/detail/set_current_velocity__type_support_c.cpp.o[0m
[ 84%] [32mBuilding CXX object CMakeFiles/dave_interfaces__rosidl_typesupport_fastrtps_cpp.dir/rosidl_typesupport_fastrtps_cpp/dave_interfaces/srv/detail/dds_fastrtps/set_current_velocity__type_support.cpp.o[0m
[ 85%] [32mBuilding CXX object CMakeFiles/dave_interfaces__rosidl_typesupport_fastrtps_cpp.dir/rosidl_typesupport_fastrtps_cpp/dave_interfaces/srv/detail/dds_fastrtps/set_stratified_current_velocity__type_support.cpp.o[0m
[ 85%] [32mBuilding CXX object CMakeFiles/dave_interfaces__rosidl_typesupport_fastrtps_cpp.dir/rosidl_typesupport_fastrtps_cpp/dave_interfaces/srv/detail/dds_fastrtps/set_stratified_current_direction__type_support.cpp.o[0m
[ 85%] [32m[1mLinking CXX shared library libdave_interfaces__rosidl_typesupport_introspection_cpp.so[0m
[ 85%] Built target dave_interfaces__rosidl_typesupport_introspection_cpp
[ 85%] [32mBuilding CXX object CMakeFiles/dave_interfaces__rosidl_typesupport_fastrtps_c.dir/rosidl_typesupport_fastrtps_c/dave_interfaces/srv/detail/set_stratified_current_direction__type_support_c.cpp.o[0m
[ 86%] [32mBuilding CXX object CMakeFiles/dave_interfaces__rosidl_typesupport_fastrtps_c.dir/rosidl_typesupport_fastrtps_c/dave_interfaces/srv/detail/set_stratified_current_velocity__type_support_c.cpp.o[0m
[ 87%] [32m[1mLinking CXX shared library libdave_interfaces__rosidl_typesupport_fastrtps_cpp.so[0m
[ 88%] [32m[1mLinking CXX shared library libdave_interfaces__rosidl_typesupport_fastrtps_c.so[0m
[ 88%] Built target dave_interfaces__rosidl_typesupport_fastrtps_cpp
[ 88%] Built target dave_interfaces__rosidl_typesupport_fastrtps_c
[ 88%] Built target dave_interfaces
[ 88%] [34m[1mGenerating Python code for ROS interfaces[0m
[ 88%] Built target dave_interfaces__py
[ 89%] [32mBuilding C object CMakeFiles/dave_interfaces__rosidl_generator_py.dir/rosidl_generator_py/dave_interfaces/msg/_location_s.c.o[0m
[ 89%] [32mBuilding C object CMakeFiles/dave_interfaces__rosidl_generator_py.dir/rosidl_generator_py/dave_interfaces/msg/_usbl_command_s.c.o[0m
[ 90%] [32mBuilding C object CMakeFiles/dave_interfaces__rosidl_generator_py.dir/rosidl_generator_py/dave_interfaces/msg/_dvl_s.c.o[0m
[ 90%] [32mBuilding C object CMakeFiles/dave_interfaces__rosidl_generator_py.dir/rosidl_generator_py/dave_interfaces/msg/_usbl_response_s.c.o[0m
[ 89%] [32mBuilding C object CMakeFiles/dave_interfaces__rosidl_generator_py.dir/rosidl_generator_py/dave_interfaces/msg/_dvl_beam_s.c.o[0m
[ 91%] [32mBuilding C object CMakeFiles/dave_interfaces__rosidl_generator_py.dir/rosidl_generator_py/dave_interfaces/srv/_get_origin_spherical_coord_s.c.o[0m
[ 92%] [32mBuilding C object CMakeFiles/dave_interfaces__rosidl_generator_py.dir/rosidl_generator_py/dave_interfaces/msg/_stratified_current_velocity_s.c.o[0m
[ 92%] [32mBuilding C object CMakeFiles/dave_interfaces__rosidl_generator_py.dir/rosidl_generator_py/dave_interfaces/msg/_stratified_current_database_s.c.o[0m
[ 93%] [32mBuilding C object CMakeFiles/dave_interfaces__rosidl_generator_py.dir/rosidl_generator_py/dave_interfaces/msg/_dvl_target_s.c.o[0m
[ 93%] [32mBuilding C object CMakeFiles/dave_interfaces__rosidl_generator_py.dir/rosidl_generator_py/dave_interfaces/srv/_set_origin_spherical_coord_s.c.o[0m
[ 93%] [32mBuilding C object CMakeFiles/dave_interfaces__rosidl_generator_py.dir/rosidl_generator_py/dave_interfaces/srv/_transform_to_spherical_coord_s.c.o[0m
[ 94%] [32mBuilding C object CMakeFiles/dave_interfaces__rosidl_generator_py.dir/rosidl_generator_py/dave_interfaces/srv/_transform_from_spherical_coord_s.c.o[0m
[ 94%] [32mBuilding C object CMakeFiles/dave_interfaces__rosidl_generator_py.dir/rosidl_generator_py/dave_interfaces/srv/_get_current_model_s.c.o[0m
[ 95%] [32mBuilding C object CMakeFiles/dave_interfaces__rosidl_generator_py.dir/rosidl_generator_py/dave_interfaces/srv/_set_current_model_s.c.o[0m
[ 96%] [32mBuilding C object CMakeFiles/dave_interfaces__rosidl_generator_py.dir/rosidl_generator_py/dave_interfaces/srv/_set_current_velocity_s.c.o[0m
[ 96%] [32mBuilding C object CMakeFiles/dave_interfaces__rosidl_generator_py.dir/rosidl_generator_py/dave_interfaces/srv/_set_stratified_current_velocity_s.c.o[0m
[ 96%] [32mBuilding C object CMakeFiles/dave_interfaces__rosidl_generator_py.dir/rosidl_generator_py/dave_interfaces/srv/_set_current_direction_s.c.o[0m
[ 97%] [32mBuilding C object CMakeFiles/dave_interfaces__rosidl_generator_py.dir/rosidl_generator_py/dave_interfaces/srv/_set_stratified_current_direction_s.c.o[0m
[ 97%] [32m[1mLinking C shared library libdave_interfaces__rosidl_generator_py.so[0m
[ 97%] Built target dave_interfaces__rosidl_generator_py
[ 97%] [32mBuilding C object CMakeFiles/dave_interfaces_s__rosidl_typesupport_introspection_c.dir/rosidl_generator_py/dave_interfaces/_dave_interfaces_s.ep.rosidl_typesupport_introspection_c.c.o[0m
[ 97%] [32mBuilding C object CMakeFiles/dave_interfaces_s__rosidl_typesupport_c.dir/rosidl_generator_py/dave_interfaces/_dave_interfaces_s.ep.rosidl_typesupport_c.c.o[0m
[ 97%] [32mBuilding C object CMakeFiles/dave_interfaces_s__rosidl_typesupport_fastrtps_c.dir/rosidl_generator_py/dave_interfaces/_dave_interfaces_s.ep.rosidl_typesupport_fastrtps_c.c.o[0m
[ 98%] [32m[1mLinking C shared module rosidl_generator_py/dave_interfaces/dave_interfaces_s__rosidl_typesupport_fastrtps_c.so[0m
[ 99%] [32m[1mLinking C shared module rosidl_generator_py/dave_interfaces/dave_interfaces_s__rosidl_typesupport_c.so[0m
[100%] [32m[1mLinking C shared module rosidl_generator_py/dave_interfaces/dave_interfaces_s__rosidl_typesupport_introspection_c.so[0m
[100%] Built target dave_interfaces_s__rosidl_typesupport_c
[100%] Built target dave_interfaces_s__rosidl_typesupport_fastrtps_c
[100%] Built target dave_interfaces_s__rosidl_typesupport_introspection_c
