[0.050s] Invoking command in '/home/ironie/HornetXII_sims/build/auv_controls': CMAKE_PREFIX_PATH=${CMAKE_PREFIX_PATH}:/home/ironie/assignment3/install/assignment3:/opt/ros/jazzy DEBUGINFOD_URLS=https://debuginfod.ubuntu.com /usr/bin/cmake /home/ironie/HornetXII_sims/src/auv_controls -DAMENT_CMAKE_SYMLINK_INSTALL=1 -DCMAKE_INSTALL_PREFIX=/home/ironie/HornetXII_sims/install/auv_controls
[0.299s] -- The C compiler identification is GNU 13.3.0
[1.093s] -- The CXX compiler identification is GNU 13.3.0
[1.830s] -- Detecting C compiler ABI info
[2.106s] -- Detecting C compiler ABI info - done
[2.124s] -- Check for working C compiler: /usr/bin/cc - skipped
[2.125s] -- Detecting C compile features
[2.125s] -- Detecting C compile features - done
[2.219s] -- Detecting CXX compiler ABI info
[2.489s] -- Detecting CXX compiler ABI info - done
[2.503s] -- Check for working CXX compiler: /usr/bin/c++ - skipped
[2.503s] -- Detecting CXX compile features
[2.503s] -- Detecting CXX compile features - done
[2.510s] -- Found ament_cmake: 2.5.6 (/opt/ros/jazzy/share/ament_cmake/cmake)
[2.769s] -- Found Python3: /usr/bin/python3 (found version "3.12.3") found components: Interpreter 
[2.901s] -- Override CMake install command with custom implementation using symlinks instead of copying resources
[2.985s] -- Found gz_ros2_control: 1.2.20 (/opt/ros/jazzy/share/gz_ros2_control/cmake)
[3.323s] -- Found rosidl_generator_c: 4.6.9 (/opt/ros/jazzy/share/rosidl_generator_c/cmake)
[3.360s] -- Found rosidl_generator_cpp: 4.6.9 (/opt/ros/jazzy/share/rosidl_generator_cpp/cmake)
[3.416s] -- Using all available rosidl_typesupport_c: rosidl_typesupport_fastrtps_c;rosidl_typesupport_introspection_c
[3.450s] -- Using all available rosidl_typesupport_cpp: rosidl_typesupport_fastrtps_cpp;rosidl_typesupport_introspection_cpp
[3.618s] -- Found rmw_implementation_cmake: 7.3.3 (/opt/ros/jazzy/share/rmw_implementation_cmake/cmake)
[3.626s] -- Found rmw_fastrtps_cpp: 8.4.4 (/opt/ros/jazzy/share/rmw_fastrtps_cpp/cmake)
[3.819s] -- Found OpenSSL: /usr/lib/x86_64-linux-gnu/libcrypto.so (found version "3.0.13")  
[4.058s] -- Found FastRTPS: /opt/ros/jazzy/include (Required is at least version "2.13") 
[4.157s] -- Using RMW implementation 'rmw_fastrtps_cpp' as default
[4.406s] [0mCMake Deprecation Warning at /opt/ros/jazzy/share/tl_expected/cmake/tl_expectedConfig.cmake:37 (message):
[4.406s]   Package 'tl_expected' is deprecated (This package will be removed in ROS 2
[4.406s]   Lyrical Luth.
[4.406s] 
[4.406s]         Use tl/expected.hpp from libexpected-dev,
[4.406s]         or rcpputils/tl_expected/expected.hpp if the system header is not available)
[4.406s] Call Stack (most recent call first):
[4.406s]   /opt/ros/jazzy/share/parameter_traits/cmake/ament_cmake_export_dependencies-extras.cmake:21 (find_package)
[4.406s]   /opt/ros/jazzy/share/parameter_traits/cmake/parameter_traitsConfig.cmake:41 (include)
[4.406s]   /opt/ros/jazzy/share/controller_manager/cmake/ament_cmake_export_dependencies-extras.cmake:21 (find_package)
[4.406s]   /opt/ros/jazzy/share/controller_manager/cmake/controller_managerConfig.cmake:41 (include)
[4.406s]   /opt/ros/jazzy/share/gz_ros2_control/cmake/ament_cmake_export_dependencies-extras.cmake:21 (find_package)
[4.406s]   /opt/ros/jazzy/share/gz_ros2_control/cmake/gz_ros2_controlConfig.cmake:41 (include)
[4.406s]   CMakeLists.txt:14 (find_package)
[4.406s] 
[4.406s] [0m
[4.723s] -- Found Boost: /usr/lib/x86_64-linux-gnu/cmake/Boost-1.83.0/BoostConfig.cmake (found version "1.83.0")  
[5.154s] -- Found gz_sim_vendor: 0.0.13 (/opt/ros/jazzy/share/gz_sim_vendor/cmake)
[5.271s] -- Looking for gz-sim8 -- found version 8.15.0
[5.288s] -- Searching for dependencies of gz-sim8
[5.291s] -- Looking for sdformat14 -- found version 14.9.0
[5.291s] -- Searching for dependencies of sdformat14
[5.296s] -- Checking for module 'tinyxml2'
[5.311s] --   Found tinyxml2, version 10.0.0
[5.348s] -- Looking for gz-math7 -- found version 7.7.0
[5.348s] -- Searching for dependencies of gz-math7
[5.352s] -- Looking for gz-utils2 -- found version 2.2.1
[5.352s] -- Searching for dependencies of gz-utils2
[5.356s] -- Looking for gz-utils2 -- found version 2.2.1
[5.356s] -- Searching for dependencies of gz-utils2
[5.356s] -- Searching for <gz-utils2> component [cli]
[5.358s] -- Looking for gz-utils2-cli -- found version 2.2.1
[5.359s] -- Searching for dependencies of gz-utils2-cli
[5.365s] -- Looking for gz-plugin2 -- found version 2.0.4
[5.365s] -- Searching for dependencies of gz-plugin2
[5.365s] -- Looking for gz-utils2 -- found version 2.2.1
[5.366s] -- Searching for <gz-plugin2> component [loader]
[5.370s] -- Looking for gz-plugin2-loader -- found version 2.0.4
[5.370s] -- Searching for dependencies of gz-plugin2-loader
[5.371s] -- Searching for <gz-plugin2> component [register]
[5.375s] -- Looking for gz-plugin2-register -- found version 2.0.4
[5.375s] -- Searching for dependencies of gz-plugin2-register
[5.380s] -- Looking for gz-transport13 -- found version 13.6.0
[5.380s] -- Searching for dependencies of gz-transport13
[6.862s] -- Found Protobuf: /usr/lib/x86_64-linux-gnu/libprotobuf.so (found version "3.21.12") 
[7.956s] -- Config-file not installed for ZeroMQ -- checking for pkg-config
[7.961s] -- Checking for module 'libzmq >= 4'
[7.976s] --   Found libzmq, version 4.3.5
[8.019s] -- Found ZeroMQ: TRUE (Required is at least version "4") 
[8.073s] -- Checking for module 'uuid'
[8.091s] --   Found uuid, version 2.39.3
[8.121s] -- Found UUID: TRUE  
[8.121s] -- Looking for gz-utils2 -- found version 2.2.1
[8.125s] -- Looking for gz-msgs10 -- found version 10.4.0
[8.125s] -- Searching for dependencies of gz-msgs10
[9.196s] -- Looking for gz-utils2 -- found version 2.2.1
[9.197s] -- Looking for gz-math7 -- found version 7.7.0
[9.206s] -- Searching for <gz-transport13> component [log]
[9.209s] -- Looking for gz-transport13-log -- found version 13.6.0
[9.209s] -- Searching for dependencies of gz-transport13-log
[9.210s] -- Searching for <gz-transport13> component [parameters]
[9.212s] -- Looking for gz-transport13-parameters -- found version 13.6.0
[9.212s] -- Searching for dependencies of gz-transport13-parameters
[9.214s] -- Looking for gz-msgs10 -- found version 10.4.0
[9.218s] -- Looking for gz-common5 -- found version 5.9.0
[9.218s] -- Searching for dependencies of gz-common5
[9.219s] -- Looking for gz-utils2 -- found version 2.2.1
[9.261s] -- Looking for dlfcn.h - found
[9.304s] -- Looking for libdl - found
[9.305s] -- Found DL: TRUE  
[9.312s] -- Searching for <gz-common5> component [av]
[9.315s] -- Looking for gz-common5-av -- found version 5.9.0
[9.315s] -- Searching for dependencies of gz-common5-av
[9.322s] -- Checking for module 'libswscale'
[9.341s] --   Found libswscale, version 7.5.100
[9.373s] -- Found SWSCALE: TRUE  
[9.378s] -- Checking for module 'libavdevice >= 56.4.100'
[9.397s] --   Found libavdevice, version 60.3.100
[9.442s] -- Found AVDEVICE: TRUE (Required is at least version "56.4.100") 
[9.448s] -- Checking for module 'libavformat'
[9.463s] --   Found libavformat, version 60.16.100
[9.497s] -- Found AVFORMAT: TRUE  
[9.502s] -- Checking for module 'libavcodec'
[9.521s] --   Found libavcodec, version 60.31.102
[9.564s] -- Found AVCODEC: TRUE  
[9.571s] -- Checking for module 'libavutil'
[9.587s] --   Found libavutil, version 58.29.100
[9.624s] -- Found AVUTIL: TRUE  
[9.625s] -- Searching for <gz-common5> component [events]
[9.629s] -- Looking for gz-common5-events -- found version 5.9.0
[9.629s] -- Searching for dependencies of gz-common5-events
[9.629s] -- Looking for gz-math7 -- found version 7.7.0
[9.631s] -- Searching for <gz-common5> component [graphics]
[9.635s] -- Looking for gz-common5-graphics -- found version 5.9.0
[9.635s] -- Searching for dependencies of gz-common5-graphics
[9.636s] -- Looking for gz-math7 -- found version 7.7.0
[9.644s] -- Found GzAssimp: TRUE (found version "5.3.0") 
[9.646s] -- Searching for <gz-common5> component [io]
[9.649s] -- Looking for gz-common5-io -- found version 5.9.0
[9.649s] -- Searching for dependencies of gz-common5-io
[9.650s] -- Searching for <gz-common5> component [profiler]
[9.654s] -- Looking for gz-common5-profiler -- found version 5.9.0
[9.654s] -- Searching for dependencies of gz-common5-profiler
[9.659s] -- Looking for gz-fuel_tools9 -- found version 9.1.1
[9.659s] -- Searching for dependencies of gz-fuel_tools9
[11.319s] -- Found CURL: /usr/lib/x86_64-linux-gnu/libcurl.so (found version "8.5.0")  
[11.333s] -- Checking for module 'jsoncpp'
[11.355s] --   Found jsoncpp, version 1.9.5
[11.407s] -- Found JSONCPP: TRUE  
[13.165s] -- Checking for module 'yaml-0.1'
[13.204s] --   Found yaml-0.1, version 0.2.5
[13.283s] -- Found YAML: TRUE  
[13.298s] -- Checking for module 'libzip'
[13.333s] --   Found libzip, version 1.7.3
[13.405s] -- Found ZIP: TRUE  
[13.405s] -- Looking for gz-utils2 -- found version 2.2.1
[13.406s] -- Looking for gz-common5 -- found version 5.9.0
[13.406s] -- Searching for dependencies of gz-common5
[13.406s] -- Looking for gz-utils2 -- found version 2.2.1
[13.406s] -- Looking for dlfcn.h - found
[13.406s] -- Looking for libdl - found
[13.419s] -- Searching for <gz-common5> component [testing]
[13.425s] -- Looking for gz-common5-testing -- found version 5.9.0
[13.425s] -- Searching for dependencies of gz-common5-testing
[13.436s] -- Looking for gz-math7 -- found version 7.7.0
[13.436s] -- Looking for gz-msgs10 -- found version 10.4.0
[13.460s] -- Looking for gz-gui8 -- found version 8.4.0
[13.460s] -- Searching for dependencies of gz-gui8
[15.919s] -- Looking for gz-utils2 -- found version 2.2.1
[15.925s] -- Looking for gz-math7 -- found version 7.7.0
[15.926s] -- Looking for gz-common5 -- found version 5.9.0
[15.926s] -- Looking for gz-plugin2 -- found version 2.0.4
[15.926s] -- Looking for gz-transport13 -- found version 13.6.0
[15.937s] -- Looking for gz-rendering8 -- found version 8.2.3
[15.937s] -- Searching for dependencies of gz-rendering8
[15.938s] -- Looking for gz-math7 -- found version 7.7.0
[15.938s] -- Searching for dependencies of gz-math7
[15.938s] -- Looking for gz-utils2 -- found version 2.2.1
[15.939s] -- Searching for <gz-math7> component [eigen3]
[15.954s] -- Looking for gz-math7-eigen3 -- found version 7.7.0
[15.954s] -- Searching for dependencies of gz-math7-eigen3
[15.959s] -- Looking for gz-common5 -- found version 5.9.0
[15.959s] -- Searching for dependencies of gz-common5
[15.959s] -- Looking for gz-utils2 -- found version 2.2.1
[15.960s] -- Looking for dlfcn.h - found
[15.960s] -- Looking for libdl - found
[15.984s] -- Searching for <gz-common5> component [graphics]
[15.993s] -- Searching for <gz-common5> component [events]
[15.993s] -- Searching for <gz-common5> component [geospatial]
[15.996s] -- Looking for gz-common5-geospatial -- found version 5.9.0
[15.996s] -- Searching for dependencies of gz-common5-geospatial
[15.997s] -- Looking for gz-math7 -- found version 7.7.0
[15.998s] -- Looking for gz-common5 -- found version 5.9.0
[16.004s] -- Looking for gz-plugin2 -- found version 2.0.4
[16.004s] -- Searching for dependencies of gz-plugin2
[16.004s] -- Looking for gz-utils2 -- found version 2.2.1
[16.005s] -- Searching for <gz-plugin2> component [all]
[16.018s] -- Looking for all libraries of gz-plugin2 -- found version 2.0.4
[16.019s] -- Looking for gz-plugin2 -- found version 2.0.4
[16.022s] -- Looking for gz-utils2 -- found version 2.2.1
[17.513s] -- Found OpenGL: /usr/lib/x86_64-linux-gnu/libOpenGL.so  found components: OpenGL 
[17.517s] -- Looking for gz-msgs10 -- found version 10.4.0
[17.854s] -- Looking for gz-physics7 -- found version 7.8.0
[17.854s] -- Searching for dependencies of gz-physics7
[17.855s] -- Looking for gz-common5 -- found version 5.9.0
[17.855s] -- Looking for gz-math7 -- found version 7.7.0
[17.856s] -- Looking for gz-plugin2 -- found version 2.0.4
[17.857s] -- Looking for gz-utils2 -- found version 2.2.1
[17.875s] -- Searching for <gz-physics7> component [heightmap]
[17.884s] -- Looking for gz-physics7-heightmap -- found version 7.8.0
[17.884s] -- Searching for dependencies of gz-physics7-heightmap
[17.885s] -- Looking for gz-common5 -- found version 5.9.0
[17.891s] -- Searching for <gz-physics7> component [mesh]
[17.902s] -- Looking for gz-physics7-mesh -- found version 7.8.0
[17.902s] -- Searching for dependencies of gz-physics7-mesh
[17.910s] -- Looking for gz-common5 -- found version 5.9.0
[17.912s] -- Searching for <gz-physics7> component [sdf]
[17.917s] -- Looking for gz-physics7-sdf -- found version 7.8.0
[17.917s] -- Searching for dependencies of gz-physics7-sdf
[17.918s] -- Looking for sdformat14 -- found version 14.9.0
[17.926s] -- Looking for gz-sensors8 -- found version 8.2.2
[17.927s] -- Searching for dependencies of gz-sensors8
[19.348s] -- Looking for gz-math7 -- found version 7.7.0
[19.348s] -- Looking for gz-common5 -- found version 5.9.0
[19.349s] -- Looking for gz-transport13 -- found version 13.6.0
[19.349s] -- Looking for gz-rendering8 -- found version 8.2.3
[19.350s] -- Looking for gz-msgs10 -- found version 10.4.0
[19.350s] -- Looking for sdformat14 -- found version 14.9.0
[19.351s] -- Searching for <gz-sensors8> component [air_pressure]
[19.354s] -- Looking for gz-sensors8-air_pressure -- found version 8.2.2
[19.354s] -- Searching for dependencies of gz-sensors8-air_pressure
[19.355s] -- Searching for <gz-sensors8> component [air_speed]
[19.358s] -- Looking for gz-sensors8-air_speed -- found version 8.2.2
[19.358s] -- Searching for dependencies of gz-sensors8-air_speed
[19.359s] -- Searching for <gz-sensors8> component [altimeter]
[19.361s] -- Looking for gz-sensors8-altimeter -- found version 8.2.2
[19.361s] -- Searching for dependencies of gz-sensors8-altimeter
[19.362s] -- Searching for <gz-sensors8> component [imu]
[19.365s] -- Looking for gz-sensors8-imu -- found version 8.2.2
[19.366s] -- Searching for dependencies of gz-sensors8-imu
[19.367s] -- Searching for <gz-sensors8> component [force_torque]
[19.369s] -- Looking for gz-sensors8-force_torque -- found version 8.2.2
[19.369s] -- Searching for dependencies of gz-sensors8-force_torque
[19.370s] -- Searching for <gz-sensors8> component [logical_camera]
[19.372s] -- Looking for gz-sensors8-logical_camera -- found version 8.2.2
[19.372s] -- Searching for dependencies of gz-sensors8-logical_camera
[19.373s] -- Searching for <gz-sensors8> component [magnetometer]
[19.376s] -- Looking for gz-sensors8-magnetometer -- found version 8.2.2
[19.376s] -- Searching for dependencies of gz-sensors8-magnetometer
[19.377s] -- Searching for <gz-sensors8> component [navsat]
[19.380s] -- Looking for gz-sensors8-navsat -- found version 8.2.2
[19.380s] -- Searching for dependencies of gz-sensors8-navsat
[19.381s] -- Searching for <gz-sensors8> component [dvl]
[19.384s] -- Looking for gz-sensors8-dvl -- found version 8.2.2
[19.384s] -- Searching for dependencies of gz-sensors8-dvl
[19.384s] -- Looking for gz-sensors8 -- found version 8.2.2
[19.384s] -- Searching for dependencies of gz-sensors8
[20.382s] -- Looking for gz-math7 -- found version 7.7.0
[20.383s] -- Looking for gz-common5 -- found version 5.9.0
[20.383s] -- Looking for gz-transport13 -- found version 13.6.0
[20.383s] -- Looking for gz-rendering8 -- found version 8.2.3
[20.384s] -- Looking for gz-msgs10 -- found version 10.4.0
[20.384s] -- Looking for sdformat14 -- found version 14.9.0
[20.384s] -- Searching for <gz-sensors8> component [rendering]
[20.387s] -- Looking for gz-sensors8-rendering -- found version 8.2.2
[20.387s] -- Searching for dependencies of gz-sensors8-rendering
[20.390s] -- Searching for <gz-sensors8> component [rendering]
[20.390s] -- Searching for <gz-sensors8> component [lidar]
[20.392s] -- Looking for gz-sensors8-lidar -- found version 8.2.2
[20.392s] -- Searching for dependencies of gz-sensors8-lidar
[20.392s] -- Looking for gz-sensors8 -- found version 8.2.2
[20.393s] -- Searching for <gz-sensors8> component [gpu_lidar]
[20.396s] -- Looking for gz-sensors8-gpu_lidar -- found version 8.2.2
[20.396s] -- Searching for dependencies of gz-sensors8-gpu_lidar
[20.396s] -- Looking for gz-sensors8 -- found version 8.2.2
[20.397s] -- Searching for <gz-sensors8> component [camera]
[20.400s] -- Looking for gz-sensors8-camera -- found version 8.2.2
[20.400s] -- Searching for dependencies of gz-sensors8-camera
[20.401s] -- Looking for gz-sensors8 -- found version 8.2.2
[20.402s] -- Searching for <gz-sensors8> component [boundingbox_camera]
[20.404s] -- Looking for gz-sensors8-boundingbox_camera -- found version 8.2.2
[20.405s] -- Searching for dependencies of gz-sensors8-boundingbox_camera
[20.406s] -- Searching for <gz-sensors8> component [segmentation_camera]
[20.409s] -- Looking for gz-sensors8-segmentation_camera -- found version 8.2.2
[20.409s] -- Searching for dependencies of gz-sensors8-segmentation_camera
[20.410s] -- Searching for <gz-sensors8> component [depth_camera]
[20.413s] -- Looking for gz-sensors8-depth_camera -- found version 8.2.2
[20.413s] -- Searching for dependencies of gz-sensors8-depth_camera
[20.414s] -- Looking for gz-sensors8 -- found version 8.2.2
[20.415s] -- Searching for <gz-sensors8> component [rgbd_camera]
[20.417s] -- Looking for gz-sensors8-rgbd_camera -- found version 8.2.2
[20.417s] -- Searching for dependencies of gz-sensors8-rgbd_camera
[20.417s] -- Looking for gz-sensors8 -- found version 8.2.2
[20.418s] -- Searching for <gz-sensors8> component [thermal_camera]
[20.421s] -- Looking for gz-sensors8-thermal_camera -- found version 8.2.2
[20.421s] -- Searching for dependencies of gz-sensors8-thermal_camera
[20.421s] -- Looking for gz-sensors8 -- found version 8.2.2
[20.422s] -- Searching for <gz-sensors8> component [wide_angle_camera]
[20.424s] -- Looking for gz-sensors8-wide_angle_camera -- found version 8.2.2
[20.424s] -- Searching for dependencies of gz-sensors8-wide_angle_camera
[20.426s] -- Looking for gz-rendering8 -- found version 8.2.3
[20.426s] -- Looking for gz-math7 -- found version 7.7.0
[20.427s] -- Looking for gz-utils2 -- found version 2.2.1
[21.450s] -- Found ament_lint_auto: 0.17.5 (/opt/ros/jazzy/share/ament_lint_auto/cmake)
[21.591s] -- Added test 'cppcheck' to perform static code analysis on C / C++ code
[21.591s] -- Configured cppcheck include dirs: $<BUILD_INTERFACE:/home/ironie/HornetXII_sims/src/auv_controls/include>
[21.591s] -- Configured cppcheck exclude dirs and/or files: 
[21.593s] -- Added test 'flake8' to check Python code syntax and style conventions
[21.593s] -- Configured 'flake8' exclude dirs and/or files: 
[21.595s] -- Added test 'lint_cmake' to check CMake code style
[21.597s] -- Added test 'pep257' to check Python code against some of the docstring style conventions in PEP 257
[21.599s] -- Added test 'uncrustify' to check C / C++ code style
[21.599s] -- Configured uncrustify additional arguments: 
[21.602s] -- Added test 'xmllint' to check XML markup files
[21.607s] -- Configuring done (21.5s)
[21.673s] -- Generating done (0.1s)
[21.683s] -- Build files have been written to: /home/ironie/HornetXII_sims/build/auv_controls
[21.704s] Invoked command in '/home/ironie/HornetXII_sims/build/auv_controls' returned '0': CMAKE_PREFIX_PATH=${CMAKE_PREFIX_PATH}:/home/ironie/assignment3/install/assignment3:/opt/ros/jazzy DEBUGINFOD_URLS=https://debuginfod.ubuntu.com /usr/bin/cmake /home/ironie/HornetXII_sims/src/auv_controls -DAMENT_CMAKE_SYMLINK_INSTALL=1 -DCMAKE_INSTALL_PREFIX=/home/ironie/HornetXII_sims/install/auv_controls
[21.707s] Invoking command in '/home/ironie/HornetXII_sims/build/auv_controls': CMAKE_PREFIX_PATH=${CMAKE_PREFIX_PATH}:/home/ironie/assignment3/install/assignment3:/opt/ros/jazzy DEBUGINFOD_URLS=https://debuginfod.ubuntu.com /usr/bin/cmake --build /home/ironie/HornetXII_sims/build/auv_controls -- -j12 -l12
[21.759s] [ 25%] [32mBuilding CXX object CMakeFiles/thruster_dave_hardware_interface.dir/src/thruster_dave_hardware_interface.cpp.o[0m
[21.759s] [ 50%] [32mBuilding CXX object CMakeFiles/odoRepub.dir/src/odo_republisher.cpp.o[0m
[30.735s] [ 75%] [32m[1mLinking CXX shared library libthruster_dave_hardware_interface.so[0m
[31.800s] [ 75%] Built target thruster_dave_hardware_interface
[32.494s] [100%] [32m[1mLinking CXX executable odoRepub[0m
[32.972s] [100%] Built target odoRepub
[32.982s] Invoked command in '/home/ironie/HornetXII_sims/build/auv_controls' returned '0': CMAKE_PREFIX_PATH=${CMAKE_PREFIX_PATH}:/home/ironie/assignment3/install/assignment3:/opt/ros/jazzy DEBUGINFOD_URLS=https://debuginfod.ubuntu.com /usr/bin/cmake --build /home/ironie/HornetXII_sims/build/auv_controls -- -j12 -l12
[32.984s] Invoking command in '/home/ironie/HornetXII_sims/build/auv_controls': CMAKE_PREFIX_PATH=${CMAKE_PREFIX_PATH}:/home/ironie/assignment3/install/assignment3:/opt/ros/jazzy DEBUGINFOD_URLS=https://debuginfod.ubuntu.com /usr/bin/cmake --install /home/ironie/HornetXII_sims/build/auv_controls
[32.991s] -- Install configuration: ""
[32.992s] -- Execute custom install script
[32.992s] -- Symlinking: /home/ironie/HornetXII_sims/install/auv_controls/lib/libthruster_dave_hardware_interface.so
[33.001s] -- Symlinking: /home/ironie/HornetXII_sims/install/auv_controls/share/auv_controls/config/gz_bridge.yaml
[33.009s] -- Symlinking: /home/ironie/HornetXII_sims/install/auv_controls/share/auv_controls/config/my_controllers.yaml
[33.019s] -- Symlinking: /home/ironie/HornetXII_sims/install/auv_controls/share/auv_controls/description/controls.xacro
[33.027s] -- Symlinking: /home/ironie/HornetXII_sims/install/auv_controls/share/auv_controls/description/inertial_macros.urdf.xacro
[33.035s] -- Symlinking: /home/ironie/HornetXII_sims/install/auv_controls/share/auv_controls/description/robot.urdf.xacro
[33.042s] -- Symlinking: /home/ironie/HornetXII_sims/install/auv_controls/share/auv_controls/description/robot_core.urdf.xacro
[33.051s] -- Symlinking: /home/ironie/HornetXII_sims/install/auv_controls/share/auv_controls/launch/rsp.launch.py
[33.059s] -- Symlinking: /home/ironie/HornetXII_sims/install/auv_controls/share/auv_controls/launch/sim.launch.py
[33.067s] -- Symlinking: /home/ironie/HornetXII_sims/install/auv_controls/share/auv_controls//thruster_dave_hardware_interface.xml
[33.075s] -- Symlinking: /home/ironie/HornetXII_sims/install/auv_controls/lib/auv_controls/odoRepub
[33.084s] -- Symlinking: /home/ironie/HornetXII_sims/install/auv_controls/share/ament_index/resource_index/package_run_dependencies/auv_controls
[33.092s] -- Symlinking: /home/ironie/HornetXII_sims/install/auv_controls/share/ament_index/resource_index/parent_prefix_path/auv_controls
[33.100s] -- Symlinking: /home/ironie/HornetXII_sims/install/auv_controls/share/auv_controls/environment/ament_prefix_path.sh
[33.108s] -- Symlinking: /home/ironie/HornetXII_sims/install/auv_controls/share/auv_controls/environment/ament_prefix_path.dsv
[33.116s] -- Symlinking: /home/ironie/HornetXII_sims/install/auv_controls/share/auv_controls/environment/path.sh
[33.125s] -- Symlinking: /home/ironie/HornetXII_sims/install/auv_controls/share/auv_controls/environment/path.dsv
[33.133s] -- Symlinking: /home/ironie/HornetXII_sims/install/auv_controls/share/auv_controls/local_setup.bash
[33.141s] -- Symlinking: /home/ironie/HornetXII_sims/install/auv_controls/share/auv_controls/local_setup.sh
[33.150s] -- Symlinking: /home/ironie/HornetXII_sims/install/auv_controls/share/auv_controls/local_setup.zsh
[33.159s] -- Symlinking: /home/ironie/HornetXII_sims/install/auv_controls/share/auv_controls/local_setup.dsv
[33.167s] -- Symlinking: /home/ironie/HornetXII_sims/install/auv_controls/share/auv_controls/package.dsv
[33.175s] -- Symlinking: /home/ironie/HornetXII_sims/install/auv_controls/share/ament_index/resource_index/packages/auv_controls
[33.184s] -- Symlinking: /home/ironie/HornetXII_sims/install/auv_controls/share/ament_index/resource_index/gz_ros2_control__pluginlib__plugin/auv_controls
[33.192s] -- Symlinking: /home/ironie/HornetXII_sims/install/auv_controls/share/auv_controls/cmake/auv_controlsConfig.cmake
[33.201s] -- Symlinking: /home/ironie/HornetXII_sims/install/auv_controls/share/auv_controls/cmake/auv_controlsConfig-version.cmake
[33.210s] -- Symlinking: /home/ironie/HornetXII_sims/install/auv_controls/share/auv_controls/package.xml
[33.220s] Invoked command in '/home/ironie/HornetXII_sims/build/auv_controls' returned '0': CMAKE_PREFIX_PATH=${CMAKE_PREFIX_PATH}:/home/ironie/assignment3/install/assignment3:/opt/ros/jazzy DEBUGINFOD_URLS=https://debuginfod.ubuntu.com /usr/bin/cmake --install /home/ironie/HornetXII_sims/build/auv_controls
