[0.290s] Invoking command in '/home/ironie/HornetXII_sims/build/dave_ros_gz_plugins': AMENT_PREFIX_PATH=/home/ironie/HornetXII_sims/install/dave_gz_world_plugins:/home/ironie/HornetXII_sims/install/dave_interfaces:${AMENT_PREFIX_PATH} CMAKE_PREFIX_PATH=/home/ironie/HornetXII_sims/install/dave_gz_world_plugins:/home/ironie/HornetXII_sims/install/dave_interfaces:/home/ironie/dave_ws/install/multibeam_sonar_system:/home/ironie/dave_ws/install/dave_worlds:/home/ironie/dave_ws/install/dave_sensor_models:/home/ironie/dave_ws/install/dave_robot_models:/home/ironie/dave_ws/install/dave_object_models:/home/ironie/dave_ws/install/dave_multibeam_sonar_demo:/home/ironie/dave_ws/install/dave_interfaces:/home/ironie/dave_ws/install/dave_demos:/home/ironie/dave_ws/install/auv_controls:/home/ironie/testGazebo/install/simulator:/opt/ros/jazzy/opt/gz_sim_vendor:/opt/ros/jazzy/opt/gz_sensors_vendor:/opt/ros/jazzy/opt/gz_physics_vendor:/opt/ros/jazzy/opt/sdformat_vendor:/opt/ros/jazzy/opt/gz_gui_vendor:/opt/ros/jazzy/opt/gz_transport_vendor:/opt/ros/jazzy/opt/gz_rendering_vendor:/opt/ros/jazzy/opt/gz_plugin_vendor:/opt/ros/jazzy/opt/gz_fuel_tools_vendor:/opt/ros/jazzy/opt/gz_msgs_vendor:/opt/ros/jazzy/opt/gz_common_vendor:/opt/ros/jazzy/opt/gz_math_vendor:/opt/ros/jazzy/opt/gz_utils_vendor:/opt/ros/jazzy/opt/gz_tools_vendor:/opt/ros/jazzy/opt/gz_ogre_next_vendor:/opt/ros/jazzy/opt/gz_dartsim_vendor:/opt/ros/jazzy/opt/gz_cmake_vendor:/home/ironie/assignment3/install/assignment3:/opt/ros/jazzy DEBUGINFOD_URLS=https://debuginfod.ubuntu.com LD_LIBRARY_PATH=/home/ironie/HornetXII_sims/install/dave_gz_world_plugins/lib:/home/ironie/HornetXII_sims/install/dave_interfaces/lib:${LD_LIBRARY_PATH} PYTHONPATH=/home/ironie/HornetXII_sims/install/dave_interfaces/lib/python3.12/site-packages:${PYTHONPATH} /usr/bin/cmake /home/ironie/HornetXII_sims/src/dave/gazebo/dave_ros_gz_plugins -DAMENT_CMAKE_SYMLINK_INSTALL=1 -DCMAKE_INSTALL_PREFIX=/home/ironie/HornetXII_sims/install/dave_ros_gz_plugins
[0.450s] -- The C compiler identification is GNU 13.3.0
[1.146s] -- The CXX compiler identification is GNU 13.3.0
[1.771s] -- Detecting C compiler ABI info
[2.164s] -- Detecting C compiler ABI info - done
[2.176s] -- Check for working C compiler: /usr/bin/cc - skipped
[2.177s] -- Detecting C compile features
[2.177s] -- Detecting C compile features - done
[2.315s] -- Detecting CXX compiler ABI info
[2.659s] -- Detecting CXX compiler ABI info - done
[2.671s] -- Check for working CXX compiler: /usr/bin/c++ - skipped
[2.671s] -- Detecting CXX compile features
[2.672s] -- Detecting CXX compile features - done
[2.678s] -- Found ament_cmake: 2.5.6 (/opt/ros/jazzy/share/ament_cmake/cmake)
[2.871s] -- Found Python3: /usr/bin/python3 (found version "3.12.3") found components: Interpreter 
[2.996s] -- Override CMake install command with custom implementation using symlinks instead of copying resources
[3.064s] -- Looking for gz-plugin -- found version 4.0.0
[3.064s] -- Searching for dependencies of gz-plugin
[3.069s] -- Looking for gz-utils -- found version 4.0.0
[3.069s] -- Searching for dependencies of gz-utils
[3.069s] -- Searching for <gz-utils> component [cli]
[3.073s] -- Looking for gz-utils-cli -- found version 4.0.0
[3.074s] -- Searching for dependencies of gz-utils-cli
[3.078s] -- Searching for <gz-plugin> component [register]
[3.083s] -- Looking for gz-plugin-register -- found version 4.0.0
[3.083s] -- Searching for dependencies of gz-plugin-register
[3.087s] -- Found rclcpp: 28.1.22 (/opt/ros/jazzy/share/rclcpp/cmake)
[3.368s] -- Found rosidl_generator_c: 4.6.9 (/opt/ros/jazzy/share/rosidl_generator_c/cmake)
[3.399s] -- Found rosidl_generator_cpp: 4.6.9 (/opt/ros/jazzy/share/rosidl_generator_cpp/cmake)
[3.429s] -- Using all available rosidl_typesupport_c: rosidl_typesupport_fastrtps_c;rosidl_typesupport_introspection_c
[3.465s] -- Using all available rosidl_typesupport_cpp: rosidl_typesupport_fastrtps_cpp;rosidl_typesupport_introspection_cpp
[3.582s] -- Found rmw_implementation_cmake: 7.3.3 (/opt/ros/jazzy/share/rmw_implementation_cmake/cmake)
[3.588s] -- Found rmw_fastrtps_cpp: 8.4.4 (/opt/ros/jazzy/share/rmw_fastrtps_cpp/cmake)
[3.694s] -- Found OpenSSL: /usr/lib/x86_64-linux-gnu/libcrypto.so (found version "3.0.13")  
[3.918s] -- Found FastRTPS: /opt/ros/jazzy/include (Required is at least version "2.13") 
[4.056s] -- Using RMW implementation 'rmw_fastrtps_cpp' as default
[4.329s] -- Found std_msgs: 5.3.8 (/opt/ros/jazzy/share/std_msgs/cmake)
[4.351s] -- Looking for gz-common -- found version 7.4.0
[4.351s] -- Searching for dependencies of gz-common
[4.352s] -- Looking for gz-utils -- found version 4.0.0
[4.352s] -- Searching for dependencies of gz-utils
[4.352s] -- Searching for <gz-utils> component [log]
[4.357s] -- Looking for gz-utils-log -- found version 4.0.0
[4.357s] -- Searching for dependencies of gz-utils-log
[4.362s] -- Performing Test CMAKE_HAVE_LIBC_PTHREAD
[4.576s] -- Performing Test CMAKE_HAVE_LIBC_PTHREAD - Success
[4.577s] -- Found Threads: TRUE  
[4.590s] -- Checking for module 'uuid'
[4.614s] --   Found uuid, version 2.39.3
[4.665s] -- Found UUID: TRUE  
[4.665s] -- Searching for <gz-common> component [profiler]
[4.670s] -- Looking for gz-common-profiler -- found version 7.4.0
[4.670s] -- Searching for dependencies of gz-common-profiler
[4.677s] -- Looking for gz-sim -- found version 10.5.0
[4.677s] -- Searching for dependencies of gz-sim
[4.682s] -- Looking for sdformat -- found version 16.1.0
[4.682s] -- Searching for dependencies of sdformat
[4.688s] -- Checking for module 'tinyxml2'
[4.711s] --   Found tinyxml2, version 10.0.0
[4.759s] -- Looking for gz-math -- found version 9.3.0
[4.759s] -- Searching for dependencies of gz-math
[4.760s] -- Looking for gz-utils -- found version 4.0.0
[4.761s] -- Looking for gz-utils -- found version 4.0.0
[4.762s] -- Looking for gz-plugin -- found version 4.0.0
[4.762s] -- Searching for dependencies of gz-plugin
[4.763s] -- Looking for gz-utils -- found version 4.0.0
[4.763s] -- Searching for <gz-plugin> component [loader]
[4.767s] -- Looking for gz-plugin-loader -- found version 4.0.0
[4.768s] -- Searching for dependencies of gz-plugin-loader
[4.768s] -- Searching for <gz-plugin> component [register]
[4.773s] -- Looking for gz-transport -- found version 15.1.0
[4.773s] -- Searching for dependencies of gz-transport
[6.335s] -- Found Protobuf: /usr/lib/x86_64-linux-gnu/libprotobuf.so (found version "3.21.12") 
[7.263s] -- Config-file not installed for ZeroMQ -- checking for pkg-config
[7.267s] -- Checking for module 'libzmq >= 4'
[7.280s] --   Found libzmq, version 4.3.5
[7.312s] -- Found ZeroMQ: TRUE (Required is at least version "4") 
[7.359s] -- Looking for gz-utils -- found version 4.0.0
[7.363s] -- Looking for gz-msgs -- found version 12.0.2
[7.363s] -- Searching for dependencies of gz-msgs
[8.374s] -- Looking for gz-utils -- found version 4.0.0
[8.374s] -- Looking for gz-math -- found version 9.3.0
[8.381s] -- Searching for <gz-transport> component [log]
[8.384s] -- Looking for gz-transport-log -- found version 15.1.0
[8.384s] -- Searching for dependencies of gz-transport-log
[8.384s] -- Searching for <gz-transport> component [parameters]
[8.387s] -- Looking for gz-transport-parameters -- found version 15.1.0
[8.387s] -- Searching for dependencies of gz-transport-parameters
[8.388s] -- Looking for gz-msgs -- found version 12.0.2
[8.389s] -- Looking for gz-common -- found version 7.4.0
[8.389s] -- Searching for dependencies of gz-common
[8.389s] -- Looking for gz-utils -- found version 4.0.0
[8.395s] -- Searching for <gz-common> component [av]
[8.398s] -- Looking for gz-common-av -- found version 7.4.0
[8.398s] -- Searching for dependencies of gz-common-av
[8.403s] -- Checking for module 'libswscale'
[8.415s] --   Found libswscale, version 7.5.100
[8.443s] -- Found SWSCALE: TRUE  
[8.447s] -- Checking for module 'libavdevice >= 56.4.100'
[8.463s] --   Found libavdevice, version 60.3.100
[8.501s] -- Found AVDEVICE: TRUE (Required is at least version "56.4.100") 
[8.506s] -- Checking for module 'libavformat'
[8.521s] --   Found libavformat, version 60.16.100
[8.553s] -- Found AVFORMAT: TRUE  
[8.558s] -- Checking for module 'libavcodec'
[8.571s] --   Found libavcodec, version 60.31.102
[8.603s] -- Found AVCODEC: TRUE  
[8.607s] -- Checking for module 'libavutil'
[8.622s] --   Found libavutil, version 58.29.100
[8.652s] -- Found AVUTIL: TRUE  
[8.653s] -- Searching for <gz-common> component [events]
[8.656s] -- Looking for gz-common-events -- found version 7.4.0
[8.656s] -- Searching for dependencies of gz-common-events
[8.657s] -- Looking for gz-math -- found version 9.3.0
[8.657s] -- Searching for <gz-common> component [graphics]
[8.661s] -- Looking for gz-common-graphics -- found version 7.4.0
[8.661s] -- Searching for dependencies of gz-common-graphics
[8.661s] -- Looking for gz-math -- found version 9.3.0
[8.666s] -- Found GzAssimp: TRUE (found version "5.3.0") 
[8.667s] -- Searching for <gz-common> component [io]
[8.671s] -- Looking for gz-common-io -- found version 7.4.0
[8.671s] -- Searching for dependencies of gz-common-io
[8.671s] -- Searching for <gz-common> component [profiler]
[8.671s] -- Searching for <gz-common> component [testing]
[8.675s] -- Looking for gz-common-testing -- found version 7.4.0
[8.675s] -- Searching for dependencies of gz-common-testing
[8.679s] -- Looking for gz-fuel_tools -- found version 11.0.0
[8.679s] -- Searching for dependencies of gz-fuel_tools
[9.797s] -- Found CURL: /usr/lib/x86_64-linux-gnu/libcurl.so (found version "8.5.0")  
[9.807s] -- Checking for module 'jsoncpp'
[9.821s] --   Found jsoncpp, version 1.9.5
[9.852s] -- Found JSONCPP: TRUE  
[10.813s] -- Checking for module 'yaml-0.1'
[10.826s] --   Found yaml-0.1, version 0.2.5
[10.853s] -- Found YAML: TRUE  
[10.857s] -- Checking for module 'libzip'
[10.871s] --   Found libzip, version 1.7.3
[10.901s] -- Found ZIP: TRUE  
[10.902s] -- Looking for gz-utils -- found version 4.0.0
[10.902s] -- Looking for gz-common -- found version 7.4.0
[10.903s] -- Looking for gz-math -- found version 9.3.0
[10.903s] -- Looking for gz-msgs -- found version 12.0.2
[10.907s] -- Looking for gz-gui -- found version 10.1.0
[10.908s] -- Searching for dependencies of gz-gui
[12.000s] -- Looking for gz-utils -- found version 4.0.0
[12.000s] -- Looking for gz-math -- found version 9.3.0
[12.001s] -- Looking for gz-common -- found version 7.4.0
[12.001s] -- Looking for gz-plugin -- found version 4.0.0
[12.001s] -- Looking for gz-transport -- found version 15.1.0
[12.006s] -- Looking for gz-rendering -- found version 10.0.2
[12.006s] -- Searching for dependencies of gz-rendering
[12.006s] -- Looking for gz-math -- found version 9.3.0
[12.007s] -- Searching for dependencies of gz-math
[12.007s] -- Looking for gz-utils -- found version 4.0.0
[12.007s] -- Searching for <gz-math> component [eigen3]
[12.011s] -- Looking for gz-math-eigen3 -- found version 9.3.0
[12.011s] -- Searching for dependencies of gz-math-eigen3
[12.020s] -- Looking for gz-common -- found version 7.4.0
[12.020s] -- Searching for dependencies of gz-common
[12.020s] -- Looking for gz-utils -- found version 4.0.0
[12.026s] -- Searching for <gz-common> component [graphics]
[12.026s] -- Searching for <gz-common> component [events]
[12.027s] -- Searching for <gz-common> component [geospatial]
[12.030s] -- Looking for gz-common-geospatial -- found version 7.4.0
[12.030s] -- Searching for dependencies of gz-common-geospatial
[12.030s] -- Looking for gz-math -- found version 9.3.0
[12.031s] -- Looking for gz-common -- found version 7.4.0
[12.032s] -- Looking for gz-plugin -- found version 4.0.0
[12.032s] -- Searching for dependencies of gz-plugin
[12.032s] -- Looking for gz-utils -- found version 4.0.0
[12.033s] -- Searching for <gz-plugin> component [all]
[12.038s] -- Looking for all libraries of gz-plugin -- found version 4.0.0
[12.039s] -- Looking for gz-plugin -- found version 4.0.0
[12.040s] -- Looking for gz-utils -- found version 4.0.0
[12.917s] -- Found OpenGL: /usr/lib/x86_64-linux-gnu/libOpenGL.so  found components: OpenGL 
[12.919s] -- Looking for gz-msgs -- found version 12.0.2
[12.937s] -- Performing Test HAVE_STDATOMIC
[13.184s] -- Performing Test HAVE_STDATOMIC - Success
[13.185s] -- Found WrapAtomic: TRUE  
[13.251s] -- Found OpenGL: /usr/lib/x86_64-linux-gnu/libOpenGL.so   
[13.252s] -- Found WrapOpenGL: TRUE  
[13.324s] -- Found XKB: /usr/lib/x86_64-linux-gnu/libxkbcommon.so (found suitable version "1.6.0", minimum required is "0.5.0") 
[13.537s] -- Found WrapVulkanHeaders: /usr/include  
[14.662s] -- Looking for gz-physics -- found version 9.5.1
[14.662s] -- Searching for dependencies of gz-physics
[14.662s] -- Looking for gz-common -- found version 7.4.0
[14.662s] -- Looking for gz-math -- found version 9.3.0
[14.663s] -- Looking for gz-plugin -- found version 4.0.0
[14.663s] -- Looking for gz-utils -- found version 4.0.0
[14.665s] -- Searching for <gz-physics> component [heightmap]
[14.669s] -- Looking for gz-physics-heightmap -- found version 9.5.1
[14.669s] -- Searching for dependencies of gz-physics-heightmap
[14.670s] -- Looking for gz-common -- found version 7.4.0
[14.670s] -- Searching for <gz-physics> component [mesh]
[14.674s] -- Looking for gz-physics-mesh -- found version 9.5.1
[14.674s] -- Searching for dependencies of gz-physics-mesh
[14.675s] -- Looking for gz-common -- found version 7.4.0
[14.675s] -- Searching for <gz-physics> component [sdf]
[14.679s] -- Looking for gz-physics-sdf -- found version 9.5.1
[14.679s] -- Searching for dependencies of gz-physics-sdf
[14.680s] -- Looking for sdformat -- found version 16.1.0
[14.685s] -- Looking for gz-sensors -- found version 10.1.1
[14.685s] -- Searching for dependencies of gz-sensors
[15.812s] -- Looking for gz-math -- found version 9.3.0
[15.812s] -- Looking for gz-common -- found version 7.4.0
[15.813s] -- Looking for gz-transport -- found version 15.1.0
[15.814s] -- Looking for gz-rendering -- found version 10.0.2
[15.814s] -- Looking for gz-msgs -- found version 12.0.2
[15.814s] -- Looking for sdformat -- found version 16.1.0
[15.815s] -- Searching for <gz-sensors> component [air_pressure]
[15.819s] -- Looking for gz-sensors-air_pressure -- found version 10.1.1
[15.820s] -- Searching for dependencies of gz-sensors-air_pressure
[15.820s] -- Searching for <gz-sensors> component [air_speed]
[15.826s] -- Looking for gz-sensors-air_speed -- found version 10.1.1
[15.826s] -- Searching for dependencies of gz-sensors-air_speed
[15.826s] -- Searching for <gz-sensors> component [altimeter]
[15.831s] -- Looking for gz-sensors-altimeter -- found version 10.1.1
[15.832s] -- Searching for dependencies of gz-sensors-altimeter
[15.833s] -- Searching for <gz-sensors> component [imu]
[15.839s] -- Looking for gz-sensors-imu -- found version 10.1.1
[15.839s] -- Searching for dependencies of gz-sensors-imu
[15.840s] -- Searching for <gz-sensors> component [force_torque]
[15.847s] -- Looking for gz-sensors-force_torque -- found version 10.1.1
[15.847s] -- Searching for dependencies of gz-sensors-force_torque
[15.847s] -- Searching for <gz-sensors> component [logical_camera]
[15.851s] -- Looking for gz-sensors-logical_camera -- found version 10.1.1
[15.852s] -- Searching for dependencies of gz-sensors-logical_camera
[15.852s] -- Searching for <gz-sensors> component [magnetometer]
[15.856s] -- Looking for gz-sensors-magnetometer -- found version 10.1.1
[15.856s] -- Searching for dependencies of gz-sensors-magnetometer
[15.858s] -- Searching for <gz-sensors> component [navsat]
[15.862s] -- Looking for gz-sensors-navsat -- found version 10.1.1
[15.862s] -- Searching for dependencies of gz-sensors-navsat
[15.863s] -- Searching for <gz-sensors> component [dvl]
[15.868s] -- Looking for gz-sensors-dvl -- found version 10.1.1
[15.868s] -- Searching for dependencies of gz-sensors-dvl
[15.869s] -- Looking for gz-sensors -- found version 10.1.1
[15.869s] -- Searching for dependencies of gz-sensors
[17.108s] -- Looking for gz-math -- found version 9.3.0
[17.108s] -- Looking for gz-common -- found version 7.4.0
[17.108s] -- Looking for gz-transport -- found version 15.1.0
[17.109s] -- Looking for gz-rendering -- found version 10.0.2
[17.109s] -- Looking for gz-msgs -- found version 12.0.2
[17.109s] -- Looking for sdformat -- found version 16.1.0
[17.110s] -- Searching for <gz-sensors> component [rendering]
[17.113s] -- Looking for gz-sensors-rendering -- found version 10.1.1
[17.114s] -- Searching for dependencies of gz-sensors-rendering
[17.115s] -- Searching for <gz-sensors> component [rendering]
[17.115s] -- Searching for <gz-sensors> component [lidar]
[17.119s] -- Looking for gz-sensors-lidar -- found version 10.1.1
[17.119s] -- Searching for dependencies of gz-sensors-lidar
[17.119s] -- Looking for gz-sensors -- found version 10.1.1
[17.120s] -- Searching for <gz-sensors> component [gpu_lidar]
[17.124s] -- Looking for gz-sensors-gpu_lidar -- found version 10.1.1
[17.124s] -- Searching for dependencies of gz-sensors-gpu_lidar
[17.124s] -- Looking for gz-sensors -- found version 10.1.1
[17.125s] -- Searching for <gz-sensors> component [camera]
[17.128s] -- Looking for gz-sensors-camera -- found version 10.1.1
[17.128s] -- Searching for dependencies of gz-sensors-camera
[17.129s] -- Looking for gz-sensors -- found version 10.1.1
[17.130s] -- Searching for <gz-sensors> component [boundingbox_camera]
[17.135s] -- Looking for gz-sensors-boundingbox_camera -- found version 10.1.1
[17.135s] -- Searching for dependencies of gz-sensors-boundingbox_camera
[17.136s] -- Searching for <gz-sensors> component [segmentation_camera]
[17.141s] -- Looking for gz-sensors-segmentation_camera -- found version 10.1.1
[17.141s] -- Searching for dependencies of gz-sensors-segmentation_camera
[17.142s] -- Searching for <gz-sensors> component [depth_camera]
[17.145s] -- Looking for gz-sensors-depth_camera -- found version 10.1.1
[17.146s] -- Searching for dependencies of gz-sensors-depth_camera
[17.146s] -- Looking for gz-sensors -- found version 10.1.1
[17.147s] -- Searching for <gz-sensors> component [rgbd_camera]
[17.150s] -- Looking for gz-sensors-rgbd_camera -- found version 10.1.1
[17.150s] -- Searching for dependencies of gz-sensors-rgbd_camera
[17.151s] -- Looking for gz-sensors -- found version 10.1.1
[17.152s] -- Searching for <gz-sensors> component [thermal_camera]
[17.155s] -- Looking for gz-sensors-thermal_camera -- found version 10.1.1
[17.156s] -- Searching for dependencies of gz-sensors-thermal_camera
[17.156s] -- Looking for gz-sensors -- found version 10.1.1
[17.157s] -- Searching for <gz-sensors> component [wide_angle_camera]
[17.160s] -- Looking for gz-sensors-wide_angle_camera -- found version 10.1.1
[17.161s] -- Searching for dependencies of gz-sensors-wide_angle_camera
[17.162s] -- Looking for gz-rendering -- found version 10.0.2
[17.162s] -- Looking for gz-math -- found version 9.3.0
[17.163s] -- Looking for gz-utils -- found version 4.0.0
[18.292s] -- Found geometry_msgs: 5.3.8 (/opt/ros/jazzy/share/geometry_msgs/cmake)
[18.307s] -- Found dave_interfaces: 0.0.0 (/home/ironie/HornetXII_sims/install/dave_interfaces/share/dave_interfaces/cmake)
[18.334s] -- Found dave_gz_world_plugins: 0.0.0 (/home/ironie/HornetXII_sims/install/dave_gz_world_plugins/share/dave_gz_world_plugins/cmake)
[18.381s] -- Found Boost: /usr/lib/x86_64-linux-gnu/cmake/Boost-1.83.0/BoostConfig.cmake (found version "1.83.0")  
[18.381s] -- Compiling against Gazebo Jetty
[18.389s] -- Found ament_lint_auto: 0.17.5 (/opt/ros/jazzy/share/ament_lint_auto/cmake)
[18.529s] -- Added test 'copyright' to check source files copyright and LICENSE
[18.531s] -- Added test 'cppcheck' to perform static code analysis on C / C++ code
[18.531s] -- Configured cppcheck include dirs: /home/ironie/HornetXII_sims/src/dave/gazebo/dave_ros_gz_plugins/include;$<BUILD_INTERFACE:/home/ironie/HornetXII_sims/src/dave/gazebo/dave_ros_gz_plugins/include>;/home/ironie/HornetXII_sims/src/dave/gazebo/dave_ros_gz_plugins/src
[18.531s] -- Configured cppcheck exclude dirs and/or files: 
[18.533s] -- Added test 'cpplint' to check C / C++ code against the Google style
[18.533s] -- Configured cpplint exclude dirs and/or files: 
[18.534s] -- Added test 'lint_cmake' to check CMake code style
[18.536s] -- Added test 'uncrustify' to check C / C++ code style
[18.536s] -- Configured uncrustify additional arguments: 
[18.537s] -- Added test 'xmllint' to check XML markup files
[18.541s] -- Configuring done (18.2s)
[18.588s] -- Generating done (0.0s)
[18.603s] -- Build files have been written to: /home/ironie/HornetXII_sims/build/dave_ros_gz_plugins
[18.633s] Invoked command in '/home/ironie/HornetXII_sims/build/dave_ros_gz_plugins' returned '0': AMENT_PREFIX_PATH=/home/ironie/HornetXII_sims/install/dave_gz_world_plugins:/home/ironie/HornetXII_sims/install/dave_interfaces:${AMENT_PREFIX_PATH} CMAKE_PREFIX_PATH=/home/ironie/HornetXII_sims/install/dave_gz_world_plugins:/home/ironie/HornetXII_sims/install/dave_interfaces:/home/ironie/dave_ws/install/multibeam_sonar_system:/home/ironie/dave_ws/install/dave_worlds:/home/ironie/dave_ws/install/dave_sensor_models:/home/ironie/dave_ws/install/dave_robot_models:/home/ironie/dave_ws/install/dave_object_models:/home/ironie/dave_ws/install/dave_multibeam_sonar_demo:/home/ironie/dave_ws/install/dave_interfaces:/home/ironie/dave_ws/install/dave_demos:/home/ironie/dave_ws/install/auv_controls:/home/ironie/testGazebo/install/simulator:/opt/ros/jazzy/opt/gz_sim_vendor:/opt/ros/jazzy/opt/gz_sensors_vendor:/opt/ros/jazzy/opt/gz_physics_vendor:/opt/ros/jazzy/opt/sdformat_vendor:/opt/ros/jazzy/opt/gz_gui_vendor:/opt/ros/jazzy/opt/gz_transport_vendor:/opt/ros/jazzy/opt/gz_rendering_vendor:/opt/ros/jazzy/opt/gz_plugin_vendor:/opt/ros/jazzy/opt/gz_fuel_tools_vendor:/opt/ros/jazzy/opt/gz_msgs_vendor:/opt/ros/jazzy/opt/gz_common_vendor:/opt/ros/jazzy/opt/gz_math_vendor:/opt/ros/jazzy/opt/gz_utils_vendor:/opt/ros/jazzy/opt/gz_tools_vendor:/opt/ros/jazzy/opt/gz_ogre_next_vendor:/opt/ros/jazzy/opt/gz_dartsim_vendor:/opt/ros/jazzy/opt/gz_cmake_vendor:/home/ironie/assignment3/install/assignment3:/opt/ros/jazzy DEBUGINFOD_URLS=https://debuginfod.ubuntu.com LD_LIBRARY_PATH=/home/ironie/HornetXII_sims/install/dave_gz_world_plugins/lib:/home/ironie/HornetXII_sims/install/dave_interfaces/lib:${LD_LIBRARY_PATH} PYTHONPATH=/home/ironie/HornetXII_sims/install/dave_interfaces/lib/python3.12/site-packages:${PYTHONPATH} /usr/bin/cmake /home/ironie/HornetXII_sims/src/dave/gazebo/dave_ros_gz_plugins -DAMENT_CMAKE_SYMLINK_INSTALL=1 -DCMAKE_INSTALL_PREFIX=/home/ironie/HornetXII_sims/install/dave_ros_gz_plugins
[18.635s] Invoking command in '/home/ironie/HornetXII_sims/build/dave_ros_gz_plugins': AMENT_PREFIX_PATH=/home/ironie/HornetXII_sims/install/dave_gz_world_plugins:/home/ironie/HornetXII_sims/install/dave_interfaces:${AMENT_PREFIX_PATH} CMAKE_PREFIX_PATH=/home/ironie/HornetXII_sims/install/dave_gz_world_plugins:/home/ironie/HornetXII_sims/install/dave_interfaces:/home/ironie/dave_ws/install/multibeam_sonar_system:/home/ironie/dave_ws/install/dave_worlds:/home/ironie/dave_ws/install/dave_sensor_models:/home/ironie/dave_ws/install/dave_robot_models:/home/ironie/dave_ws/install/dave_object_models:/home/ironie/dave_ws/install/dave_multibeam_sonar_demo:/home/ironie/dave_ws/install/dave_interfaces:/home/ironie/dave_ws/install/dave_demos:/home/ironie/dave_ws/install/auv_controls:/home/ironie/testGazebo/install/simulator:/opt/ros/jazzy/opt/gz_sim_vendor:/opt/ros/jazzy/opt/gz_sensors_vendor:/opt/ros/jazzy/opt/gz_physics_vendor:/opt/ros/jazzy/opt/sdformat_vendor:/opt/ros/jazzy/opt/gz_gui_vendor:/opt/ros/jazzy/opt/gz_transport_vendor:/opt/ros/jazzy/opt/gz_rendering_vendor:/opt/ros/jazzy/opt/gz_plugin_vendor:/opt/ros/jazzy/opt/gz_fuel_tools_vendor:/opt/ros/jazzy/opt/gz_msgs_vendor:/opt/ros/jazzy/opt/gz_common_vendor:/opt/ros/jazzy/opt/gz_math_vendor:/opt/ros/jazzy/opt/gz_utils_vendor:/opt/ros/jazzy/opt/gz_tools_vendor:/opt/ros/jazzy/opt/gz_ogre_next_vendor:/opt/ros/jazzy/opt/gz_dartsim_vendor:/opt/ros/jazzy/opt/gz_cmake_vendor:/home/ironie/assignment3/install/assignment3:/opt/ros/jazzy DEBUGINFOD_URLS=https://debuginfod.ubuntu.com LD_LIBRARY_PATH=/home/ironie/HornetXII_sims/install/dave_gz_world_plugins/lib:/home/ironie/HornetXII_sims/install/dave_interfaces/lib:${LD_LIBRARY_PATH} PYTHONPATH=/home/ironie/HornetXII_sims/install/dave_interfaces/lib/python3.12/site-packages:${PYTHONPATH} /usr/bin/cmake --build /home/ironie/HornetXII_sims/build/dave_ros_gz_plugins -- -j12 -l12
[18.692s] [ 16%] [32mBuilding CXX object CMakeFiles/SphericalCoords.dir/src/SphericalCoords.cc.o[0m
[18.692s] [ 50%] [32mBuilding CXX object CMakeFiles/OceanCurrentPlugin.dir/src/OceanCurrentPlugin.cc.o[0m
[18.692s] [ 50%] [32mBuilding CXX object CMakeFiles/DVLBridge.dir/src/DVLBridge.cc.o[0m
[29.374s] [ 66%] [32m[1mLinking CXX shared library libDVLBridge.so[0m
[30.189s] [ 66%] Built target DVLBridge
[30.949s] [ 83%] [32m[1mLinking CXX shared library libSphericalCoords.so[0m
[31.532s] [ 83%] Built target SphericalCoords
[37.844s] [100%] [32m[1mLinking CXX shared library libOceanCurrentPlugin.so[0m
[38.506s] [100%] Built target OceanCurrentPlugin
[38.520s] Invoked command in '/home/ironie/HornetXII_sims/build/dave_ros_gz_plugins' returned '0': AMENT_PREFIX_PATH=/home/ironie/HornetXII_sims/install/dave_gz_world_plugins:/home/ironie/HornetXII_sims/install/dave_interfaces:${AMENT_PREFIX_PATH} CMAKE_PREFIX_PATH=/home/ironie/HornetXII_sims/install/dave_gz_world_plugins:/home/ironie/HornetXII_sims/install/dave_interfaces:/home/ironie/dave_ws/install/multibeam_sonar_system:/home/ironie/dave_ws/install/dave_worlds:/home/ironie/dave_ws/install/dave_sensor_models:/home/ironie/dave_ws/install/dave_robot_models:/home/ironie/dave_ws/install/dave_object_models:/home/ironie/dave_ws/install/dave_multibeam_sonar_demo:/home/ironie/dave_ws/install/dave_interfaces:/home/ironie/dave_ws/install/dave_demos:/home/ironie/dave_ws/install/auv_controls:/home/ironie/testGazebo/install/simulator:/opt/ros/jazzy/opt/gz_sim_vendor:/opt/ros/jazzy/opt/gz_sensors_vendor:/opt/ros/jazzy/opt/gz_physics_vendor:/opt/ros/jazzy/opt/sdformat_vendor:/opt/ros/jazzy/opt/gz_gui_vendor:/opt/ros/jazzy/opt/gz_transport_vendor:/opt/ros/jazzy/opt/gz_rendering_vendor:/opt/ros/jazzy/opt/gz_plugin_vendor:/opt/ros/jazzy/opt/gz_fuel_tools_vendor:/opt/ros/jazzy/opt/gz_msgs_vendor:/opt/ros/jazzy/opt/gz_common_vendor:/opt/ros/jazzy/opt/gz_math_vendor:/opt/ros/jazzy/opt/gz_utils_vendor:/opt/ros/jazzy/opt/gz_tools_vendor:/opt/ros/jazzy/opt/gz_ogre_next_vendor:/opt/ros/jazzy/opt/gz_dartsim_vendor:/opt/ros/jazzy/opt/gz_cmake_vendor:/home/ironie/assignment3/install/assignment3:/opt/ros/jazzy DEBUGINFOD_URLS=https://debuginfod.ubuntu.com LD_LIBRARY_PATH=/home/ironie/HornetXII_sims/install/dave_gz_world_plugins/lib:/home/ironie/HornetXII_sims/install/dave_interfaces/lib:${LD_LIBRARY_PATH} PYTHONPATH=/home/ironie/HornetXII_sims/install/dave_interfaces/lib/python3.12/site-packages:${PYTHONPATH} /usr/bin/cmake --build /home/ironie/HornetXII_sims/build/dave_ros_gz_plugins -- -j12 -l12
[38.524s] Invoking command in '/home/ironie/HornetXII_sims/build/dave_ros_gz_plugins': AMENT_PREFIX_PATH=/home/ironie/HornetXII_sims/install/dave_gz_world_plugins:/home/ironie/HornetXII_sims/install/dave_interfaces:${AMENT_PREFIX_PATH} CMAKE_PREFIX_PATH=/home/ironie/HornetXII_sims/install/dave_gz_world_plugins:/home/ironie/HornetXII_sims/install/dave_interfaces:/home/ironie/dave_ws/install/multibeam_sonar_system:/home/ironie/dave_ws/install/dave_worlds:/home/ironie/dave_ws/install/dave_sensor_models:/home/ironie/dave_ws/install/dave_robot_models:/home/ironie/dave_ws/install/dave_object_models:/home/ironie/dave_ws/install/dave_multibeam_sonar_demo:/home/ironie/dave_ws/install/dave_interfaces:/home/ironie/dave_ws/install/dave_demos:/home/ironie/dave_ws/install/auv_controls:/home/ironie/testGazebo/install/simulator:/opt/ros/jazzy/opt/gz_sim_vendor:/opt/ros/jazzy/opt/gz_sensors_vendor:/opt/ros/jazzy/opt/gz_physics_vendor:/opt/ros/jazzy/opt/sdformat_vendor:/opt/ros/jazzy/opt/gz_gui_vendor:/opt/ros/jazzy/opt/gz_transport_vendor:/opt/ros/jazzy/opt/gz_rendering_vendor:/opt/ros/jazzy/opt/gz_plugin_vendor:/opt/ros/jazzy/opt/gz_fuel_tools_vendor:/opt/ros/jazzy/opt/gz_msgs_vendor:/opt/ros/jazzy/opt/gz_common_vendor:/opt/ros/jazzy/opt/gz_math_vendor:/opt/ros/jazzy/opt/gz_utils_vendor:/opt/ros/jazzy/opt/gz_tools_vendor:/opt/ros/jazzy/opt/gz_ogre_next_vendor:/opt/ros/jazzy/opt/gz_dartsim_vendor:/opt/ros/jazzy/opt/gz_cmake_vendor:/home/ironie/assignment3/install/assignment3:/opt/ros/jazzy DEBUGINFOD_URLS=https://debuginfod.ubuntu.com LD_LIBRARY_PATH=/home/ironie/HornetXII_sims/install/dave_gz_world_plugins/lib:/home/ironie/HornetXII_sims/install/dave_interfaces/lib:${LD_LIBRARY_PATH} PYTHONPATH=/home/ironie/HornetXII_sims/install/dave_interfaces/lib/python3.12/site-packages:${PYTHONPATH} /usr/bin/cmake --install /home/ironie/HornetXII_sims/build/dave_ros_gz_plugins
[38.532s] -- Install configuration: ""
[38.533s] -- Execute custom install script
[38.534s] -- Symlinking: /home/ironie/HornetXII_sims/install/dave_ros_gz_plugins/lib/dave_ros_gz_plugins/libSphericalCoords.so
[38.543s] -- Symlinking: /home/ironie/HornetXII_sims/install/dave_ros_gz_plugins/lib/dave_ros_gz_plugins/libDVLBridge.so
[38.552s] -- Symlinking: /home/ironie/HornetXII_sims/install/dave_ros_gz_plugins/include/dave_ros_gz_plugins/dave_ros_gz_plugins/DVLBridge.hh
[38.560s] -- Symlinking: /home/ironie/HornetXII_sims/install/dave_ros_gz_plugins/include/dave_ros_gz_plugins/dave_ros_gz_plugins/OceanCurrentPlugin.hh
[38.569s] -- Symlinking: /home/ironie/HornetXII_sims/install/dave_ros_gz_plugins/include/dave_ros_gz_plugins/dave_ros_gz_plugins/SphericalCoords.hh
[38.578s] -- Symlinking: /home/ironie/HornetXII_sims/install/dave_ros_gz_plugins/share/dave_ros_gz_plugins/environment/library_path.sh
[38.589s] -- Symlinking: /home/ironie/HornetXII_sims/install/dave_ros_gz_plugins/share/dave_ros_gz_plugins/environment/library_path.dsv
[38.598s] -- Symlinking: /home/ironie/HornetXII_sims/install/dave_ros_gz_plugins/share/dave_ros_gz_plugins/environment/dave_ros_gz_plugins.dsv
[38.606s] -- Symlinking: /home/ironie/HornetXII_sims/install/dave_ros_gz_plugins/share/ament_index/resource_index/package_run_dependencies/dave_ros_gz_plugins
[38.615s] -- Symlinking: /home/ironie/HornetXII_sims/install/dave_ros_gz_plugins/share/ament_index/resource_index/parent_prefix_path/dave_ros_gz_plugins
[38.624s] -- Symlinking: /home/ironie/HornetXII_sims/install/dave_ros_gz_plugins/share/dave_ros_gz_plugins/environment/ament_prefix_path.sh
[38.632s] -- Symlinking: /home/ironie/HornetXII_sims/install/dave_ros_gz_plugins/share/dave_ros_gz_plugins/environment/ament_prefix_path.dsv
[38.640s] -- Symlinking: /home/ironie/HornetXII_sims/install/dave_ros_gz_plugins/share/dave_ros_gz_plugins/environment/path.sh
[38.649s] -- Symlinking: /home/ironie/HornetXII_sims/install/dave_ros_gz_plugins/share/dave_ros_gz_plugins/environment/path.dsv
[38.658s] -- Symlinking: /home/ironie/HornetXII_sims/install/dave_ros_gz_plugins/share/dave_ros_gz_plugins/local_setup.bash
[38.670s] -- Symlinking: /home/ironie/HornetXII_sims/install/dave_ros_gz_plugins/share/dave_ros_gz_plugins/local_setup.sh
[38.679s] -- Symlinking: /home/ironie/HornetXII_sims/install/dave_ros_gz_plugins/share/dave_ros_gz_plugins/local_setup.zsh
[38.688s] -- Symlinking: /home/ironie/HornetXII_sims/install/dave_ros_gz_plugins/share/dave_ros_gz_plugins/local_setup.dsv
[38.697s] -- Symlinking: /home/ironie/HornetXII_sims/install/dave_ros_gz_plugins/share/dave_ros_gz_plugins/package.dsv
[38.706s] -- Symlinking: /home/ironie/HornetXII_sims/install/dave_ros_gz_plugins/share/ament_index/resource_index/packages/dave_ros_gz_plugins
[38.715s] -- Symlinking: /home/ironie/HornetXII_sims/install/dave_ros_gz_plugins/share/dave_ros_gz_plugins/cmake/ament_cmake_export_include_directories-extras.cmake
[38.724s] -- Symlinking: /home/ironie/HornetXII_sims/install/dave_ros_gz_plugins/share/dave_ros_gz_plugins/cmake/ament_cmake_export_targets-extras.cmake
[38.734s] -- Symlinking: /home/ironie/HornetXII_sims/install/dave_ros_gz_plugins/share/dave_ros_gz_plugins/cmake/ament_cmake_export_dependencies-extras.cmake
[38.742s] -- Symlinking: /home/ironie/HornetXII_sims/install/dave_ros_gz_plugins/share/dave_ros_gz_plugins/cmake/dave_ros_gz_pluginsConfig.cmake
[38.750s] -- Symlinking: /home/ironie/HornetXII_sims/install/dave_ros_gz_plugins/share/dave_ros_gz_plugins/cmake/dave_ros_gz_pluginsConfig-version.cmake
[38.760s] -- Symlinking: /home/ironie/HornetXII_sims/install/dave_ros_gz_plugins/share/dave_ros_gz_plugins/package.xml
[38.773s] -- Installing: /home/ironie/HornetXII_sims/install/dave_ros_gz_plugins/lib/libSphericalCoords.so
[38.776s] -- Set non-toolchain portion of runtime path of "/home/ironie/HornetXII_sims/install/dave_ros_gz_plugins/lib/libSphericalCoords.so" to ""
[38.776s] -- Installing: /home/ironie/HornetXII_sims/install/dave_ros_gz_plugins/lib/libOceanCurrentPlugin.so
[38.783s] -- Set non-toolchain portion of runtime path of "/home/ironie/HornetXII_sims/install/dave_ros_gz_plugins/lib/libOceanCurrentPlugin.so" to ""
[38.783s] -- Installing: /home/ironie/HornetXII_sims/install/dave_ros_gz_plugins/share/dave_ros_gz_plugins/cmake/export_dave_ros_gz_pluginsExport.cmake
[38.783s] -- Installing: /home/ironie/HornetXII_sims/install/dave_ros_gz_plugins/share/dave_ros_gz_plugins/cmake/export_dave_ros_gz_pluginsExport-noconfig.cmake
[38.785s] Invoked command in '/home/ironie/HornetXII_sims/build/dave_ros_gz_plugins' returned '0': AMENT_PREFIX_PATH=/home/ironie/HornetXII_sims/install/dave_gz_world_plugins:/home/ironie/HornetXII_sims/install/dave_interfaces:${AMENT_PREFIX_PATH} CMAKE_PREFIX_PATH=/home/ironie/HornetXII_sims/install/dave_gz_world_plugins:/home/ironie/HornetXII_sims/install/dave_interfaces:/home/ironie/dave_ws/install/multibeam_sonar_system:/home/ironie/dave_ws/install/dave_worlds:/home/ironie/dave_ws/install/dave_sensor_models:/home/ironie/dave_ws/install/dave_robot_models:/home/ironie/dave_ws/install/dave_object_models:/home/ironie/dave_ws/install/dave_multibeam_sonar_demo:/home/ironie/dave_ws/install/dave_interfaces:/home/ironie/dave_ws/install/dave_demos:/home/ironie/dave_ws/install/auv_controls:/home/ironie/testGazebo/install/simulator:/opt/ros/jazzy/opt/gz_sim_vendor:/opt/ros/jazzy/opt/gz_sensors_vendor:/opt/ros/jazzy/opt/gz_physics_vendor:/opt/ros/jazzy/opt/sdformat_vendor:/opt/ros/jazzy/opt/gz_gui_vendor:/opt/ros/jazzy/opt/gz_transport_vendor:/opt/ros/jazzy/opt/gz_rendering_vendor:/opt/ros/jazzy/opt/gz_plugin_vendor:/opt/ros/jazzy/opt/gz_fuel_tools_vendor:/opt/ros/jazzy/opt/gz_msgs_vendor:/opt/ros/jazzy/opt/gz_common_vendor:/opt/ros/jazzy/opt/gz_math_vendor:/opt/ros/jazzy/opt/gz_utils_vendor:/opt/ros/jazzy/opt/gz_tools_vendor:/opt/ros/jazzy/opt/gz_ogre_next_vendor:/opt/ros/jazzy/opt/gz_dartsim_vendor:/opt/ros/jazzy/opt/gz_cmake_vendor:/home/ironie/assignment3/install/assignment3:/opt/ros/jazzy DEBUGINFOD_URLS=https://debuginfod.ubuntu.com LD_LIBRARY_PATH=/home/ironie/HornetXII_sims/install/dave_gz_world_plugins/lib:/home/ironie/HornetXII_sims/install/dave_interfaces/lib:${LD_LIBRARY_PATH} PYTHONPATH=/home/ironie/HornetXII_sims/install/dave_interfaces/lib/python3.12/site-packages:${PYTHONPATH} /usr/bin/cmake --install /home/ironie/HornetXII_sims/build/dave_ros_gz_plugins
