-- The C compiler identification is GNU 13.3.0
-- The CXX compiler identification is GNU 13.3.0
-- Detecting C compiler ABI info
-- Detecting C compiler ABI info - done
-- Check for working C compiler: /usr/bin/cc - skipped
-- Detecting C compile features
-- Detecting C compile features - done
-- Detecting CXX compiler ABI info
-- Detecting CXX compiler ABI info - done
-- Check for working CXX compiler: /usr/bin/c++ - skipped
-- Detecting CXX compile features
-- Detecting CXX compile features - done
-- Found ament_cmake: 2.5.6 (/opt/ros/jazzy/share/ament_cmake/cmake)
-- Found Python3: /usr/bin/python3 (found version "3.12.3") found components: Interpreter 
-- Override CMake install command with custom implementation using symlinks instead of copying resources
-- Configuring done (3.5s)
-- Generating done (0.0s)
-- Build files have been written to: /home/ironie/HornetXII_sims/build/dave_sensor_models
-- Install configuration: ""
-- Execute custom install script
-- Symlinking: /home/ironie/HornetXII_sims/install/dave_sensor_models/share/dave_sensor_models/description/blueview_p900/model.config
-- Symlinking: /home/ironie/HornetXII_sims/install/dave_sensor_models/share/dave_sensor_models/description/blueview_p900/model.sdf
-- Symlinking: /home/ironie/HornetXII_sims/install/dave_sensor_models/share/dave_sensor_models/description/nortek_dvl1000_300/model.config
-- Symlinking: /home/ironie/HornetXII_sims/install/dave_sensor_models/share/dave_sensor_models/description/nortek_dvl1000_300/model.sdf
-- Symlinking: /home/ironie/HornetXII_sims/install/dave_sensor_models/share/dave_sensor_models/description/nortek_dvl1000_4000/model.config
-- Symlinking: /home/ironie/HornetXII_sims/install/dave_sensor_models/share/dave_sensor_models/description/nortek_dvl1000_4000/model.sdf
-- Symlinking: /home/ironie/HornetXII_sims/install/dave_sensor_models/share/dave_sensor_models/description/nortek_dvl500_300/model.config
-- Symlinking: /home/ironie/HornetXII_sims/install/dave_sensor_models/share/dave_sensor_models/description/nortek_dvl500_300/model.sdf
-- Symlinking: /home/ironie/HornetXII_sims/install/dave_sensor_models/share/dave_sensor_models/description/nortek_dvl500_300_with_multibeam_sonar/model.config
-- Symlinking: /home/ironie/HornetXII_sims/install/dave_sensor_models/share/dave_sensor_models/description/nortek_dvl500_300_with_multibeam_sonar/model.sdf
-- Symlinking: /home/ironie/HornetXII_sims/install/dave_sensor_models/share/dave_sensor_models/description/nortek_dvl500_6000/model.config
-- Symlinking: /home/ironie/HornetXII_sims/install/dave_sensor_models/share/dave_sensor_models/description/nortek_dvl500_6000/model.sdf
-- Symlinking: /home/ironie/HornetXII_sims/install/dave_sensor_models/share/dave_sensor_models/description/sonardyne_syrinx600/model.config
-- Symlinking: /home/ironie/HornetXII_sims/install/dave_sensor_models/share/dave_sensor_models/description/sonardyne_syrinx600/model.sdf
-- Symlinking: /home/ironie/HornetXII_sims/install/dave_sensor_models/share/dave_sensor_models/description/teledyne_explorer1000/model.config
-- Symlinking: /home/ironie/HornetXII_sims/install/dave_sensor_models/share/dave_sensor_models/description/teledyne_explorer1000/model.sdf
-- Symlinking: /home/ironie/HornetXII_sims/install/dave_sensor_models/share/dave_sensor_models/description/teledyne_explorer4000/model.config
-- Symlinking: /home/ironie/HornetXII_sims/install/dave_sensor_models/share/dave_sensor_models/description/teledyne_explorer4000/model.sdf
-- Symlinking: /home/ironie/HornetXII_sims/install/dave_sensor_models/share/dave_sensor_models/description/teledyne_whn/model.config
-- Symlinking: /home/ironie/HornetXII_sims/install/dave_sensor_models/share/dave_sensor_models/description/teledyne_whn/model.sdf
-- Symlinking: /home/ironie/HornetXII_sims/install/dave_sensor_models/share/dave_sensor_models/description/underwater_camera/model.sdf
-- Symlinking: /home/ironie/HornetXII_sims/install/dave_sensor_models/share/dave_sensor_models/launch/upload_sensor.launch.py
-- Symlinking: /home/ironie/HornetXII_sims/install/dave_sensor_models/share/dave_sensor_models/meshes/blueview_p900/COLLISION-p900.dae
-- Symlinking: /home/ironie/HornetXII_sims/install/dave_sensor_models/share/dave_sensor_models/meshes/blueview_p900/p900.dae
-- Symlinking: /home/ironie/HornetXII_sims/install/dave_sensor_models/share/dave_sensor_models/meshes/blueview_p900/tx-p900.png
-- Symlinking: /home/ironie/HornetXII_sims/install/dave_sensor_models/share/dave_sensor_models/meshes/nortek_dvl1000_300/DVL1000-300m.dae
-- Symlinking: /home/ironie/HornetXII_sims/install/dave_sensor_models/share/dave_sensor_models/meshes/nortek_dvl1000_300/tx-DVL1000-300m.png
-- Symlinking: /home/ironie/HornetXII_sims/install/dave_sensor_models/share/dave_sensor_models/meshes/nortek_dvl1000_4000/DVL1000-4000m.dae
-- Symlinking: /home/ironie/HornetXII_sims/install/dave_sensor_models/share/dave_sensor_models/meshes/nortek_dvl1000_4000/tx-DVL1000-4000m.png
-- Symlinking: /home/ironie/HornetXII_sims/install/dave_sensor_models/share/dave_sensor_models/meshes/nortek_dvl500_300/DVL500-300m.dae
-- Symlinking: /home/ironie/HornetXII_sims/install/dave_sensor_models/share/dave_sensor_models/meshes/nortek_dvl500_300/tx-DVL500-300m.png
-- Symlinking: /home/ironie/HornetXII_sims/install/dave_sensor_models/share/dave_sensor_models/meshes/nortek_dvl500_6000/DVL500-6000m.dae
-- Symlinking: /home/ironie/HornetXII_sims/install/dave_sensor_models/share/dave_sensor_models/meshes/nortek_dvl500_6000/tx-DVL500-6000m.png
-- Symlinking: /home/ironie/HornetXII_sims/install/dave_sensor_models/share/dave_sensor_models/meshes/sonardyne_syrinx600/Syrinx600.dae
-- Symlinking: /home/ironie/HornetXII_sims/install/dave_sensor_models/share/dave_sensor_models/meshes/sonardyne_syrinx600/tx-Syrinx600.png
-- Symlinking: /home/ironie/HornetXII_sims/install/dave_sensor_models/share/dave_sensor_models/meshes/teledyne_explorer1000/MarineExplorer.dae
-- Symlinking: /home/ironie/HornetXII_sims/install/dave_sensor_models/share/dave_sensor_models/meshes/teledyne_explorer1000/tx-Explorer.png
-- Symlinking: /home/ironie/HornetXII_sims/install/dave_sensor_models/share/dave_sensor_models/meshes/teledyne_explorer4000/MarineExplorer.dae
-- Symlinking: /home/ironie/HornetXII_sims/install/dave_sensor_models/share/dave_sensor_models/meshes/teledyne_explorer4000/tx-Explorer.png
-- Symlinking: /home/ironie/HornetXII_sims/install/dave_sensor_models/share/dave_sensor_models/meshes/teledyne_whn/WorkhorseNavigator.dae
-- Symlinking: /home/ironie/HornetXII_sims/install/dave_sensor_models/share/dave_sensor_models/meshes/teledyne_whn/tx-Navigator.png
-- Symlinking: /home/ironie/HornetXII_sims/install/dave_sensor_models/share/dave_sensor_models/config/blueview_p900/sensor_config.py
-- Symlinking: /home/ironie/HornetXII_sims/install/dave_sensor_models/share/dave_sensor_models/environment/dave_sensor_models.dsv
-- Symlinking: /home/ironie/HornetXII_sims/install/dave_sensor_models/share/ament_index/resource_index/package_run_dependencies/dave_sensor_models
-- Symlinking: /home/ironie/HornetXII_sims/install/dave_sensor_models/share/ament_index/resource_index/parent_prefix_path/dave_sensor_models
-- Symlinking: /home/ironie/HornetXII_sims/install/dave_sensor_models/share/dave_sensor_models/environment/ament_prefix_path.sh
-- Symlinking: /home/ironie/HornetXII_sims/install/dave_sensor_models/share/dave_sensor_models/environment/ament_prefix_path.dsv
-- Symlinking: /home/ironie/HornetXII_sims/install/dave_sensor_models/share/dave_sensor_models/environment/path.sh
-- Symlinking: /home/ironie/HornetXII_sims/install/dave_sensor_models/share/dave_sensor_models/environment/path.dsv
-- Symlinking: /home/ironie/HornetXII_sims/install/dave_sensor_models/share/dave_sensor_models/local_setup.bash
-- Symlinking: /home/ironie/HornetXII_sims/install/dave_sensor_models/share/dave_sensor_models/local_setup.sh
-- Symlinking: /home/ironie/HornetXII_sims/install/dave_sensor_models/share/dave_sensor_models/local_setup.zsh
-- Symlinking: /home/ironie/HornetXII_sims/install/dave_sensor_models/share/dave_sensor_models/local_setup.dsv
-- Symlinking: /home/ironie/HornetXII_sims/install/dave_sensor_models/share/dave_sensor_models/package.dsv
-- Symlinking: /home/ironie/HornetXII_sims/install/dave_sensor_models/share/ament_index/resource_index/packages/dave_sensor_models
-- Symlinking: /home/ironie/HornetXII_sims/install/dave_sensor_models/share/dave_sensor_models/cmake/dave_sensor_modelsConfig.cmake
-- Symlinking: /home/ironie/HornetXII_sims/install/dave_sensor_models/share/dave_sensor_models/cmake/dave_sensor_modelsConfig-version.cmake
-- Symlinking: /home/ironie/HornetXII_sims/install/dave_sensor_models/share/dave_sensor_models/package.xml
