[0.014s] Invoking command in '/home/ironie/HornetXII_sims/build/auv_controls': CMAKE_PREFIX_PATH=${CMAKE_PREFIX_PATH}:/home/ironie/assignment3/install/assignment3:/opt/ros/jazzy DEBUGINFOD_URLS=https://debuginfod.ubuntu.com /usr/bin/cmake /home/ironie/HornetXII_sims/src/auv_controls -DAMENT_CMAKE_SYMLINK_INSTALL=1 -DCMAKE_INSTALL_PREFIX=/home/ironie/HornetXII_sims/install/auv_controls
[0.027s] -- Found ament_cmake: 2.5.6 (/opt/ros/jazzy/share/ament_cmake/cmake)
[0.246s] -- Override CMake install command with custom implementation using symlinks instead of copying resources
[0.252s] -- Found gz_ros2_control: 1.2.20 (/opt/ros/jazzy/share/gz_ros2_control/cmake)
[0.408s] -- Found rosidl_generator_c: 4.6.9 (/opt/ros/jazzy/share/rosidl_generator_c/cmake)
[0.416s] -- Found rosidl_generator_cpp: 4.6.9 (/opt/ros/jazzy/share/rosidl_generator_cpp/cmake)
[0.432s] -- Using all available rosidl_typesupport_c: rosidl_typesupport_fastrtps_c;rosidl_typesupport_introspection_c
[0.451s] -- Using all available rosidl_typesupport_cpp: rosidl_typesupport_fastrtps_cpp;rosidl_typesupport_introspection_cpp
[0.532s] -- Found rmw_implementation_cmake: 7.3.3 (/opt/ros/jazzy/share/rmw_implementation_cmake/cmake)
[0.535s] -- Found rmw_fastrtps_cpp: 8.4.4 (/opt/ros/jazzy/share/rmw_fastrtps_cpp/cmake)
[0.773s] -- Using RMW implementation 'rmw_fastrtps_cpp' as default
[0.971s] [0mCMake Deprecation Warning at /opt/ros/jazzy/share/tl_expected/cmake/tl_expectedConfig.cmake:37 (message):
[0.971s]   Package 'tl_expected' is deprecated (This package will be removed in ROS 2
[0.971s]   Lyrical Luth.
[0.972s] 
[0.972s]         Use tl/expected.hpp from libexpected-dev,
[0.972s]         or rcpputils/tl_expected/expected.hpp if the system header is not available)
[0.972s] Call Stack (most recent call first):
[0.972s]   /opt/ros/jazzy/share/parameter_traits/cmake/ament_cmake_export_dependencies-extras.cmake:21 (find_package)
[0.972s]   /opt/ros/jazzy/share/parameter_traits/cmake/parameter_traitsConfig.cmake:41 (include)
[0.972s]   /opt/ros/jazzy/share/controller_manager/cmake/ament_cmake_export_dependencies-extras.cmake:21 (find_package)
[0.972s]   /opt/ros/jazzy/share/controller_manager/cmake/controller_managerConfig.cmake:41 (include)
[0.972s]   /opt/ros/jazzy/share/gz_ros2_control/cmake/ament_cmake_export_dependencies-extras.cmake:21 (find_package)
[0.972s]   /opt/ros/jazzy/share/gz_ros2_control/cmake/gz_ros2_controlConfig.cmake:41 (include)
[0.972s]   CMakeLists.txt:14 (find_package)
[0.972s] 
[0.972s] [0m
[1.266s] -- Found gz_sim_vendor: 0.0.13 (/opt/ros/jazzy/share/gz_sim_vendor/cmake)
[1.277s] -- Looking for gz-sim8 -- found version 8.15.0
[1.281s] -- Searching for dependencies of gz-sim8
[1.282s] -- Looking for sdformat14 -- found version 14.9.0
[1.282s] -- Searching for dependencies of sdformat14
[1.287s] -- Checking for module 'tinyxml2'
[1.300s] --   Found tinyxml2, version 10.0.0
[1.326s] -- Looking for gz-math7 -- found version 7.7.0
[1.326s] -- Searching for dependencies of gz-math7
[1.326s] -- Looking for gz-utils2 -- found version 2.2.1
[1.327s] -- Searching for dependencies of gz-utils2
[1.328s] -- Looking for gz-utils2 -- found version 2.2.1
[1.328s] -- Searching for dependencies of gz-utils2
[1.328s] -- Searching for <gz-utils2> component [cli]
[1.328s] -- Looking for gz-utils2-cli -- found version 2.2.1
[1.329s] -- Searching for dependencies of gz-utils2-cli
[1.330s] -- Looking for gz-plugin2 -- found version 2.0.4
[1.330s] -- Searching for dependencies of gz-plugin2
[1.330s] -- Looking for gz-utils2 -- found version 2.2.1
[1.330s] -- Searching for <gz-plugin2> component [loader]
[1.331s] -- Looking for gz-plugin2-loader -- found version 2.0.4
[1.331s] -- Searching for dependencies of gz-plugin2-loader
[1.331s] -- Searching for <gz-plugin2> component [register]
[1.332s] -- Looking for gz-plugin2-register -- found version 2.0.4
[1.332s] -- Searching for dependencies of gz-plugin2-register
[1.334s] -- Looking for gz-transport13 -- found version 13.6.0
[1.334s] -- Searching for dependencies of gz-transport13
[3.384s] -- Config-file not installed for ZeroMQ -- checking for pkg-config
[3.389s] -- Checking for module 'libzmq >= 4'
[3.403s] --   Found libzmq, version 4.3.5
[3.441s] -- Checking for module 'uuid'
[3.456s] --   Found uuid, version 2.39.3
[3.483s] -- Looking for gz-utils2 -- found version 2.2.1
[3.484s] -- Looking for gz-msgs10 -- found version 10.4.0
[3.484s] -- Searching for dependencies of gz-msgs10
[4.629s] -- Looking for gz-utils2 -- found version 2.2.1
[4.629s] -- Looking for gz-math7 -- found version 7.7.0
[4.636s] -- Searching for <gz-transport13> component [log]
[4.637s] -- Looking for gz-transport13-log -- found version 13.6.0
[4.637s] -- Searching for dependencies of gz-transport13-log
[4.637s] -- Searching for <gz-transport13> component [parameters]
[4.638s] -- Looking for gz-transport13-parameters -- found version 13.6.0
[4.638s] -- Searching for dependencies of gz-transport13-parameters
[4.639s] -- Looking for gz-msgs10 -- found version 10.4.0
[4.639s] -- Looking for gz-common5 -- found version 5.9.0
[4.639s] -- Searching for dependencies of gz-common5
[4.640s] -- Looking for gz-utils2 -- found version 2.2.1
[4.640s] -- Looking for dlfcn.h - found
[4.640s] -- Looking for libdl - found
[4.648s] -- Searching for <gz-common5> component [av]
[4.649s] -- Looking for gz-common5-av -- found version 5.9.0
[4.649s] -- Searching for dependencies of gz-common5-av
[4.654s] -- Checking for module 'libswscale'
[4.670s] --   Found libswscale, version 7.5.100
[4.703s] -- Checking for module 'libavdevice >= 56.4.100'
[4.717s] --   Found libavdevice, version 60.3.100
[4.766s] -- Checking for module 'libavformat'
[4.781s] --   Found libavformat, version 60.16.100
[4.816s] -- Checking for module 'libavcodec'
[4.830s] --   Found libavcodec, version 60.31.102
[4.866s] -- Checking for module 'libavutil'
[4.882s] --   Found libavutil, version 58.29.100
[4.911s] -- Searching for <gz-common5> component [events]
[4.911s] -- Looking for gz-common5-events -- found version 5.9.0
[4.912s] -- Searching for dependencies of gz-common5-events
[4.912s] -- Looking for gz-math7 -- found version 7.7.0
[4.912s] -- Searching for <gz-common5> component [graphics]
[4.913s] -- Looking for gz-common5-graphics -- found version 5.9.0
[4.913s] -- Searching for dependencies of gz-common5-graphics
[4.913s] -- Looking for gz-math7 -- found version 7.7.0
[4.915s] -- Searching for <gz-common5> component [io]
[4.916s] -- Looking for gz-common5-io -- found version 5.9.0
[4.916s] -- Searching for dependencies of gz-common5-io
[4.916s] -- Searching for <gz-common5> component [profiler]
[4.917s] -- Looking for gz-common5-profiler -- found version 5.9.0
[4.917s] -- Searching for dependencies of gz-common5-profiler
[4.918s] -- Looking for gz-fuel_tools9 -- found version 9.1.1
[4.918s] -- Searching for dependencies of gz-fuel_tools9
[6.091s] -- Checking for module 'jsoncpp'
[6.106s] --   Found jsoncpp, version 1.9.5
[7.168s] -- Checking for module 'yaml-0.1'
[7.188s] --   Found yaml-0.1, version 0.2.5
[7.217s] -- Checking for module 'libzip'
[7.232s] --   Found libzip, version 1.7.3
[7.263s] -- Looking for gz-utils2 -- found version 2.2.1
[7.263s] -- Looking for gz-common5 -- found version 5.9.0
[7.263s] -- Searching for dependencies of gz-common5
[7.264s] -- Looking for gz-utils2 -- found version 2.2.1
[7.264s] -- Looking for dlfcn.h - found
[7.264s] -- Looking for libdl - found
[7.271s] -- Searching for <gz-common5> component [testing]
[7.271s] -- Looking for gz-common5-testing -- found version 5.9.0
[7.271s] -- Searching for dependencies of gz-common5-testing
[7.272s] -- Looking for gz-math7 -- found version 7.7.0
[7.273s] -- Looking for gz-msgs10 -- found version 10.4.0
[7.274s] -- Looking for gz-gui8 -- found version 8.4.0
[7.274s] -- Searching for dependencies of gz-gui8
[8.270s] -- Looking for gz-utils2 -- found version 2.2.1
[8.270s] -- Looking for gz-math7 -- found version 7.7.0
[8.271s] -- Looking for gz-common5 -- found version 5.9.0
[8.271s] -- Looking for gz-plugin2 -- found version 2.0.4
[8.271s] -- Looking for gz-transport13 -- found version 13.6.0
[8.272s] -- Looking for gz-rendering8 -- found version 8.2.3
[8.272s] -- Searching for dependencies of gz-rendering8
[8.272s] -- Looking for gz-math7 -- found version 7.7.0
[8.273s] -- Searching for dependencies of gz-math7
[8.273s] -- Looking for gz-utils2 -- found version 2.2.1
[8.273s] -- Searching for <gz-math7> component [eigen3]
[8.273s] -- Looking for gz-math7-eigen3 -- found version 7.7.0
[8.274s] -- Searching for dependencies of gz-math7-eigen3
[8.275s] -- Looking for gz-common5 -- found version 5.9.0
[8.275s] -- Searching for dependencies of gz-common5
[8.275s] -- Looking for gz-utils2 -- found version 2.2.1
[8.276s] -- Looking for dlfcn.h - found
[8.276s] -- Looking for libdl - found
[8.282s] -- Searching for <gz-common5> component [graphics]
[8.283s] -- Searching for <gz-common5> component [events]
[8.283s] -- Searching for <gz-common5> component [geospatial]
[8.283s] -- Looking for gz-common5-geospatial -- found version 5.9.0
[8.283s] -- Searching for dependencies of gz-common5-geospatial
[8.283s] -- Looking for gz-math7 -- found version 7.7.0
[8.284s] -- Looking for gz-common5 -- found version 5.9.0
[8.285s] -- Looking for gz-plugin2 -- found version 2.0.4
[8.285s] -- Searching for dependencies of gz-plugin2
[8.285s] -- Looking for gz-utils2 -- found version 2.2.1
[8.285s] -- Searching for <gz-plugin2> component [all]
[8.286s] -- Looking for all libraries of gz-plugin2 -- found version 2.0.4
[8.286s] -- Looking for gz-plugin2 -- found version 2.0.4
[8.287s] -- Looking for gz-utils2 -- found version 2.2.1
[8.330s] -- Looking for gz-msgs10 -- found version 10.4.0
[8.444s] -- Looking for gz-physics7 -- found version 7.8.0
[8.444s] -- Searching for dependencies of gz-physics7
[8.444s] -- Looking for gz-common5 -- found version 5.9.0
[8.444s] -- Looking for gz-math7 -- found version 7.7.0
[8.445s] -- Looking for gz-plugin2 -- found version 2.0.4
[8.445s] -- Looking for gz-utils2 -- found version 2.2.1
[8.446s] -- Searching for <gz-physics7> component [heightmap]
[8.447s] -- Looking for gz-physics7-heightmap -- found version 7.8.0
[8.447s] -- Searching for dependencies of gz-physics7-heightmap
[8.447s] -- Looking for gz-common5 -- found version 5.9.0
[8.448s] -- Searching for <gz-physics7> component [mesh]
[8.448s] -- Looking for gz-physics7-mesh -- found version 7.8.0
[8.449s] -- Searching for dependencies of gz-physics7-mesh
[8.449s] -- Looking for gz-common5 -- found version 5.9.0
[8.450s] -- Searching for <gz-physics7> component [sdf]
[8.450s] -- Looking for gz-physics7-sdf -- found version 7.8.0
[8.450s] -- Searching for dependencies of gz-physics7-sdf
[8.451s] -- Looking for sdformat14 -- found version 14.9.0
[8.451s] -- Looking for gz-sensors8 -- found version 8.2.2
[8.452s] -- Searching for dependencies of gz-sensors8
[9.514s] -- Looking for gz-math7 -- found version 7.7.0
[9.515s] -- Looking for gz-common5 -- found version 5.9.0
[9.515s] -- Looking for gz-transport13 -- found version 13.6.0
[9.515s] -- Looking for gz-rendering8 -- found version 8.2.3
[9.516s] -- Looking for gz-msgs10 -- found version 10.4.0
[9.516s] -- Looking for sdformat14 -- found version 14.9.0
[9.517s] -- Searching for <gz-sensors8> component [air_pressure]
[9.517s] -- Looking for gz-sensors8-air_pressure -- found version 8.2.2
[9.517s] -- Searching for dependencies of gz-sensors8-air_pressure
[9.518s] -- Searching for <gz-sensors8> component [air_speed]
[9.518s] -- Looking for gz-sensors8-air_speed -- found version 8.2.2
[9.518s] -- Searching for dependencies of gz-sensors8-air_speed
[9.519s] -- Searching for <gz-sensors8> component [altimeter]
[9.519s] -- Looking for gz-sensors8-altimeter -- found version 8.2.2
[9.519s] -- Searching for dependencies of gz-sensors8-altimeter
[9.520s] -- Searching for <gz-sensors8> component [imu]
[9.520s] -- Looking for gz-sensors8-imu -- found version 8.2.2
[9.520s] -- Searching for dependencies of gz-sensors8-imu
[9.520s] -- Searching for <gz-sensors8> component [force_torque]
[9.521s] -- Looking for gz-sensors8-force_torque -- found version 8.2.2
[9.521s] -- Searching for dependencies of gz-sensors8-force_torque
[9.521s] -- Searching for <gz-sensors8> component [logical_camera]
[9.522s] -- Looking for gz-sensors8-logical_camera -- found version 8.2.2
[9.522s] -- Searching for dependencies of gz-sensors8-logical_camera
[9.522s] -- Searching for <gz-sensors8> component [magnetometer]
[9.523s] -- Looking for gz-sensors8-magnetometer -- found version 8.2.2
[9.523s] -- Searching for dependencies of gz-sensors8-magnetometer
[9.523s] -- Searching for <gz-sensors8> component [navsat]
[9.524s] -- Looking for gz-sensors8-navsat -- found version 8.2.2
[9.524s] -- Searching for dependencies of gz-sensors8-navsat
[9.524s] -- Searching for <gz-sensors8> component [dvl]
[9.525s] -- Looking for gz-sensors8-dvl -- found version 8.2.2
[9.525s] -- Searching for dependencies of gz-sensors8-dvl
[9.525s] -- Looking for gz-sensors8 -- found version 8.2.2
[9.526s] -- Searching for dependencies of gz-sensors8
[10.555s] -- Looking for gz-math7 -- found version 7.7.0
[10.555s] -- Looking for gz-common5 -- found version 5.9.0
[10.556s] -- Looking for gz-transport13 -- found version 13.6.0
[10.556s] -- Looking for gz-rendering8 -- found version 8.2.3
[10.557s] -- Looking for gz-msgs10 -- found version 10.4.0
[10.557s] -- Looking for sdformat14 -- found version 14.9.0
[10.557s] -- Searching for <gz-sensors8> component [rendering]
[10.557s] -- Looking for gz-sensors8-rendering -- found version 8.2.2
[10.558s] -- Searching for dependencies of gz-sensors8-rendering
[10.559s] -- Searching for <gz-sensors8> component [rendering]
[10.559s] -- Searching for <gz-sensors8> component [lidar]
[10.559s] -- Looking for gz-sensors8-lidar -- found version 8.2.2
[10.559s] -- Searching for dependencies of gz-sensors8-lidar
[10.560s] -- Looking for gz-sensors8 -- found version 8.2.2
[10.560s] -- Searching for <gz-sensors8> component [gpu_lidar]
[10.560s] -- Looking for gz-sensors8-gpu_lidar -- found version 8.2.2
[10.561s] -- Searching for dependencies of gz-sensors8-gpu_lidar
[10.561s] -- Looking for gz-sensors8 -- found version 8.2.2
[10.561s] -- Searching for <gz-sensors8> component [camera]
[10.562s] -- Looking for gz-sensors8-camera -- found version 8.2.2
[10.562s] -- Searching for dependencies of gz-sensors8-camera
[10.562s] -- Looking for gz-sensors8 -- found version 8.2.2
[10.563s] -- Searching for <gz-sensors8> component [boundingbox_camera]
[10.563s] -- Looking for gz-sensors8-boundingbox_camera -- found version 8.2.2
[10.563s] -- Searching for dependencies of gz-sensors8-boundingbox_camera
[10.564s] -- Searching for <gz-sensors8> component [segmentation_camera]
[10.564s] -- Looking for gz-sensors8-segmentation_camera -- found version 8.2.2
[10.564s] -- Searching for dependencies of gz-sensors8-segmentation_camera
[10.565s] -- Searching for <gz-sensors8> component [depth_camera]
[10.565s] -- Looking for gz-sensors8-depth_camera -- found version 8.2.2
[10.565s] -- Searching for dependencies of gz-sensors8-depth_camera
[10.566s] -- Looking for gz-sensors8 -- found version 8.2.2
[10.566s] -- Searching for <gz-sensors8> component [rgbd_camera]
[10.567s] -- Looking for gz-sensors8-rgbd_camera -- found version 8.2.2
[10.567s] -- Searching for dependencies of gz-sensors8-rgbd_camera
[10.567s] -- Looking for gz-sensors8 -- found version 8.2.2
[10.568s] -- Searching for <gz-sensors8> component [thermal_camera]
[10.568s] -- Looking for gz-sensors8-thermal_camera -- found version 8.2.2
[10.568s] -- Searching for dependencies of gz-sensors8-thermal_camera
[10.569s] -- Looking for gz-sensors8 -- found version 8.2.2
[10.569s] -- Searching for <gz-sensors8> component [wide_angle_camera]
[10.570s] -- Looking for gz-sensors8-wide_angle_camera -- found version 8.2.2
[10.570s] -- Searching for dependencies of gz-sensors8-wide_angle_camera
[10.571s] -- Looking for gz-rendering8 -- found version 8.2.3
[10.571s] -- Looking for gz-math7 -- found version 7.7.0
[10.572s] -- Looking for gz-utils2 -- found version 2.2.1
[11.628s] -- Found ament_lint_auto: 0.17.5 (/opt/ros/jazzy/share/ament_lint_auto/cmake)
[11.745s] -- Added test 'cppcheck' to perform static code analysis on C / C++ code
[11.746s] -- Configured cppcheck include dirs: 
[11.746s] -- Configured cppcheck exclude dirs and/or files: 
[11.747s] -- Added test 'flake8' to check Python code syntax and style conventions
[11.747s] -- Configured 'flake8' exclude dirs and/or files: 
[11.751s] -- Added test 'lint_cmake' to check CMake code style
[11.752s] -- Added test 'pep257' to check Python code against some of the docstring style conventions in PEP 257
[11.754s] -- Added test 'uncrustify' to check C / C++ code style
[11.754s] -- Configured uncrustify additional arguments: 
[11.755s] -- Added test 'xmllint' to check XML markup files
[11.759s] -- Configuring done (11.7s)
[11.768s] -- Generating done (0.0s)
[11.772s] -- Build files have been written to: /home/ironie/HornetXII_sims/build/auv_controls
[11.788s] Invoked command in '/home/ironie/HornetXII_sims/build/auv_controls' returned '0': CMAKE_PREFIX_PATH=${CMAKE_PREFIX_PATH}:/home/ironie/assignment3/install/assignment3:/opt/ros/jazzy DEBUGINFOD_URLS=https://debuginfod.ubuntu.com /usr/bin/cmake /home/ironie/HornetXII_sims/src/auv_controls -DAMENT_CMAKE_SYMLINK_INSTALL=1 -DCMAKE_INSTALL_PREFIX=/home/ironie/HornetXII_sims/install/auv_controls
[11.789s] Invoking command in '/home/ironie/HornetXII_sims/build/auv_controls': CMAKE_PREFIX_PATH=${CMAKE_PREFIX_PATH}:/home/ironie/assignment3/install/assignment3:/opt/ros/jazzy DEBUGINFOD_URLS=https://debuginfod.ubuntu.com /usr/bin/cmake --build /home/ironie/HornetXII_sims/build/auv_controls -- -j12 -l12
[11.830s] Invoked command in '/home/ironie/HornetXII_sims/build/auv_controls' returned '0': CMAKE_PREFIX_PATH=${CMAKE_PREFIX_PATH}:/home/ironie/assignment3/install/assignment3:/opt/ros/jazzy DEBUGINFOD_URLS=https://debuginfod.ubuntu.com /usr/bin/cmake --build /home/ironie/HornetXII_sims/build/auv_controls -- -j12 -l12
[11.840s] Invoking command in '/home/ironie/HornetXII_sims/build/auv_controls': CMAKE_PREFIX_PATH=${CMAKE_PREFIX_PATH}:/home/ironie/assignment3/install/assignment3:/opt/ros/jazzy DEBUGINFOD_URLS=https://debuginfod.ubuntu.com /usr/bin/cmake --install /home/ironie/HornetXII_sims/build/auv_controls
[11.847s] -- Install configuration: ""
[11.847s] -- Execute custom install script
[11.849s] -- Symlinking: /home/ironie/HornetXII_sims/install/auv_controls/share/auv_controls/config/gz_bridge.yaml
[11.857s] -- Symlinking: /home/ironie/HornetXII_sims/install/auv_controls/share/auv_controls/config/my_controllers.yaml
[11.866s] -- Symlinking: /home/ironie/HornetXII_sims/install/auv_controls/share/auv_controls/description/inertial_macros.urdf.xacro
[11.874s] -- Symlinking: /home/ironie/HornetXII_sims/install/auv_controls/share/auv_controls/description/robot.urdf.xacro
[11.885s] -- Symlinking: /home/ironie/HornetXII_sims/install/auv_controls/share/auv_controls/description/robot_core.urdf.xacro
[11.892s] -- Symlinking: /home/ironie/HornetXII_sims/install/auv_controls/share/auv_controls/description/sim_controls.xacro
[11.902s] -- Symlinking: /home/ironie/HornetXII_sims/install/auv_controls/share/auv_controls/launch/control.launch.py
[11.912s] -- Symlinking: /home/ironie/HornetXII_sims/install/auv_controls/share/ament_index/resource_index/package_run_dependencies/auv_controls
[11.920s] -- Symlinking: /home/ironie/HornetXII_sims/install/auv_controls/share/ament_index/resource_index/parent_prefix_path/auv_controls
[11.929s] -- Symlinking: /home/ironie/HornetXII_sims/install/auv_controls/share/auv_controls/environment/ament_prefix_path.sh
[11.938s] -- Symlinking: /home/ironie/HornetXII_sims/install/auv_controls/share/auv_controls/environment/ament_prefix_path.dsv
[11.947s] -- Symlinking: /home/ironie/HornetXII_sims/install/auv_controls/share/auv_controls/environment/path.sh
[11.955s] -- Symlinking: /home/ironie/HornetXII_sims/install/auv_controls/share/auv_controls/environment/path.dsv
[11.965s] -- Symlinking: /home/ironie/HornetXII_sims/install/auv_controls/share/auv_controls/local_setup.bash
[11.973s] -- Symlinking: /home/ironie/HornetXII_sims/install/auv_controls/share/auv_controls/local_setup.sh
[11.981s] -- Symlinking: /home/ironie/HornetXII_sims/install/auv_controls/share/auv_controls/local_setup.zsh
[11.989s] -- Symlinking: /home/ironie/HornetXII_sims/install/auv_controls/share/auv_controls/local_setup.dsv
[11.997s] -- Symlinking: /home/ironie/HornetXII_sims/install/auv_controls/share/auv_controls/package.dsv
[12.006s] -- Symlinking: /home/ironie/HornetXII_sims/install/auv_controls/share/ament_index/resource_index/packages/auv_controls
[12.014s] -- Symlinking: /home/ironie/HornetXII_sims/install/auv_controls/share/auv_controls/cmake/auv_controlsConfig.cmake
[12.023s] -- Symlinking: /home/ironie/HornetXII_sims/install/auv_controls/share/auv_controls/cmake/auv_controlsConfig-version.cmake
[12.030s] -- Symlinking: /home/ironie/HornetXII_sims/install/auv_controls/share/auv_controls/package.xml
[12.040s] Invoked command in '/home/ironie/HornetXII_sims/build/auv_controls' returned '0': CMAKE_PREFIX_PATH=${CMAKE_PREFIX_PATH}:/home/ironie/assignment3/install/assignment3:/opt/ros/jazzy DEBUGINFOD_URLS=https://debuginfod.ubuntu.com /usr/bin/cmake --install /home/ironie/HornetXII_sims/build/auv_controls
