[0.065s] Invoking command in '/home/ironie/HornetXII_sims/build/dave_multibeam_sonar_demo': CMAKE_PREFIX_PATH=${CMAKE_PREFIX_PATH}:/home/ironie/assignment3/install/assignment3:/opt/ros/jazzy DEBUGINFOD_URLS=https://debuginfod.ubuntu.com /usr/bin/cmake /home/ironie/HornetXII_sims/src/dave/gazebo/dave_gz_multibeam_sonar/multibeam_sonar_demo -DAMENT_CMAKE_SYMLINK_INSTALL=1 -DCMAKE_INSTALL_PREFIX=/home/ironie/HornetXII_sims/install/dave_multibeam_sonar_demo
[0.437s] -- The C compiler identification is GNU 13.3.0
[1.471s] -- The CXX compiler identification is GNU 13.3.0
[2.282s] -- Detecting C compiler ABI info
[2.704s] -- Detecting C compiler ABI info - done
[2.716s] -- Check for working C compiler: /usr/bin/cc - skipped
[2.717s] -- Detecting C compile features
[2.717s] -- Detecting C compile features - done
[2.857s] -- Detecting CXX compiler ABI info
[3.392s] -- Detecting CXX compiler ABI info - done
[3.407s] -- Check for working CXX compiler: /usr/bin/c++ - skipped
[3.408s] -- Detecting CXX compile features
[3.408s] -- Detecting CXX compile features - done
[3.414s] -- Found ament_cmake: 2.5.6 (/opt/ros/jazzy/share/ament_cmake/cmake)
[3.731s] -- Found Python3: /usr/bin/python3 (found version "3.12.3") found components: Interpreter 
[3.879s] -- Override CMake install command with custom implementation using symlinks instead of copying resources
[5.376s] -- CUDA Toolkit not found: Skipping CUDA-specific targets
[5.507s] -- Configuring done (5.4s)
[5.514s] -- Generating done (0.0s)
[5.517s] -- Build files have been written to: /home/ironie/HornetXII_sims/build/dave_multibeam_sonar_demo
[5.525s] Invoked command in '/home/ironie/HornetXII_sims/build/dave_multibeam_sonar_demo' returned '0': CMAKE_PREFIX_PATH=${CMAKE_PREFIX_PATH}:/home/ironie/assignment3/install/assignment3:/opt/ros/jazzy DEBUGINFOD_URLS=https://debuginfod.ubuntu.com /usr/bin/cmake /home/ironie/HornetXII_sims/src/dave/gazebo/dave_gz_multibeam_sonar/multibeam_sonar_demo -DAMENT_CMAKE_SYMLINK_INSTALL=1 -DCMAKE_INSTALL_PREFIX=/home/ironie/HornetXII_sims/install/dave_multibeam_sonar_demo
[5.527s] Invoking command in '/home/ironie/HornetXII_sims/build/dave_multibeam_sonar_demo': CMAKE_PREFIX_PATH=${CMAKE_PREFIX_PATH}:/home/ironie/assignment3/install/assignment3:/opt/ros/jazzy DEBUGINFOD_URLS=https://debuginfod.ubuntu.com /usr/bin/cmake --build /home/ironie/HornetXII_sims/build/dave_multibeam_sonar_demo -- -j12 -l12
[5.568s] Invoked command in '/home/ironie/HornetXII_sims/build/dave_multibeam_sonar_demo' returned '0': CMAKE_PREFIX_PATH=${CMAKE_PREFIX_PATH}:/home/ironie/assignment3/install/assignment3:/opt/ros/jazzy DEBUGINFOD_URLS=https://debuginfod.ubuntu.com /usr/bin/cmake --build /home/ironie/HornetXII_sims/build/dave_multibeam_sonar_demo -- -j12 -l12
[5.570s] Invoking command in '/home/ironie/HornetXII_sims/build/dave_multibeam_sonar_demo': CMAKE_PREFIX_PATH=${CMAKE_PREFIX_PATH}:/home/ironie/assignment3/install/assignment3:/opt/ros/jazzy DEBUGINFOD_URLS=https://debuginfod.ubuntu.com /usr/bin/cmake --install /home/ironie/HornetXII_sims/build/dave_multibeam_sonar_demo
[5.580s] -- Install configuration: ""
[5.581s] -- Execute custom install script
[5.583s] -- Symlinking: /home/ironie/HornetXII_sims/install/dave_multibeam_sonar_demo/share/ament_index/resource_index/package_run_dependencies/dave_multibeam_sonar_demo
[5.595s] -- Symlinking: /home/ironie/HornetXII_sims/install/dave_multibeam_sonar_demo/share/ament_index/resource_index/parent_prefix_path/dave_multibeam_sonar_demo
[5.607s] -- Symlinking: /home/ironie/HornetXII_sims/install/dave_multibeam_sonar_demo/share/dave_multibeam_sonar_demo/environment/ament_prefix_path.sh
[5.619s] -- Symlinking: /home/ironie/HornetXII_sims/install/dave_multibeam_sonar_demo/share/dave_multibeam_sonar_demo/environment/ament_prefix_path.dsv
[5.628s] -- Symlinking: /home/ironie/HornetXII_sims/install/dave_multibeam_sonar_demo/share/dave_multibeam_sonar_demo/environment/path.sh
[5.639s] -- Symlinking: /home/ironie/HornetXII_sims/install/dave_multibeam_sonar_demo/share/dave_multibeam_sonar_demo/environment/path.dsv
[5.650s] -- Symlinking: /home/ironie/HornetXII_sims/install/dave_multibeam_sonar_demo/share/dave_multibeam_sonar_demo/local_setup.bash
[5.659s] -- Symlinking: /home/ironie/HornetXII_sims/install/dave_multibeam_sonar_demo/share/dave_multibeam_sonar_demo/local_setup.sh
[5.668s] -- Symlinking: /home/ironie/HornetXII_sims/install/dave_multibeam_sonar_demo/share/dave_multibeam_sonar_demo/local_setup.zsh
[5.677s] -- Symlinking: /home/ironie/HornetXII_sims/install/dave_multibeam_sonar_demo/share/dave_multibeam_sonar_demo/local_setup.dsv
[5.690s] -- Symlinking: /home/ironie/HornetXII_sims/install/dave_multibeam_sonar_demo/share/dave_multibeam_sonar_demo/package.dsv
[5.702s] -- Symlinking: /home/ironie/HornetXII_sims/install/dave_multibeam_sonar_demo/share/ament_index/resource_index/packages/dave_multibeam_sonar_demo
[5.714s] -- Symlinking: /home/ironie/HornetXII_sims/install/dave_multibeam_sonar_demo/share/dave_multibeam_sonar_demo/cmake/dave_multibeam_sonar_demoConfig.cmake
[5.724s] -- Symlinking: /home/ironie/HornetXII_sims/install/dave_multibeam_sonar_demo/share/dave_multibeam_sonar_demo/cmake/dave_multibeam_sonar_demoConfig-version.cmake
[5.734s] -- Symlinking: /home/ironie/HornetXII_sims/install/dave_multibeam_sonar_demo/share/dave_multibeam_sonar_demo/package.xml
[5.749s] Invoked command in '/home/ironie/HornetXII_sims/build/dave_multibeam_sonar_demo' returned '0': CMAKE_PREFIX_PATH=${CMAKE_PREFIX_PATH}:/home/ironie/assignment3/install/assignment3:/opt/ros/jazzy DEBUGINFOD_URLS=https://debuginfod.ubuntu.com /usr/bin/cmake --install /home/ironie/HornetXII_sims/build/dave_multibeam_sonar_demo
