[0.014s] Invoking command in '/home/ironie/HornetXII_sims/build/auv_controls': CMAKE_PREFIX_PATH=${CMAKE_PREFIX_PATH}:/home/ironie/assignment3/install/assignment3:/opt/ros/jazzy DEBUGINFOD_URLS=https://debuginfod.ubuntu.com /usr/bin/cmake --build /home/ironie/HornetXII_sims/build/auv_controls -- -j12 -l12
[0.059s] Invoked command in '/home/ironie/HornetXII_sims/build/auv_controls' returned '0': CMAKE_PREFIX_PATH=${CMAKE_PREFIX_PATH}:/home/ironie/assignment3/install/assignment3:/opt/ros/jazzy DEBUGINFOD_URLS=https://debuginfod.ubuntu.com /usr/bin/cmake --build /home/ironie/HornetXII_sims/build/auv_controls -- -j12 -l12
[0.068s] Invoking command in '/home/ironie/HornetXII_sims/build/auv_controls': CMAKE_PREFIX_PATH=${CMAKE_PREFIX_PATH}:/home/ironie/assignment3/install/assignment3:/opt/ros/jazzy DEBUGINFOD_URLS=https://debuginfod.ubuntu.com /usr/bin/cmake --install /home/ironie/HornetXII_sims/build/auv_controls
[0.075s] -- Install configuration: ""
[0.075s] -- Execute custom install script
[0.077s] -- Up-to-date symlink: /home/ironie/HornetXII_sims/install/auv_controls/share/auv_controls/config/my_controllers.yaml
[0.078s] -- Up-to-date symlink: /home/ironie/HornetXII_sims/install/auv_controls/share/auv_controls/description/inertial_macros.urdf.xacro
[0.078s] -- Up-to-date symlink: /home/ironie/HornetXII_sims/install/auv_controls/share/auv_controls/description/robot.urdf.xacro
[0.078s] -- Up-to-date symlink: /home/ironie/HornetXII_sims/install/auv_controls/share/auv_controls/description/robot_core.urdf.xacro
[0.079s] -- Up-to-date symlink: /home/ironie/HornetXII_sims/install/auv_controls/share/auv_controls/description/sim_controls.xacro
[0.080s] -- Up-to-date symlink: /home/ironie/HornetXII_sims/install/auv_controls/share/auv_controls/launch/control.launch.py
[0.080s] -- Symlinking: /home/ironie/HornetXII_sims/install/auv_controls/share/auv_controls/launch/rsp.launch.py
[0.088s] -- Up-to-date symlink: /home/ironie/HornetXII_sims/install/auv_controls/share/ament_index/resource_index/package_run_dependencies/auv_controls
[0.089s] -- Up-to-date symlink: /home/ironie/HornetXII_sims/install/auv_controls/share/ament_index/resource_index/parent_prefix_path/auv_controls
[0.089s] -- Up-to-date symlink: /home/ironie/HornetXII_sims/install/auv_controls/share/auv_controls/environment/ament_prefix_path.sh
[0.089s] -- Up-to-date symlink: /home/ironie/HornetXII_sims/install/auv_controls/share/auv_controls/environment/ament_prefix_path.dsv
[0.090s] -- Up-to-date symlink: /home/ironie/HornetXII_sims/install/auv_controls/share/auv_controls/environment/path.sh
[0.090s] -- Up-to-date symlink: /home/ironie/HornetXII_sims/install/auv_controls/share/auv_controls/environment/path.dsv
[0.090s] -- Up-to-date symlink: /home/ironie/HornetXII_sims/install/auv_controls/share/auv_controls/local_setup.bash
[0.091s] -- Up-to-date symlink: /home/ironie/HornetXII_sims/install/auv_controls/share/auv_controls/local_setup.sh
[0.091s] -- Up-to-date symlink: /home/ironie/HornetXII_sims/install/auv_controls/share/auv_controls/local_setup.zsh
[0.092s] -- Up-to-date symlink: /home/ironie/HornetXII_sims/install/auv_controls/share/auv_controls/local_setup.dsv
[0.092s] -- Symlinking: /home/ironie/HornetXII_sims/install/auv_controls/share/auv_controls/package.dsv
[0.101s] -- Up-to-date symlink: /home/ironie/HornetXII_sims/install/auv_controls/share/ament_index/resource_index/packages/auv_controls
[0.102s] -- Up-to-date symlink: /home/ironie/HornetXII_sims/install/auv_controls/share/auv_controls/cmake/auv_controlsConfig.cmake
[0.102s] -- Up-to-date symlink: /home/ironie/HornetXII_sims/install/auv_controls/share/auv_controls/cmake/auv_controlsConfig-version.cmake
[0.103s] -- Up-to-date symlink: /home/ironie/HornetXII_sims/install/auv_controls/share/auv_controls/package.xml
[0.105s] Invoked command in '/home/ironie/HornetXII_sims/build/auv_controls' returned '0': CMAKE_PREFIX_PATH=${CMAKE_PREFIX_PATH}:/home/ironie/assignment3/install/assignment3:/opt/ros/jazzy DEBUGINFOD_URLS=https://debuginfod.ubuntu.com /usr/bin/cmake --install /home/ironie/HornetXII_sims/build/auv_controls
