[0.162s] Invoking command in '/home/ironie/HornetXII_sims/build/dave_gz_world_plugins': AMENT_PREFIX_PATH=/home/ironie/HornetXII_sims/install/dave_interfaces:${AMENT_PREFIX_PATH} CMAKE_PREFIX_PATH=/home/ironie/HornetXII_sims/install/dave_interfaces:/home/ironie/dave_ws/install/multibeam_sonar_system:/home/ironie/dave_ws/install/dave_worlds:/home/ironie/dave_ws/install/dave_sensor_models:/home/ironie/dave_ws/install/dave_robot_models:/home/ironie/dave_ws/install/dave_object_models:/home/ironie/dave_ws/install/dave_multibeam_sonar_demo:/home/ironie/dave_ws/install/dave_interfaces:/home/ironie/dave_ws/install/dave_demos:/home/ironie/dave_ws/install/auv_controls:/home/ironie/testGazebo/install/simulator:/opt/ros/jazzy/opt/gz_sim_vendor:/opt/ros/jazzy/opt/gz_sensors_vendor:/opt/ros/jazzy/opt/gz_physics_vendor:/opt/ros/jazzy/opt/sdformat_vendor:/opt/ros/jazzy/opt/gz_gui_vendor:/opt/ros/jazzy/opt/gz_transport_vendor:/opt/ros/jazzy/opt/gz_rendering_vendor:/opt/ros/jazzy/opt/gz_plugin_vendor:/opt/ros/jazzy/opt/gz_fuel_tools_vendor:/opt/ros/jazzy/opt/gz_msgs_vendor:/opt/ros/jazzy/opt/gz_common_vendor:/opt/ros/jazzy/opt/gz_math_vendor:/opt/ros/jazzy/opt/gz_utils_vendor:/opt/ros/jazzy/opt/gz_tools_vendor:/opt/ros/jazzy/opt/gz_ogre_next_vendor:/opt/ros/jazzy/opt/gz_dartsim_vendor:/opt/ros/jazzy/opt/gz_cmake_vendor:/home/ironie/assignment3/install/assignment3:/opt/ros/jazzy DEBUGINFOD_URLS=https://debuginfod.ubuntu.com LD_LIBRARY_PATH=/home/ironie/HornetXII_sims/install/dave_interfaces/lib:${LD_LIBRARY_PATH} PYTHONPATH=/home/ironie/HornetXII_sims/install/dave_interfaces/lib/python3.12/site-packages:${PYTHONPATH} /usr/bin/cmake /home/ironie/HornetXII_sims/src/dave/gazebo/dave_gz_world_plugins -DAMENT_CMAKE_SYMLINK_INSTALL=1 -DCMAKE_INSTALL_PREFIX=/home/ironie/HornetXII_sims/install/dave_gz_world_plugins
[0.289s] -- The C compiler identification is GNU 13.3.0
[0.896s] -- The CXX compiler identification is GNU 13.3.0
[1.527s] -- Detecting C compiler ABI info
[1.893s] -- Detecting C compiler ABI info - done
[1.902s] -- Check for working C compiler: /usr/bin/cc - skipped
[1.903s] -- Detecting C compile features
[1.903s] -- Detecting C compile features - done
[2.009s] -- Detecting CXX compiler ABI info
[2.465s] -- Detecting CXX compiler ABI info - done
[2.480s] -- Check for working CXX compiler: /usr/bin/c++ - skipped
[2.481s] -- Detecting CXX compile features
[2.481s] -- Detecting CXX compile features - done
[2.486s] -- Found ament_cmake: 2.5.6 (/opt/ros/jazzy/share/ament_cmake/cmake)
[2.718s] -- Found Python3: /usr/bin/python3 (found version "3.12.3") found components: Interpreter 
[2.828s] -- Override CMake install command with custom implementation using symlinks instead of copying resources
[2.903s] -- Found Boost: /usr/lib/x86_64-linux-gnu/cmake/Boost-1.83.0/BoostConfig.cmake (found version "1.83.0")  
[2.917s] -- Looking for gz-plugin -- found version 4.0.0
[2.918s] -- Searching for dependencies of gz-plugin
[2.921s] -- Looking for gz-utils -- found version 4.0.0
[2.921s] -- Searching for dependencies of gz-utils
[2.922s] -- Searching for <gz-utils> component [cli]
[2.925s] -- Looking for gz-utils-cli -- found version 4.0.0
[2.925s] -- Searching for dependencies of gz-utils-cli
[2.930s] -- Searching for <gz-plugin> component [register]
[2.933s] -- Looking for gz-plugin-register -- found version 4.0.0
[2.934s] -- Searching for dependencies of gz-plugin-register
[2.937s] -- Found rclcpp: 28.1.22 (/opt/ros/jazzy/share/rclcpp/cmake)
[3.153s] -- Found rosidl_generator_c: 4.6.9 (/opt/ros/jazzy/share/rosidl_generator_c/cmake)
[3.173s] -- Found rosidl_generator_cpp: 4.6.9 (/opt/ros/jazzy/share/rosidl_generator_cpp/cmake)
[3.194s] -- Using all available rosidl_typesupport_c: rosidl_typesupport_fastrtps_c;rosidl_typesupport_introspection_c
[3.217s] -- Using all available rosidl_typesupport_cpp: rosidl_typesupport_fastrtps_cpp;rosidl_typesupport_introspection_cpp
[3.342s] -- Found rmw_implementation_cmake: 7.3.3 (/opt/ros/jazzy/share/rmw_implementation_cmake/cmake)
[3.350s] -- Found rmw_fastrtps_cpp: 8.4.4 (/opt/ros/jazzy/share/rmw_fastrtps_cpp/cmake)
[3.503s] -- Found OpenSSL: /usr/lib/x86_64-linux-gnu/libcrypto.so (found version "3.0.13")  
[3.713s] -- Found FastRTPS: /opt/ros/jazzy/include (Required is at least version "2.13") 
[3.835s] -- Using RMW implementation 'rmw_fastrtps_cpp' as default
[4.207s] -- Found std_msgs: 5.3.8 (/opt/ros/jazzy/share/std_msgs/cmake)
[4.235s] -- Looking for gz-common -- found version 7.4.0
[4.235s] -- Searching for dependencies of gz-common
[4.236s] -- Looking for gz-utils -- found version 4.0.0
[4.236s] -- Searching for dependencies of gz-utils
[4.236s] -- Searching for <gz-utils> component [log]
[4.242s] -- Looking for gz-utils-log -- found version 4.0.0
[4.242s] -- Searching for dependencies of gz-utils-log
[4.249s] -- Performing Test CMAKE_HAVE_LIBC_PTHREAD
[4.559s] -- Performing Test CMAKE_HAVE_LIBC_PTHREAD - Success
[4.560s] -- Found Threads: TRUE  
[4.577s] -- Checking for module 'uuid'
[4.606s] --   Found uuid, version 2.39.3
[4.665s] -- Found UUID: TRUE  
[4.666s] -- Searching for <gz-common> component [profiler]
[4.670s] -- Looking for gz-common-profiler -- found version 7.4.0
[4.671s] -- Searching for dependencies of gz-common-profiler
[4.678s] -- Looking for gz-sim -- found version 10.5.0
[4.678s] -- Searching for dependencies of gz-sim
[4.683s] -- Looking for sdformat -- found version 16.1.0
[4.683s] -- Searching for dependencies of sdformat
[4.689s] -- Checking for module 'tinyxml2'
[4.709s] --   Found tinyxml2, version 10.0.0
[4.768s] -- Looking for gz-math -- found version 9.3.0
[4.768s] -- Searching for dependencies of gz-math
[4.769s] -- Looking for gz-utils -- found version 4.0.0
[4.770s] -- Looking for gz-utils -- found version 4.0.0
[4.772s] -- Looking for gz-plugin -- found version 4.0.0
[4.772s] -- Searching for dependencies of gz-plugin
[4.772s] -- Looking for gz-utils -- found version 4.0.0
[4.772s] -- Searching for <gz-plugin> component [loader]
[4.777s] -- Looking for gz-plugin-loader -- found version 4.0.0
[4.777s] -- Searching for dependencies of gz-plugin-loader
[4.777s] -- Searching for <gz-plugin> component [register]
[4.782s] -- Looking for gz-transport -- found version 15.1.0
[4.783s] -- Searching for dependencies of gz-transport
[6.117s] -- Found Protobuf: /usr/lib/x86_64-linux-gnu/libprotobuf.so (found version "3.21.12") 
[6.886s] -- Config-file not installed for ZeroMQ -- checking for pkg-config
[6.890s] -- Checking for module 'libzmq >= 4'
[6.902s] --   Found libzmq, version 4.3.5
[6.935s] -- Found ZeroMQ: TRUE (Required is at least version "4") 
[6.981s] -- Looking for gz-utils -- found version 4.0.0
[6.985s] -- Looking for gz-msgs -- found version 12.0.2
[6.985s] -- Searching for dependencies of gz-msgs
[7.521s] -- Looking for gz-utils -- found version 4.0.0
[7.521s] -- Looking for gz-math -- found version 9.3.0
[7.531s] -- Searching for <gz-transport> component [log]
[7.535s] -- Looking for gz-transport-log -- found version 15.1.0
[7.536s] -- Searching for dependencies of gz-transport-log
[7.536s] -- Searching for <gz-transport> component [parameters]
[7.541s] -- Looking for gz-transport-parameters -- found version 15.1.0
[7.541s] -- Searching for dependencies of gz-transport-parameters
[7.542s] -- Looking for gz-msgs -- found version 12.0.2
[7.543s] -- Looking for gz-common -- found version 7.4.0
[7.543s] -- Searching for dependencies of gz-common
[7.543s] -- Looking for gz-utils -- found version 4.0.0
[7.549s] -- Searching for <gz-common> component [av]
[7.554s] -- Looking for gz-common-av -- found version 7.4.0
[7.554s] -- Searching for dependencies of gz-common-av
[7.558s] -- Checking for module 'libswscale'
[7.575s] --   Found libswscale, version 7.5.100
[7.607s] -- Found SWSCALE: TRUE  
[7.612s] -- Checking for module 'libavdevice >= 56.4.100'
[7.624s] --   Found libavdevice, version 60.3.100
[7.664s] -- Found AVDEVICE: TRUE (Required is at least version "56.4.100") 
[7.671s] -- Checking for module 'libavformat'
[7.685s] --   Found libavformat, version 60.16.100
[7.720s] -- Found AVFORMAT: TRUE  
[7.725s] -- Checking for module 'libavcodec'
[7.739s] --   Found libavcodec, version 60.31.102
[7.769s] -- Found AVCODEC: TRUE  
[7.774s] -- Checking for module 'libavutil'
[7.787s] --   Found libavutil, version 58.29.100
[7.821s] -- Found AVUTIL: TRUE  
[7.821s] -- Searching for <gz-common> component [events]
[7.825s] -- Looking for gz-common-events -- found version 7.4.0
[7.825s] -- Searching for dependencies of gz-common-events
[7.825s] -- Looking for gz-math -- found version 9.3.0
[7.826s] -- Searching for <gz-common> component [graphics]
[7.830s] -- Looking for gz-common-graphics -- found version 7.4.0
[7.830s] -- Searching for dependencies of gz-common-graphics
[7.830s] -- Looking for gz-math -- found version 9.3.0
[7.835s] -- Found GzAssimp: TRUE (found version "5.3.0") 
[7.836s] -- Searching for <gz-common> component [io]
[7.841s] -- Looking for gz-common-io -- found version 7.4.0
[7.841s] -- Searching for dependencies of gz-common-io
[7.842s] -- Searching for <gz-common> component [profiler]
[7.842s] -- Searching for <gz-common> component [testing]
[7.846s] -- Looking for gz-common-testing -- found version 7.4.0
[7.846s] -- Searching for dependencies of gz-common-testing
[7.852s] -- Looking for gz-fuel_tools -- found version 11.0.0
[7.852s] -- Searching for dependencies of gz-fuel_tools
[8.522s] -- Found CURL: /usr/lib/x86_64-linux-gnu/libcurl.so (found version "8.5.0")  
[8.531s] -- Checking for module 'jsoncpp'
[8.544s] --   Found jsoncpp, version 1.9.5
[8.570s] -- Found JSONCPP: TRUE  
[9.092s] -- Checking for module 'yaml-0.1'
[9.105s] --   Found yaml-0.1, version 0.2.5
[9.136s] -- Found YAML: TRUE  
[9.141s] -- Checking for module 'libzip'
[9.155s] --   Found libzip, version 1.7.3
[9.185s] -- Found ZIP: TRUE  
[9.185s] -- Looking for gz-utils -- found version 4.0.0
[9.185s] -- Looking for gz-common -- found version 7.4.0
[9.186s] -- Looking for gz-math -- found version 9.3.0
[9.186s] -- Looking for gz-msgs -- found version 12.0.2
[9.194s] -- Looking for gz-gui -- found version 10.1.0
[9.195s] -- Searching for dependencies of gz-gui
[9.722s] -- Looking for gz-utils -- found version 4.0.0
[9.723s] -- Looking for gz-math -- found version 9.3.0
[9.723s] -- Looking for gz-common -- found version 7.4.0
[9.723s] -- Looking for gz-plugin -- found version 4.0.0
[9.724s] -- Looking for gz-transport -- found version 15.1.0
[9.731s] -- Looking for gz-rendering -- found version 10.0.2
[9.732s] -- Searching for dependencies of gz-rendering
[9.732s] -- Looking for gz-math -- found version 9.3.0
[9.732s] -- Searching for dependencies of gz-math
[9.733s] -- Looking for gz-utils -- found version 4.0.0
[9.733s] -- Searching for <gz-math> component [eigen3]
[9.736s] -- Looking for gz-math-eigen3 -- found version 9.3.0
[9.737s] -- Searching for dependencies of gz-math-eigen3
[9.745s] -- Looking for gz-common -- found version 7.4.0
[9.745s] -- Searching for dependencies of gz-common
[9.745s] -- Looking for gz-utils -- found version 4.0.0
[9.751s] -- Searching for <gz-common> component [graphics]
[9.751s] -- Searching for <gz-common> component [events]
[9.751s] -- Searching for <gz-common> component [geospatial]
[9.755s] -- Looking for gz-common-geospatial -- found version 7.4.0
[9.756s] -- Searching for dependencies of gz-common-geospatial
[9.757s] -- Looking for gz-math -- found version 9.3.0
[9.757s] -- Looking for gz-common -- found version 7.4.0
[9.758s] -- Looking for gz-plugin -- found version 4.0.0
[9.758s] -- Searching for dependencies of gz-plugin
[9.758s] -- Looking for gz-utils -- found version 4.0.0
[9.759s] -- Searching for <gz-plugin> component [all]
[9.763s] -- Looking for all libraries of gz-plugin -- found version 4.0.0
[9.763s] -- Looking for gz-plugin -- found version 4.0.0
[9.764s] -- Looking for gz-utils -- found version 4.0.0
[10.174s] -- Found OpenGL: /usr/lib/x86_64-linux-gnu/libOpenGL.so  found components: OpenGL 
[10.176s] -- Looking for gz-msgs -- found version 12.0.2
[10.210s] -- Performing Test HAVE_STDATOMIC
[10.388s] -- Performing Test HAVE_STDATOMIC - Success
[10.389s] -- Found WrapAtomic: TRUE  
[10.444s] -- Found OpenGL: /usr/lib/x86_64-linux-gnu/libOpenGL.so   
[10.445s] -- Found WrapOpenGL: TRUE  
[10.499s] -- Found XKB: /usr/lib/x86_64-linux-gnu/libxkbcommon.so (found suitable version "1.6.0", minimum required is "0.5.0") 
[10.656s] -- Found WrapVulkanHeaders: /usr/include  
[11.494s] -- Looking for gz-physics -- found version 9.5.1
[11.495s] -- Searching for dependencies of gz-physics
[11.495s] -- Looking for gz-common -- found version 7.4.0
[11.495s] -- Looking for gz-math -- found version 9.3.0
[11.495s] -- Looking for gz-plugin -- found version 4.0.0
[11.496s] -- Looking for gz-utils -- found version 4.0.0
[11.497s] -- Searching for <gz-physics> component [heightmap]
[11.501s] -- Looking for gz-physics-heightmap -- found version 9.5.1
[11.502s] -- Searching for dependencies of gz-physics-heightmap
[11.502s] -- Looking for gz-common -- found version 7.4.0
[11.503s] -- Searching for <gz-physics> component [mesh]
[11.508s] -- Looking for gz-physics-mesh -- found version 9.5.1
[11.508s] -- Searching for dependencies of gz-physics-mesh
[11.508s] -- Looking for gz-common -- found version 7.4.0
[11.509s] -- Searching for <gz-physics> component [sdf]
[11.513s] -- Looking for gz-physics-sdf -- found version 9.5.1
[11.514s] -- Searching for dependencies of gz-physics-sdf
[11.514s] -- Looking for sdformat -- found version 16.1.0
[11.529s] -- Looking for gz-sensors -- found version 10.1.1
[11.530s] -- Searching for dependencies of gz-sensors
[12.349s] -- Looking for gz-math -- found version 9.3.0
[12.349s] -- Looking for gz-common -- found version 7.4.0
[12.350s] -- Looking for gz-transport -- found version 15.1.0
[12.350s] -- Looking for gz-rendering -- found version 10.0.2
[12.351s] -- Looking for gz-msgs -- found version 12.0.2
[12.352s] -- Looking for sdformat -- found version 16.1.0
[12.352s] -- Searching for <gz-sensors> component [air_pressure]
[12.357s] -- Looking for gz-sensors-air_pressure -- found version 10.1.1
[12.358s] -- Searching for dependencies of gz-sensors-air_pressure
[12.359s] -- Searching for <gz-sensors> component [air_speed]
[12.363s] -- Looking for gz-sensors-air_speed -- found version 10.1.1
[12.363s] -- Searching for dependencies of gz-sensors-air_speed
[12.364s] -- Searching for <gz-sensors> component [altimeter]
[12.369s] -- Looking for gz-sensors-altimeter -- found version 10.1.1
[12.369s] -- Searching for dependencies of gz-sensors-altimeter
[12.370s] -- Searching for <gz-sensors> component [imu]
[12.375s] -- Looking for gz-sensors-imu -- found version 10.1.1
[12.375s] -- Searching for dependencies of gz-sensors-imu
[12.377s] -- Searching for <gz-sensors> component [force_torque]
[12.381s] -- Looking for gz-sensors-force_torque -- found version 10.1.1
[12.382s] -- Searching for dependencies of gz-sensors-force_torque
[12.383s] -- Searching for <gz-sensors> component [logical_camera]
[12.388s] -- Looking for gz-sensors-logical_camera -- found version 10.1.1
[12.388s] -- Searching for dependencies of gz-sensors-logical_camera
[12.389s] -- Searching for <gz-sensors> component [magnetometer]
[12.393s] -- Looking for gz-sensors-magnetometer -- found version 10.1.1
[12.394s] -- Searching for dependencies of gz-sensors-magnetometer
[12.395s] -- Searching for <gz-sensors> component [navsat]
[12.401s] -- Looking for gz-sensors-navsat -- found version 10.1.1
[12.402s] -- Searching for dependencies of gz-sensors-navsat
[12.403s] -- Searching for <gz-sensors> component [dvl]
[12.407s] -- Looking for gz-sensors-dvl -- found version 10.1.1
[12.408s] -- Searching for dependencies of gz-sensors-dvl
[12.408s] -- Looking for gz-sensors -- found version 10.1.1
[12.408s] -- Searching for dependencies of gz-sensors
[13.077s] -- Looking for gz-math -- found version 9.3.0
[13.077s] -- Looking for gz-common -- found version 7.4.0
[13.078s] -- Looking for gz-transport -- found version 15.1.0
[13.078s] -- Looking for gz-rendering -- found version 10.0.2
[13.079s] -- Looking for gz-msgs -- found version 12.0.2
[13.079s] -- Looking for sdformat -- found version 16.1.0
[13.079s] -- Searching for <gz-sensors> component [rendering]
[13.084s] -- Looking for gz-sensors-rendering -- found version 10.1.1
[13.084s] -- Searching for dependencies of gz-sensors-rendering
[13.087s] -- Searching for <gz-sensors> component [rendering]
[13.087s] -- Searching for <gz-sensors> component [lidar]
[13.091s] -- Looking for gz-sensors-lidar -- found version 10.1.1
[13.091s] -- Searching for dependencies of gz-sensors-lidar
[13.092s] -- Looking for gz-sensors -- found version 10.1.1
[13.093s] -- Searching for <gz-sensors> component [gpu_lidar]
[13.097s] -- Looking for gz-sensors-gpu_lidar -- found version 10.1.1
[13.098s] -- Searching for dependencies of gz-sensors-gpu_lidar
[13.098s] -- Looking for gz-sensors -- found version 10.1.1
[13.099s] -- Searching for <gz-sensors> component [camera]
[13.104s] -- Looking for gz-sensors-camera -- found version 10.1.1
[13.105s] -- Searching for dependencies of gz-sensors-camera
[13.105s] -- Looking for gz-sensors -- found version 10.1.1
[13.106s] -- Searching for <gz-sensors> component [boundingbox_camera]
[13.110s] -- Looking for gz-sensors-boundingbox_camera -- found version 10.1.1
[13.111s] -- Searching for dependencies of gz-sensors-boundingbox_camera
[13.112s] -- Searching for <gz-sensors> component [segmentation_camera]
[13.116s] -- Looking for gz-sensors-segmentation_camera -- found version 10.1.1
[13.117s] -- Searching for dependencies of gz-sensors-segmentation_camera
[13.118s] -- Searching for <gz-sensors> component [depth_camera]
[13.122s] -- Looking for gz-sensors-depth_camera -- found version 10.1.1
[13.123s] -- Searching for dependencies of gz-sensors-depth_camera
[13.123s] -- Looking for gz-sensors -- found version 10.1.1
[13.124s] -- Searching for <gz-sensors> component [rgbd_camera]
[13.130s] -- Looking for gz-sensors-rgbd_camera -- found version 10.1.1
[13.130s] -- Searching for dependencies of gz-sensors-rgbd_camera
[13.130s] -- Looking for gz-sensors -- found version 10.1.1
[13.132s] -- Searching for <gz-sensors> component [thermal_camera]
[13.136s] -- Looking for gz-sensors-thermal_camera -- found version 10.1.1
[13.136s] -- Searching for dependencies of gz-sensors-thermal_camera
[13.137s] -- Looking for gz-sensors -- found version 10.1.1
[13.139s] -- Searching for <gz-sensors> component [wide_angle_camera]
[13.143s] -- Looking for gz-sensors-wide_angle_camera -- found version 10.1.1
[13.144s] -- Searching for dependencies of gz-sensors-wide_angle_camera
[13.146s] -- Looking for gz-rendering -- found version 10.0.2
[13.146s] -- Looking for gz-math -- found version 9.3.0
[13.147s] -- Looking for gz-utils -- found version 4.0.0
[13.780s] -- Found geometry_msgs: 5.3.8 (/opt/ros/jazzy/share/geometry_msgs/cmake)
[13.795s] -- Found dave_interfaces: 0.0.0 (/home/ironie/HornetXII_sims/install/dave_interfaces/share/dave_interfaces/cmake)
[13.826s] -- Found sensor_msgs: 5.3.8 (/opt/ros/jazzy/share/sensor_msgs/cmake)
[13.858s] -- Looking for gz-msgs -- found version 12.0.2
[13.859s] -- Compiling against Gazebo Jetty
[14.021s] -- Found ament_lint_auto: 0.17.5 (/opt/ros/jazzy/share/ament_lint_auto/cmake)
[14.174s] -- Added test 'copyright' to check source files copyright and LICENSE
[14.178s] -- Added test 'cppcheck' to perform static code analysis on C / C++ code
[14.179s] -- Configured cppcheck include dirs: $<BUILD_INTERFACE:/home/ironie/HornetXII_sims/src/dave/gazebo/dave_gz_world_plugins/include>;/home/ironie/HornetXII_sims/src/dave/gazebo/dave_gz_world_plugins/src;/home/ironie/HornetXII_sims/src/dave/gazebo/dave_gz_world_plugins/include
[14.179s] -- Configured cppcheck exclude dirs and/or files: 
[14.181s] -- Added test 'cpplint' to check C / C++ code against the Google style
[14.181s] -- Configured cpplint exclude dirs and/or files: 
[14.184s] -- Added test 'lint_cmake' to check CMake code style
[14.187s] -- Added test 'uncrustify' to check C / C++ code style
[14.187s] -- Configured uncrustify additional arguments: 
[14.189s] -- Added test 'xmllint' to check XML markup files
[14.193s] -- Configuring done (14.0s)
[14.250s] -- Generating done (0.0s)
[14.269s] -- Build files have been written to: /home/ironie/HornetXII_sims/build/dave_gz_world_plugins
[14.313s] Invoked command in '/home/ironie/HornetXII_sims/build/dave_gz_world_plugins' returned '0': AMENT_PREFIX_PATH=/home/ironie/HornetXII_sims/install/dave_interfaces:${AMENT_PREFIX_PATH} CMAKE_PREFIX_PATH=/home/ironie/HornetXII_sims/install/dave_interfaces:/home/ironie/dave_ws/install/multibeam_sonar_system:/home/ironie/dave_ws/install/dave_worlds:/home/ironie/dave_ws/install/dave_sensor_models:/home/ironie/dave_ws/install/dave_robot_models:/home/ironie/dave_ws/install/dave_object_models:/home/ironie/dave_ws/install/dave_multibeam_sonar_demo:/home/ironie/dave_ws/install/dave_interfaces:/home/ironie/dave_ws/install/dave_demos:/home/ironie/dave_ws/install/auv_controls:/home/ironie/testGazebo/install/simulator:/opt/ros/jazzy/opt/gz_sim_vendor:/opt/ros/jazzy/opt/gz_sensors_vendor:/opt/ros/jazzy/opt/gz_physics_vendor:/opt/ros/jazzy/opt/sdformat_vendor:/opt/ros/jazzy/opt/gz_gui_vendor:/opt/ros/jazzy/opt/gz_transport_vendor:/opt/ros/jazzy/opt/gz_rendering_vendor:/opt/ros/jazzy/opt/gz_plugin_vendor:/opt/ros/jazzy/opt/gz_fuel_tools_vendor:/opt/ros/jazzy/opt/gz_msgs_vendor:/opt/ros/jazzy/opt/gz_common_vendor:/opt/ros/jazzy/opt/gz_math_vendor:/opt/ros/jazzy/opt/gz_utils_vendor:/opt/ros/jazzy/opt/gz_tools_vendor:/opt/ros/jazzy/opt/gz_ogre_next_vendor:/opt/ros/jazzy/opt/gz_dartsim_vendor:/opt/ros/jazzy/opt/gz_cmake_vendor:/home/ironie/assignment3/install/assignment3:/opt/ros/jazzy DEBUGINFOD_URLS=https://debuginfod.ubuntu.com LD_LIBRARY_PATH=/home/ironie/HornetXII_sims/install/dave_interfaces/lib:${LD_LIBRARY_PATH} PYTHONPATH=/home/ironie/HornetXII_sims/install/dave_interfaces/lib/python3.12/site-packages:${PYTHONPATH} /usr/bin/cmake /home/ironie/HornetXII_sims/src/dave/gazebo/dave_gz_world_plugins -DAMENT_CMAKE_SYMLINK_INSTALL=1 -DCMAKE_INSTALL_PREFIX=/home/ironie/HornetXII_sims/install/dave_gz_world_plugins
[14.316s] Invoking command in '/home/ironie/HornetXII_sims/build/dave_gz_world_plugins': AMENT_PREFIX_PATH=/home/ironie/HornetXII_sims/install/dave_interfaces:${AMENT_PREFIX_PATH} CMAKE_PREFIX_PATH=/home/ironie/HornetXII_sims/install/dave_interfaces:/home/ironie/dave_ws/install/multibeam_sonar_system:/home/ironie/dave_ws/install/dave_worlds:/home/ironie/dave_ws/install/dave_sensor_models:/home/ironie/dave_ws/install/dave_robot_models:/home/ironie/dave_ws/install/dave_object_models:/home/ironie/dave_ws/install/dave_multibeam_sonar_demo:/home/ironie/dave_ws/install/dave_interfaces:/home/ironie/dave_ws/install/dave_demos:/home/ironie/dave_ws/install/auv_controls:/home/ironie/testGazebo/install/simulator:/opt/ros/jazzy/opt/gz_sim_vendor:/opt/ros/jazzy/opt/gz_sensors_vendor:/opt/ros/jazzy/opt/gz_physics_vendor:/opt/ros/jazzy/opt/sdformat_vendor:/opt/ros/jazzy/opt/gz_gui_vendor:/opt/ros/jazzy/opt/gz_transport_vendor:/opt/ros/jazzy/opt/gz_rendering_vendor:/opt/ros/jazzy/opt/gz_plugin_vendor:/opt/ros/jazzy/opt/gz_fuel_tools_vendor:/opt/ros/jazzy/opt/gz_msgs_vendor:/opt/ros/jazzy/opt/gz_common_vendor:/opt/ros/jazzy/opt/gz_math_vendor:/opt/ros/jazzy/opt/gz_utils_vendor:/opt/ros/jazzy/opt/gz_tools_vendor:/opt/ros/jazzy/opt/gz_ogre_next_vendor:/opt/ros/jazzy/opt/gz_dartsim_vendor:/opt/ros/jazzy/opt/gz_cmake_vendor:/home/ironie/assignment3/install/assignment3:/opt/ros/jazzy DEBUGINFOD_URLS=https://debuginfod.ubuntu.com LD_LIBRARY_PATH=/home/ironie/HornetXII_sims/install/dave_interfaces/lib:${LD_LIBRARY_PATH} PYTHONPATH=/home/ironie/HornetXII_sims/install/dave_interfaces/lib/python3.12/site-packages:${PYTHONPATH} /usr/bin/cmake --build /home/ironie/HornetXII_sims/build/dave_gz_world_plugins -- -j12 -l12
[14.375s] [ 16%] [34m[1mRunning protoc on /home/ironie/HornetXII_sims/src/dave/gazebo/dave_gz_world_plugins/proto/dave_gz_world_plugins_msgs/msgs/StratifiedCurrentVelocity.proto[0m
[14.375s] [ 16%] [34m[1mGenerating descriptor set[0m
[14.388s] [ 25%] [32mBuilding CXX object CMakeFiles/gauss_markov_process.dir/src/gauss_markov_process.cc.o[0m
[14.390s] [ 33%] [32mBuilding CXX object CMakeFiles/tidal_oscillation.dir/src/tidal_oscillation.cc.o[0m
[14.483s] [ 41%] [34m[1mRunning factory generator[0m
[14.574s] [ 50%] [32mBuilding CXX object CMakeFiles/dave_gz_world_plugins-msgs.dir/dave_gz_world_plugins-msgs_genmsg/dave_gz_world_plugins_msgs/msgs/register.cc.o[0m
[14.575s] [ 58%] [32mBuilding CXX object CMakeFiles/dave_gz_world_plugins-msgs.dir/dave_gz_world_plugins-msgs_genmsg/dave_gz_world_plugins_msgs/msgs/StratifiedCurrentVelocity.pb.cc.o[0m
[16.402s] [ 66%] [32m[1mLinking CXX shared library libdave_gz_world_plugins-msgs.so[0m
[16.827s] [ 66%] Built target dave_gz_world_plugins-msgs
[17.969s] [ 75%] [32m[1mLinking CXX shared library libtidal_oscillation.so[0m
[18.716s] [ 75%] Built target tidal_oscillation
[22.788s] [ 83%] [32m[1mLinking CXX shared library libgauss_markov_process.so[0m
[23.140s] [ 83%] Built target gauss_markov_process
[23.165s] [ 91%] [32mBuilding CXX object CMakeFiles/OceanCurrentWorldPlugin.dir/src/OceanCurrentWorldPlugin.cc.o[0m
[39.435s] [100%] [32m[1mLinking CXX shared library libOceanCurrentWorldPlugin.so[0m
[39.847s] [100%] Built target OceanCurrentWorldPlugin
[39.858s] Invoked command in '/home/ironie/HornetXII_sims/build/dave_gz_world_plugins' returned '0': AMENT_PREFIX_PATH=/home/ironie/HornetXII_sims/install/dave_interfaces:${AMENT_PREFIX_PATH} CMAKE_PREFIX_PATH=/home/ironie/HornetXII_sims/install/dave_interfaces:/home/ironie/dave_ws/install/multibeam_sonar_system:/home/ironie/dave_ws/install/dave_worlds:/home/ironie/dave_ws/install/dave_sensor_models:/home/ironie/dave_ws/install/dave_robot_models:/home/ironie/dave_ws/install/dave_object_models:/home/ironie/dave_ws/install/dave_multibeam_sonar_demo:/home/ironie/dave_ws/install/dave_interfaces:/home/ironie/dave_ws/install/dave_demos:/home/ironie/dave_ws/install/auv_controls:/home/ironie/testGazebo/install/simulator:/opt/ros/jazzy/opt/gz_sim_vendor:/opt/ros/jazzy/opt/gz_sensors_vendor:/opt/ros/jazzy/opt/gz_physics_vendor:/opt/ros/jazzy/opt/sdformat_vendor:/opt/ros/jazzy/opt/gz_gui_vendor:/opt/ros/jazzy/opt/gz_transport_vendor:/opt/ros/jazzy/opt/gz_rendering_vendor:/opt/ros/jazzy/opt/gz_plugin_vendor:/opt/ros/jazzy/opt/gz_fuel_tools_vendor:/opt/ros/jazzy/opt/gz_msgs_vendor:/opt/ros/jazzy/opt/gz_common_vendor:/opt/ros/jazzy/opt/gz_math_vendor:/opt/ros/jazzy/opt/gz_utils_vendor:/opt/ros/jazzy/opt/gz_tools_vendor:/opt/ros/jazzy/opt/gz_ogre_next_vendor:/opt/ros/jazzy/opt/gz_dartsim_vendor:/opt/ros/jazzy/opt/gz_cmake_vendor:/home/ironie/assignment3/install/assignment3:/opt/ros/jazzy DEBUGINFOD_URLS=https://debuginfod.ubuntu.com LD_LIBRARY_PATH=/home/ironie/HornetXII_sims/install/dave_interfaces/lib:${LD_LIBRARY_PATH} PYTHONPATH=/home/ironie/HornetXII_sims/install/dave_interfaces/lib/python3.12/site-packages:${PYTHONPATH} /usr/bin/cmake --build /home/ironie/HornetXII_sims/build/dave_gz_world_plugins -- -j12 -l12
[39.860s] Invoking command in '/home/ironie/HornetXII_sims/build/dave_gz_world_plugins': AMENT_PREFIX_PATH=/home/ironie/HornetXII_sims/install/dave_interfaces:${AMENT_PREFIX_PATH} CMAKE_PREFIX_PATH=/home/ironie/HornetXII_sims/install/dave_interfaces:/home/ironie/dave_ws/install/multibeam_sonar_system:/home/ironie/dave_ws/install/dave_worlds:/home/ironie/dave_ws/install/dave_sensor_models:/home/ironie/dave_ws/install/dave_robot_models:/home/ironie/dave_ws/install/dave_object_models:/home/ironie/dave_ws/install/dave_multibeam_sonar_demo:/home/ironie/dave_ws/install/dave_interfaces:/home/ironie/dave_ws/install/dave_demos:/home/ironie/dave_ws/install/auv_controls:/home/ironie/testGazebo/install/simulator:/opt/ros/jazzy/opt/gz_sim_vendor:/opt/ros/jazzy/opt/gz_sensors_vendor:/opt/ros/jazzy/opt/gz_physics_vendor:/opt/ros/jazzy/opt/sdformat_vendor:/opt/ros/jazzy/opt/gz_gui_vendor:/opt/ros/jazzy/opt/gz_transport_vendor:/opt/ros/jazzy/opt/gz_rendering_vendor:/opt/ros/jazzy/opt/gz_plugin_vendor:/opt/ros/jazzy/opt/gz_fuel_tools_vendor:/opt/ros/jazzy/opt/gz_msgs_vendor:/opt/ros/jazzy/opt/gz_common_vendor:/opt/ros/jazzy/opt/gz_math_vendor:/opt/ros/jazzy/opt/gz_utils_vendor:/opt/ros/jazzy/opt/gz_tools_vendor:/opt/ros/jazzy/opt/gz_ogre_next_vendor:/opt/ros/jazzy/opt/gz_dartsim_vendor:/opt/ros/jazzy/opt/gz_cmake_vendor:/home/ironie/assignment3/install/assignment3:/opt/ros/jazzy DEBUGINFOD_URLS=https://debuginfod.ubuntu.com LD_LIBRARY_PATH=/home/ironie/HornetXII_sims/install/dave_interfaces/lib:${LD_LIBRARY_PATH} PYTHONPATH=/home/ironie/HornetXII_sims/install/dave_interfaces/lib/python3.12/site-packages:${PYTHONPATH} /usr/bin/cmake --install /home/ironie/HornetXII_sims/build/dave_gz_world_plugins
[39.866s] -- Install configuration: ""
[39.867s] -- Execute custom install script
[39.868s] -- Symlinking: /home/ironie/HornetXII_sims/install/dave_gz_world_plugins/include/dave_gz_world_plugins_msgs/msgs/StratifiedCurrentVelocity.pb.h
[39.878s] -- Symlinking: /home/ironie/HornetXII_sims/install/dave_gz_world_plugins/include/dave_gz_world_plugins_msgs/msgs/MessageTypes.hh
[39.888s] -- Symlinking: /home/ironie/HornetXII_sims/install/dave_gz_world_plugins/include/dave_gz_world_plugins_msgs/msgs/details/StratifiedCurrentVelocity.pb.h
[39.900s] -- Symlinking: /home/ironie/HornetXII_sims/install/dave_gz_world_plugins/share/gz/protos//dave_gz_world_plugins-msgs.gz_desc
[39.910s] -- Symlinking: /home/ironie/HornetXII_sims/install/dave_gz_world_plugins/lib/python/gz/msgs/StratifiedCurrentVelocity_pb2.py
[39.921s] -- Symlinking: /home/ironie/HornetXII_sims/install/dave_gz_world_plugins/include/dave_gz_world_plugins/dave_gz_world_plugins/OceanCurrentWorldPlugin.hh
[39.934s] -- Symlinking: /home/ironie/HornetXII_sims/install/dave_gz_world_plugins/include/dave_gz_world_plugins/dave_gz_world_plugins/gauss_markov_process.hh
[39.946s] -- Symlinking: /home/ironie/HornetXII_sims/install/dave_gz_world_plugins/include/dave_gz_world_plugins/dave_gz_world_plugins/tidal_oscillation.hh
[39.961s] -- Symlinking: /home/ironie/HornetXII_sims/install/dave_gz_world_plugins/share/dave_gz_world_plugins/environment/library_path.sh
[39.974s] -- Symlinking: /home/ironie/HornetXII_sims/install/dave_gz_world_plugins/share/dave_gz_world_plugins/environment/library_path.dsv
[39.984s] -- Symlinking: /home/ironie/HornetXII_sims/install/dave_gz_world_plugins/share/dave_gz_world_plugins/environment/dave_gz_world_plugins.dsv
[39.995s] -- Symlinking: /home/ironie/HornetXII_sims/install/dave_gz_world_plugins/share/ament_index/resource_index/package_run_dependencies/dave_gz_world_plugins
[40.007s] -- Symlinking: /home/ironie/HornetXII_sims/install/dave_gz_world_plugins/share/ament_index/resource_index/parent_prefix_path/dave_gz_world_plugins
[40.018s] -- Symlinking: /home/ironie/HornetXII_sims/install/dave_gz_world_plugins/share/dave_gz_world_plugins/environment/ament_prefix_path.sh
[40.031s] -- Symlinking: /home/ironie/HornetXII_sims/install/dave_gz_world_plugins/share/dave_gz_world_plugins/environment/ament_prefix_path.dsv
[40.045s] -- Symlinking: /home/ironie/HornetXII_sims/install/dave_gz_world_plugins/share/dave_gz_world_plugins/environment/path.sh
[40.059s] -- Symlinking: /home/ironie/HornetXII_sims/install/dave_gz_world_plugins/share/dave_gz_world_plugins/environment/path.dsv
[40.069s] -- Symlinking: /home/ironie/HornetXII_sims/install/dave_gz_world_plugins/share/dave_gz_world_plugins/local_setup.bash
[40.079s] -- Symlinking: /home/ironie/HornetXII_sims/install/dave_gz_world_plugins/share/dave_gz_world_plugins/local_setup.sh
[40.090s] -- Symlinking: /home/ironie/HornetXII_sims/install/dave_gz_world_plugins/share/dave_gz_world_plugins/local_setup.zsh
[40.104s] -- Symlinking: /home/ironie/HornetXII_sims/install/dave_gz_world_plugins/share/dave_gz_world_plugins/local_setup.dsv
[40.115s] -- Symlinking: /home/ironie/HornetXII_sims/install/dave_gz_world_plugins/share/dave_gz_world_plugins/package.dsv
[40.125s] -- Symlinking: /home/ironie/HornetXII_sims/install/dave_gz_world_plugins/share/ament_index/resource_index/packages/dave_gz_world_plugins
[40.138s] -- Symlinking: /home/ironie/HornetXII_sims/install/dave_gz_world_plugins/share/dave_gz_world_plugins/cmake/ament_cmake_export_include_directories-extras.cmake
[40.149s] -- Symlinking: /home/ironie/HornetXII_sims/install/dave_gz_world_plugins/share/dave_gz_world_plugins/cmake/ament_cmake_export_targets-extras.cmake
[40.162s] -- Symlinking: /home/ironie/HornetXII_sims/install/dave_gz_world_plugins/share/dave_gz_world_plugins/cmake/ament_cmake_export_dependencies-extras.cmake
[40.174s] -- Symlinking: /home/ironie/HornetXII_sims/install/dave_gz_world_plugins/share/dave_gz_world_plugins/cmake/dave_gz_world_pluginsConfig.cmake
[40.184s] -- Symlinking: /home/ironie/HornetXII_sims/install/dave_gz_world_plugins/share/dave_gz_world_plugins/cmake/dave_gz_world_pluginsConfig-version.cmake
[40.198s] -- Symlinking: /home/ironie/HornetXII_sims/install/dave_gz_world_plugins/share/dave_gz_world_plugins/package.xml
[40.210s] -- Installing: /home/ironie/HornetXII_sims/install/dave_gz_world_plugins/lib/libdave_gz_world_plugins-msgs.so.VERSION
[40.210s] -- Installing: /home/ironie/HornetXII_sims/install/dave_gz_world_plugins/lib/libdave_gz_world_plugins-msgs.so
[40.210s] -- Installing: /home/ironie/HornetXII_sims/install/dave_gz_world_plugins/lib/libOceanCurrentWorldPlugin.so
[40.212s] -- Set non-toolchain portion of runtime path of "/home/ironie/HornetXII_sims/install/dave_gz_world_plugins/lib/libOceanCurrentWorldPlugin.so" to ""
[40.212s] -- Installing: /home/ironie/HornetXII_sims/install/dave_gz_world_plugins/lib/libgauss_markov_process.so
[40.213s] -- Set non-toolchain portion of runtime path of "/home/ironie/HornetXII_sims/install/dave_gz_world_plugins/lib/libgauss_markov_process.so" to ""
[40.213s] -- Installing: /home/ironie/HornetXII_sims/install/dave_gz_world_plugins/lib/libtidal_oscillation.so
[40.213s] -- Set non-toolchain portion of runtime path of "/home/ironie/HornetXII_sims/install/dave_gz_world_plugins/lib/libtidal_oscillation.so" to ""
[40.213s] -- Up-to-date: /home/ironie/HornetXII_sims/install/dave_gz_world_plugins/lib/libdave_gz_world_plugins-msgs.so.VERSION
[40.214s] -- Up-to-date: /home/ironie/HornetXII_sims/install/dave_gz_world_plugins/lib/libdave_gz_world_plugins-msgs.so
[40.214s] -- Installing: /home/ironie/HornetXII_sims/install/dave_gz_world_plugins/share/dave_gz_world_plugins/cmake/export_dave_gz_world_pluginsExport.cmake
[40.214s] -- Installing: /home/ironie/HornetXII_sims/install/dave_gz_world_plugins/share/dave_gz_world_plugins/cmake/export_dave_gz_world_pluginsExport-noconfig.cmake
[40.217s] Invoked command in '/home/ironie/HornetXII_sims/build/dave_gz_world_plugins' returned '0': AMENT_PREFIX_PATH=/home/ironie/HornetXII_sims/install/dave_interfaces:${AMENT_PREFIX_PATH} CMAKE_PREFIX_PATH=/home/ironie/HornetXII_sims/install/dave_interfaces:/home/ironie/dave_ws/install/multibeam_sonar_system:/home/ironie/dave_ws/install/dave_worlds:/home/ironie/dave_ws/install/dave_sensor_models:/home/ironie/dave_ws/install/dave_robot_models:/home/ironie/dave_ws/install/dave_object_models:/home/ironie/dave_ws/install/dave_multibeam_sonar_demo:/home/ironie/dave_ws/install/dave_interfaces:/home/ironie/dave_ws/install/dave_demos:/home/ironie/dave_ws/install/auv_controls:/home/ironie/testGazebo/install/simulator:/opt/ros/jazzy/opt/gz_sim_vendor:/opt/ros/jazzy/opt/gz_sensors_vendor:/opt/ros/jazzy/opt/gz_physics_vendor:/opt/ros/jazzy/opt/sdformat_vendor:/opt/ros/jazzy/opt/gz_gui_vendor:/opt/ros/jazzy/opt/gz_transport_vendor:/opt/ros/jazzy/opt/gz_rendering_vendor:/opt/ros/jazzy/opt/gz_plugin_vendor:/opt/ros/jazzy/opt/gz_fuel_tools_vendor:/opt/ros/jazzy/opt/gz_msgs_vendor:/opt/ros/jazzy/opt/gz_common_vendor:/opt/ros/jazzy/opt/gz_math_vendor:/opt/ros/jazzy/opt/gz_utils_vendor:/opt/ros/jazzy/opt/gz_tools_vendor:/opt/ros/jazzy/opt/gz_ogre_next_vendor:/opt/ros/jazzy/opt/gz_dartsim_vendor:/opt/ros/jazzy/opt/gz_cmake_vendor:/home/ironie/assignment3/install/assignment3:/opt/ros/jazzy DEBUGINFOD_URLS=https://debuginfod.ubuntu.com LD_LIBRARY_PATH=/home/ironie/HornetXII_sims/install/dave_interfaces/lib:${LD_LIBRARY_PATH} PYTHONPATH=/home/ironie/HornetXII_sims/install/dave_interfaces/lib/python3.12/site-packages:${PYTHONPATH} /usr/bin/cmake --install /home/ironie/HornetXII_sims/build/dave_gz_world_plugins
